Component: ARM Compiler 5.06 update 7 (build 960) Tool: armlink [4d3601]

==============================================================================

Section Cross References

    startup_stm32h743xx.o(RESET) refers to startup_stm32h743xx.o(STACK) for __initial_sp
    startup_stm32h743xx.o(RESET) refers to startup_stm32h743xx.o(.text) for Reset_Handler
    startup_stm32h743xx.o(RESET) refers to stm32h7xx_it.o(i.NMI_Handler) for NMI_Handler
    startup_stm32h743xx.o(RESET) refers to stm32h7xx_it.o(i.HardFault_Handler) for HardFault_Handler
    startup_stm32h743xx.o(RESET) refers to stm32h7xx_it.o(i.MemManage_Handler) for MemManage_Handler
    startup_stm32h743xx.o(RESET) refers to stm32h7xx_it.o(i.BusFault_Handler) for BusFault_Handler
    startup_stm32h743xx.o(RESET) refers to stm32h7xx_it.o(i.UsageFault_Handler) for UsageFault_Handler
    startup_stm32h743xx.o(RESET) refers to stm32h7xx_it.o(i.SVC_Handler) for SVC_Handler
    startup_stm32h743xx.o(RESET) refers to stm32h7xx_it.o(i.DebugMon_Handler) for DebugMon_Handler
    startup_stm32h743xx.o(RESET) refers to stm32h7xx_it.o(i.PendSV_Handler) for PendSV_Handler
    startup_stm32h743xx.o(RESET) refers to stm32h7xx_it.o(i.SysTick_Handler) for SysTick_Handler
    startup_stm32h743xx.o(RESET) refers to usart.o(i.USART1_IRQHandler) for USART1_IRQHandler
    startup_stm32h743xx.o(RESET) refers to adc.o(i.DMA1_Stream7_IRQHandler) for DMA1_Stream7_IRQHandler
    startup_stm32h743xx.o(.text) refers to system_stm32h7xx.o(i.SystemInit) for SystemInit
    startup_stm32h743xx.o(.text) refers to entry.o(.ARM.Collect$$$$00000000) for __main
    main.o(i.lwip_test_ui) refers to lcd.o(i.lcd_show_string) for lcd_show_string
    main.o(i.lwip_test_ui) refers to printf8.o(i.__0sprintf$8) for __2sprintf
    main.o(i.lwip_test_ui) refers to ethernet.o(i.ethernet_chip_get_speed) for ethernet_chip_get_speed
    main.o(i.lwip_test_ui) refers to lcd.o(.bss) for lcddev
    main.o(i.lwip_test_ui) refers to lwip_comm.o(.bss) for g_lwipdev
    main.o(i.main) refers to mpu.o(i.mpu_memory_protection) for mpu_memory_protection
    main.o(i.main) refers to sys.o(i.sys_cache_enable) for sys_cache_enable
    main.o(i.main) refers to stm32h7xx_hal.o(i.HAL_Init) for HAL_Init
    main.o(i.main) refers to sys.o(i.sys_stm32_clock_init) for sys_stm32_clock_init
    main.o(i.main) refers to delay.o(i.delay_init) for delay_init
    main.o(i.main) refers to usart.o(i.usart_init) for usart_init
    main.o(i.main) refers to sdram.o(i.sdram_init) for sdram_init
    main.o(i.main) refers to led.o(i.led_init) for led_init
    main.o(i.main) refers to lcd.o(i.lcd_init) for lcd_init
    main.o(i.main) refers to key.o(i.key_init) for key_init
    main.o(i.main) refers to stm32h7xx_hal_gpio.o(i.HAL_GPIO_ReadPin) for HAL_GPIO_ReadPin
    main.o(i.main) refers to delay.o(i.delay_ms) for delay_ms
    main.o(i.main) refers to net_config.o(i.net_config_clear) for net_config_clear
    main.o(i.main) refers to lcd.o(i.lcd_clear) for lcd_clear
    main.o(i.main) refers to lcd.o(i.lcd_show_string) for lcd_show_string
    main.o(i.main) refers to sensor_adc_dma.o(i.sensor_adc_dma_get_bridge) for sensor_adc_dma_get_bridge
    main.o(i.main) refers to comm_lwip_tcp.o(i.comm_lwip_tcp_get_bridge) for comm_lwip_tcp_get_bridge
    main.o(i.main) refers to device_service.o(i.device_service_init) for device_service_init
    main.o(i.main) refers to stm32h7xx_hal_gpio.o(i.HAL_GPIO_TogglePin) for HAL_GPIO_TogglePin
    main.o(i.main) refers to pcf8574.o(i.pcf8574_init) for pcf8574_init
    main.o(i.main) refers to malloc.o(i.my_mem_init) for my_mem_init
    main.o(i.main) refers to main.o(i.lwip_test_ui) for lwip_test_ui
    main.o(i.main) refers to lcd.o(i.lcd_fill) for lcd_fill
    main.o(i.main) refers to lwip_comm.o(i.lwip_comm_init) for lwip_comm_init
    main.o(i.main) refers to comm_lwip_udp_discover.o(i.comm_lwip_udp_discover_init) for comm_lwip_udp_discover_init
    main.o(i.main) refers to printf8.o(i.__0printf$8) for __2printf
    main.o(i.main) refers to lwip_demo.o(i.lwip_demo) for lwip_demo
    main.o(i.main) refers to lwip_comm.o(i.lwip_periodic_handle) for lwip_periodic_handle
    main.o(i.main) refers to lwip_comm.o(i.lwip_pkt_handle) for lwip_pkt_handle
    main.o(i.main) refers to key.o(i.key_scan) for key_scan
    main.o(i.main) refers to lcd.o(.bss) for lcddev
    main.o(i.main) refers to lwip_demo.o(.data) for g_lwip_send_flag
    stm32h7xx_it.o(i.SysTick_Handler) refers to stm32h7xx_hal.o(i.HAL_IncTick) for HAL_IncTick
    system_stm32h7xx.o(i.SystemCoreClockUpdate) refers to system_stm32h7xx.o(.constdata) for D1CorePrescTable
    system_stm32h7xx.o(i.SystemCoreClockUpdate) refers to system_stm32h7xx.o(.data) for SystemD2Clock
    delay.o(i.delay_init) refers to stm32h7xx_hal_cortex.o(i.HAL_SYSTICK_CLKSourceConfig) for HAL_SYSTICK_CLKSourceConfig
    delay.o(i.delay_init) refers to delay.o(.data) for g_fac_us
    delay.o(i.delay_ms) refers to delay.o(i.delay_us) for delay_us
[...]
    tcp_seg_free                             0x0801a081   Thumb Code    26  tcp.o(i.tcp_seg_free)
    tcp_segs_free                            0x0801a09b   Thumb Code    24  tcp.o(i.tcp_segs_free)
    tcp_send_empty_ack                       0x0801a0b5   Thumb Code   194  tcp_out.o(i.tcp_send_empty_ack)
    tcp_send_fin                             0x0801a1ed   Thumb Code   104  tcp_out.o(i.tcp_send_fin)
    tcp_sent                                 0x0801a2c5   Thumb Code    42  tcp.o(i.tcp_sent)
    tcp_setprio                              0x0801a369   Thumb Code    14  tcp.o(i.tcp_setprio)
    tcp_slowtmr                              0x0801a379   Thumb Code  1666  tcp.o(i.tcp_slowtmr)
    tcp_split_unsent_seg                     0x0801aa89   Thumb Code   514  tcp_out.o(i.tcp_split_unsent_seg)
    tcp_timer_needed                         0x0801ad55   Thumb Code    38  timeouts.o(i.tcp_timer_needed)
    tcp_tmr                                  0x0801aec9   Thumb Code    30  tcp.o(i.tcp_tmr)
    tcp_trigger_input_pcb_close              0x0801aeed   Thumb Code    14  tcp_in.o(i.tcp_trigger_input_pcb_close)
    tcp_update_rcv_ann_wnd                   0x0801af01   Thumb Code   128  tcp.o(i.tcp_update_rcv_ann_wnd)
    tcp_write                                0x0801b011   Thumb Code  1866  tcp_out.o(i.tcp_write)
    tcp_zero_window_probe                    0x0801b95d   Thumb Code   238  tcp_out.o(i.tcp_zero_window_probe)
    udp_bind                                 0x0801bafd   Thumb Code   156  udp.o(i.udp_bind)
    udp_init                                 0x0801bba1   Thumb Code    20  udp.o(i.udp_init)
    udp_input                                0x0801bbb9   Thumb Code   408  udp.o(i.udp_input)
    udp_netif_ip_addr_changed                0x0801bf31   Thumb Code    42  udp.o(i.udp_netif_ip_addr_changed)
    udp_new                                  0x0801bf61   Thumb Code    28  udp.o(i.udp_new)
    udp_recv                                 0x0801bfd5   Thumb Code    16  udp.o(i.udp_recv)
    udp_remove                               0x0801bfe5   Thumb Code    74  udp.o(i.udp_remove)
    udp_sendto                               0x0801c035   Thumb Code    96  udp.o(i.udp_sendto)
    udp_sendto_if                            0x0801c095   Thumb Code   122  udp.o(i.udp_sendto_if)
    udp_sendto_if_src                        0x0801c111   Thumb Code   316  udp.o(i.udp_sendto_if_src)
    usart_init                               0x0801c2cd   Thumb Code    44  usart.o(i.usart_init)
    D1CorePrescTable                         0x0801c304   Data          16  system_stm32h7xx.o(.constdata)
    UARTPrescTable                           0x0801c31c   Data          24  stm32h7xx_hal_uart.o(.constdata)
    asc2_1206                                0x0801c334   Data        1140  lcd.o(.constdata)
    asc2_1608                                0x0801c7a8   Data        1520  lcd.o(.constdata)
    asc2_2412                                0x0801cd98   Data        3420  lcd.o(.constdata)
    asc2_3216                                0x0801daf4   Data        6080  lcd.o(.constdata)
    memtblsize                               0x0801f2b4   Data          24  malloc.o(.constdata)
    memblksize                               0x0801f2cc   Data          24  malloc.o(.constdata)
    memsize                                  0x0801f2e4   Data          24  malloc.o(.constdata)
    memp_UDP_PCB                             0x0801f2fc   Data          12  memp.o(.constdata)
    memp_TCP_PCB                             0x0801f308   Data          12  memp.o(.constdata)
    memp_TCP_PCB_LISTEN                      0x0801f314   Data          12  memp.o(.constdata)
    memp_TCP_SEG                             0x0801f320   Data          12  memp.o(.constdata)
    memp_REASSDATA                           0x0801f32c   Data          12  memp.o(.constdata)
    memp_FRAG_PBUF                           0x0801f338   Data          12  memp.o(.constdata)
    memp_SYS_TIMEOUT                         0x0801f344   Data          12  memp.o(.constdata)
    memp_PBUF                                0x0801f350   Data          12  memp.o(.constdata)
    memp_PBUF_POOL                           0x0801f35c   Data          12  memp.o(.constdata)
    memp_pools                               0x0801f368   Data          36  memp.o(.constdata)
    tcp_pcb_lists                            0x0801f3cc   Data          16  tcp.o(.constdata)
    lwip_cyclic_timers                       0x0801f3dc   Data          24  timeouts.o(.constdata)
    lwip_num_cyclic_timers                   0x0801f3f4   Data           4  timeouts.o(.constdata)
    ip_addr_any                              0x0801f3f8   Data           4  ip4_addr.o(.constdata)
    ip_addr_broadcast                        0x0801f3fc   Data           4  ip4_addr.o(.constdata)
    ethbroadcast                             0x0801f400   Data           6  ethernet_1.o(.constdata)
    ethzero                                  0x0801f406   Data           6  ethernet_1.o(.constdata)
    memp_RX_POOL                             0x0801f40c   Data          12  ethernetif.o(.constdata)
    __ctype_table                            0x0801f428   Data         129  ctype_o.o(.constdata)
    Region$$Table$$Base                      0x0801f688   Number         0  anon$$obj.o(Region$$Table)
    Region$$Table$$Limit                     0x0801f6a8   Number         0  anon$$obj.o(Region$$Table)
    SystemCoreClock                          0x24000000   Data           4  system_stm32h7xx.o(.data)
    SystemD2Clock                            0x24000004   Data           4  system_stm32h7xx.o(.data)
    __stdout                                 0x2400000c   Data           4  usart.o(.data)
    g_usart_rx_sta                           0x24000010   Data           2  usart.o(.data)
    g_rx_buffer                              0x24000012   Data           1  usart.o(.data)
    uwTick                                   0x24000014   Data           4  stm32h7xx_hal.o(.data)
    uwTickPrio                               0x24000018   Data           4  stm32h7xx_hal.o(.data)
    uwTickFreq                               0x2400001c   Data           1  stm32h7xx_hal.o(.data)
    g_point_color                            0x24000020   Data           4  lcd.o(.data)
    g_back_color                             0x24000024   Data           4  lcd.o(.data)
    g_ltdc_framebuf                          0x2400002c   Data           8  ltdc.o(.data)
    PHY_TYPE                                 0x24000034   Data           4  ethernet_chip.o(.data)
    ETH_CHIP_PHYSCSR                         0x24000038   Data           2  ethernet_chip.o(.data)
    ETH_CHIP_SPEED_STATUS                    0x2400003a   Data           2  ethernet_chip.o(.data)
    ETH_CHIP_DUPLEX_STATUS                   0x2400003c   Data           2  ethernet_chip.o(.data)
    g_adc_dma_sta                            0x2400003e   Data           1  adc.o(.data)
    mallco_dev                               0x24000040   Data          64  malloc.o(.data)
    netif_list                               0x240000b0   Data           4  netif.o(.data)
    netif_default                            0x240000b4   Data           4  netif.o(.data)
    tcp_ticks                                0x240000c0   Data           4  tcp.o(.data)
    tcp_bound_pcbs                           0x240000c4   Data           4  tcp.o(.data)
    tcp_listen_pcbs                          0x240000c8   Data           4  tcp.o(.data)
    tcp_active_pcbs                          0x240000cc   Data           4  tcp.o(.data)
    tcp_tw_pcbs                              0x240000d0   Data           4  tcp.o(.data)
    tcp_active_pcbs_changed                  0x240000d4   Data           1  tcp.o(.data)
    tcp_input_pcb                            0x24000100   Data           4  tcp_in.o(.data)
    udp_pcbs                                 0x24000114   Data           4  udp.o(.data)
    ETH_CHIP_IOCtx                           0x24000124   Data          20  ethernetif.o(.data)
    g_lwip_demo_sendbuf                      0x2400013c   Data           4  lwip_demo.o(.data)
    g_lwip_send_flag                         0x24000140   Data           1  lwip_demo.o(.data)
    g_usart_rx_buf                           0x2400016c   Data         200  usart.o(.bss)
    g_uart1_handle                           0x24000234   Data         144  usart.o(.bss)
    pFlash                                   0x240002c4   Data          28  stm32h7xx_hal_flash.o(.bss)
    g_sram_handle                            0x240002e0   Data          76  lcd.o(.bss)
    lcddev                                   0x2400032c   Data          14  lcd.o(.bss)
    g_sdram_handle                           0x2400033c   Data          52  sdram.o(.bss)
    g_ltdc_handle                            0x24000370   Data         168  ltdc.o(.bss)
    g_dma2d_handle                           0x24000418   Data         104  ltdc.o(.bss)
    lcdltdc                                  0x24000480   Data          32  ltdc.o(.bss)
    g_eth_handler                            0x240004a0   Data         136  ethernet.o(.bss)
    g_adc_handle                             0x24000528   Data         100  adc.o(.bss)
    g_adc_dma_handle                         0x2400058c   Data         100  adc.o(.bss)
    g_dma_adc_handle                         0x240005f0   Data         120  adc.o(.bss)
    g_dma_nch_adc_handle                     0x24000668   Data         120  adc.o(.bss)
    g_adc_nch_dma_handle                     0x240006e0   Data         100  adc.o(.bss)
    ip_data                                  0x2406ab80   Data          24  ip.o(.bss)
    ram_heap                                 0x2406ab98   Data       47123  mem.o(.bss)
    memp_memory_UDP_PCB_base                 0x240763ab   Data         195  memp.o(.bss)
    memp_memory_TCP_PCB_base                 0x2407646e   Data        1523  memp.o(.bss)
    memp_memory_TCP_PCB_LISTEN_base          0x24076a61   Data         143  memp.o(.bss)
    memp_memory_TCP_SEG_base                 0x24076af0   Data         131  memp.o(.bss)
    memp_memory_REASSDATA_base               0x24076b73   Data         163  memp.o(.bss)
    memp_memory_FRAG_PBUF_base               0x24076c16   Data         363  memp.o(.bss)
    memp_memory_SYS_TIMEOUT_base             0x24076d81   Data         163  memp.o(.bss)
    memp_memory_PBUF_base                    0x24076e24   Data         803  memp.o(.bss)
    memp_memory_PBUF_POOL_base               0x24077147   Data       12323  memp.o(.bss)
    TxConfig                                 0x2407a26c   Data          52  ethernetif.o(.bss)
    ETHCHIP                                  0x2407a2a0   Data          32  ethernetif.o(.bss)
    rx_pbuf                                  0x2407a2c0   Data          80  ethernetif.o(.bss)
    memp_memory_RX_POOL_base                 0x2407a310   Data         203  ethernetif.o(.bss)
    g_lwipdev                                0x2407a3dc   Data          26  lwip_comm.o(.bss)
    g_lwip_netif                             0x2407a3f8   Data          52  lwip_comm.o(.bss)
    g_lwip_demo_recvbuf                      0x2407a42c   Data        2000  lwip_demo.o(.bss)
    __initial_sp                             0x2407c490   Data           0  startup_stm32h743xx.o(STACK)
    g_eth_dma_rx_dscr_tab                    0x30040000   Data          96  ethernet.o(.ARM.__AT_0x30040000)
    g_eth_dma_tx_dscr_tab                    0x30040060   Data          96  ethernet.o(.ARM.__AT_0x30040060)
    Rx_Buff                                  0x30040200   Data        6112  ethernetif.o(.ARM.__AT_0x30040200)
    ltdc_lcd_framebuf                        0xc0000000   Data       2048000  ltdc.o(.ARM.__AT_0xC0000000)



==============================================================================

Memory Map of the image

  Image Entry point : 0x08000299

  Load Region LR_IROM1 (Base: 0x08000000, Size: 0x0001f814, Max: 0x00200000, ABSOLUTE, COMPRESSED[0x0001f70c])

    Execution Region ER_IROM1 (Exec base: 0x08000000, Load base: 0x08000000, Size: 0x0001f6a8, Max: 0x00200000, ABSOLUTE)

    Exec Addr    Load Addr    Size         Type   Attr      Idx    E Section Name        Object

    0x08000000   0x08000000   0x00000298   Data   RO            3    RESET               startup_stm32h743xx.o
    0x08000298   0x08000298   0x00000000   Code   RO        10099  * .ARM.Collect$$$$00000000  mc_w.l(entry.o)
    0x08000298   0x08000298   0x00000004   Code   RO        10420    .ARM.Collect$$$$00000001  mc_w.l(entry2.o)
    0x0800029c   0x0800029c   0x00000004   Code   RO        10423    .ARM.Collect$$$$00000004  mc_w.l(entry5.o)
    0x080002a0   0x080002a0   0x00000000   Code   RO        10425    .ARM.Collect$$$$00000008  mc_w.l(entry7b.o)
    0x080002a0   0x080002a0   0x00000000   Code   RO        10427    .ARM.Collect$$$$0000000A  mc_w.l(entry8b.o)
    0x080002a0   0x080002a0   0x00000008   Code   RO        10428    .ARM.Collect$$$$0000000B  mc_w.l(entry9a.o)
    0x080002a8   0x080002a8   0x00000004   Code   RO        10435    .ARM.Collect$$$$0000000E  mc_w.l(entry12b.o)
    0x080002ac   0x080002ac   0x00000000   Code   RO        10430    .ARM.Collect$$$$0000000F  mc_w.l(entry10a.o)
    0x080002ac   0x080002ac   0x00000000   Code   RO        10432    .ARM.Collect$$$$00000011  mc_w.l(entry11a.o)
    0x080002ac   0x080002ac   0x00000004   Code   RO        10421    .ARM.Collect$$$$00002712  mc_w.l(entry2.o)
    0x080002b0   0x080002b0   0x00000034   Code   RO            4    .text               startup_stm32h743xx.o
    0x080002e4   0x080002e4   0x00000062   Code   RO        10102    .text               mc_w.l(uldiv.o)
    0x08000346   0x08000346   0x00000002   PAD
    0x08000348   0x08000348   0x00000008   Code   RO        10104    .text               mc_w.l(ctype_o.o)
    0x08000350   0x08000350   0x00000024   Code   RO        10132    .text               mc_w.l(rand.o)
    0x08000374   0x08000374   0x00000040   Code   RO        10137    .text               mc_w.l(memmovea.o)
    0x080003b4   0x080003b4   0x00000024   Code   RO        10139    .text               mc_w.l(memseta.o)
    0x080003d8   0x080003d8   0x00000024   Code   RO        10141    .text               mc_w.l(strstr.o)
    0x080003fc   0x080003fc   0x0000000e   Code   RO        10143    .text               mc_w.l(strlen.o)
    0x0800040a   0x0800040a   0x0000001c   Code   RO        10145    .text               mc_w.l(strcmp.o)
    0x08000426   0x08000426   0x0000001a   Code   RO        10147    .text               mc_w.l(memcmp.o)
    0x08000440   0x08000440   0x0000001e   Code   RO        10149    .text               mc_w.l(strncmp.o)
    0x0800045e   0x0800045e   0x00000072   Code   RO        10416    .text               mc_w.l(strtoul.o)
    0x080004d0   0x080004d0   0x0000001e   Code   RO        10438    .text               mc_w.l(llshl.o)
    0x080004ee   0x080004ee   0x00000020   Code   RO        10440    .text               mc_w.l(llushr.o)
    0x0800050e   0x0800050e   0x0000009e   Code   RO        10449    .text               mc_w.l(_strtoul.o)
    0x080005ac   0x080005ac   0x00000024   Code   RO        10464    .text               mc_w.l(init.o)
    0x080005d0   0x080005d0   0x0000001c   Code   RO        10468    .text               mc_w.l(_chval.o)
    0x080005ec   0x080005ec   0x00000056   Code   RO        10480    .text               mc_w.l(__dczerorl2.o)
    0x08000642   0x08000642   0x00000002   PAD
    0x08000644   0x08000644   0x00000160   Code   RO         5502    i.ADC_ConfigureBoostMode  stm32h7xx_hal_adc.o
    0x080007a4   0x080007a4   0x00000092   Code   RO         5504    i.ADC_DMAConvCplt   stm32h7xx_hal_adc.o
    0x08000836   0x08000836   0x0000001e   Code   RO         5505    i.ADC_DMAError      stm32h7xx_hal_adc.o
    0x08000854   0x08000854   0x0000000e   Code   RO         5506    i.ADC_DMAHalfConvCplt  stm32h7xx_hal_adc.o
    0x08000862   0x08000862   0x00000002   PAD
    0x08000864   0x08000864   0x00000094   Code   RO         5507    i.ADC_Disable       stm32h7xx_hal_adc.o
    0x080008f8   0x080008f8   0x000000cc   Code   RO         5508    i.ADC_Enable        stm32h7xx_hal_adc.o
    0x080009c4   0x080009c4   0x00000004   Code   RO          559    i.BusFault_Handler  stm32h7xx_it.o
    0x080009c8   0x080009c8   0x0000002c   Code   RO         7187    i.DMA1_Stream7_IRQHandler  adc.o
    0x080009f4   0x080009f4   0x000000ec   Code   RO         1555    i.DMA_CalcBaseAndBitshift  stm32h7xx_hal_dma.o
    0x08000ae0   0x08000ae0   0x000000c4   Code   RO         1556    i.DMA_CalcDMAMUXChannelBaseAndMask  stm32h7xx_hal_dma.o
    0x08000ba4   0x08000ba4   0x00000098   Code   RO         1557    i.DMA_CalcDMAMUXRequestGenBaseAndMask  stm32h7xx_hal_dma.o
    0x08000c3c   0x08000c3c   0x000000ae   Code   RO         1558    i.DMA_CheckFifoParam  stm32h7xx_hal_dma.o
    0x08000cea   0x08000cea   0x00000002   PAD
    0x08000cec   0x08000cec   0x00000274   Code   RO         1559    i.DMA_SetConfig     stm32h7xx_hal_dma.o
    0x08000f60   0x08000f60   0x00000002   Code   RO          560    i.DebugMon_Handler  stm32h7xx_it.o
    0x08000f62   0x08000f62   0x00000060   Code   RO         5047    i.ETH_DMARxDescListInit  stm32h7xx_hal_eth.o
    0x08000fc2   0x08000fc2   0x00000052   Code   RO         5048    i.ETH_DMATxDescListInit  stm32h7xx_hal_eth.o
    0x08001014   0x08001014   0x00000106   Code   RO         5049    i.ETH_MACDMAConfig  stm32h7xx_hal_eth.o
    0x0800111a   0x0800111a   0x00000002   PAD
    0x0800111c   0x0800111c   0x00000078   Code   RO         5050    i.ETH_MAC_MDIO_ClkConfig  stm32h7xx_hal_eth.o
    0x08001194   0x08001194   0x00000004   Code   RO         9258    i.ETH_PHY_IO_DeInit  ethernetif.o
    0x08001198   0x08001198   0x00000008   Code   RO         9259    i.ETH_PHY_IO_GetTick  ethernetif.o
    0x080011a0   0x080011a0   0x00000010   Code   RO         9260    i.ETH_PHY_IO_Init   ethernetif.o
    0x080011b0   0x080011b0   0x00000024   Code   RO         9261    i.ETH_PHY_IO_ReadReg  ethernetif.o
    0x080011d4   0x080011d4   0x00000024   Code   RO         9262    i.ETH_PHY_IO_WriteReg  ethernetif.o
    0x080011f8   0x080011f8   0x00000380   Code   RO         5051    i.ETH_Prepare_Tx_Descriptors  stm32h7xx_hal_eth.o
    0x08001578   0x08001578   0x000000bc   Code   RO         5052    i.ETH_SetDMAConfig  stm32h7xx_hal_eth.o
    0x08001634   0x08001634   0x00000194   Code   RO         5053    i.ETH_SetMACConfig  stm32h7xx_hal_eth.o
    0x080017c8   0x080017c8   0x00000060   Code   RO         6138    i.FLASH_Erase_Sector  stm32h7xx_hal_flash_ex.o
    0x08001828   0x08001828   0x000000a0   Code   RO         6139    i.FLASH_MassErase   stm32h7xx_hal_flash_ex.o
    0x080018c8   0x080018c8   0x00000104   Code   RO         6030    i.FLASH_WaitForLastOperation  stm32h7xx_hal_flash.o
    0x080019cc   0x080019cc   0x00000044   Code   RO         4175    i.FMC_NORSRAM_Extended_Timing_Init  stm32h7xx_ll_fmc.o
    0x08001a10   0x08001a10   0x000000a4   Code   RO         4176    i.FMC_NORSRAM_Init  stm32h7xx_ll_fmc.o
    0x08001ab4   0x08001ab4   0x00000066   Code   RO         4177    i.FMC_NORSRAM_Timing_Init  stm32h7xx_ll_fmc.o
    0x08001b1a   0x08001b1a   0x0000006c   Code   RO         4182    i.FMC_SDRAM_Init    stm32h7xx_ll_fmc.o
    0x08001b86   0x08001b86   0x00000014   Code   RO         4183    i.FMC_SDRAM_ProgramRefreshRate  stm32h7xx_ll_fmc.o
    0x08001b9a   0x08001b9a   0x00000026   Code   RO         4184    i.FMC_SDRAM_SendCommand  stm32h7xx_ll_fmc.o
    0x08001bc0   0x08001bc0   0x00000094   Code   RO         4186    i.FMC_SDRAM_Timing_Init  stm32h7xx_ll_fmc.o
    0x08001c54   0x08001c54   0x000000b8   Code   RO         5764    i.HAL_ADCEx_Calibration_Start  stm32h7xx_hal_adc_ex.o
    0x08001d0c   0x08001d0c   0x00000544   Code   RO         5510    i.HAL_ADC_ConfigChannel  stm32h7xx_hal_adc.o
    0x08002250   0x08002250   0x00000002   Code   RO         5511    i.HAL_ADC_ConvCpltCallback  stm32h7xx_hal_adc.o
    0x08002252   0x08002252   0x00000002   Code   RO         5512    i.HAL_ADC_ConvHalfCpltCallback  stm32h7xx_hal_adc.o
    0x08002254   0x08002254   0x00000002   Code   RO         5514    i.HAL_ADC_ErrorCallback  stm32h7xx_hal_adc.o
    0x08002256   0x08002256   0x00000002   PAD
    0x08002258   0x08002258   0x0000028c   Code   RO         5519    i.HAL_ADC_Init      stm32h7xx_hal_adc.o
    0x080024e4   0x080024e4   0x0000008c   Code   RO         7188    i.HAL_ADC_MspInit   adc.o
    0x08002570   0x08002570   0x00000134   Code   RO         5526    i.HAL_ADC_Start_DMA  stm32h7xx_hal_adc.o
    0x080026a4   0x080026a4   0x000004dc   Code   RO         1560    i.HAL_DMA_Abort     stm32h7xx_hal_dma.o
    0x08002b80   0x08002b80   0x00000398   Code   RO         1561    i.HAL_DMA_Abort_IT  stm32h7xx_hal_dma.o
    0x08002f18   0x08002f18   0x00000520   Code   RO         1566    i.HAL_DMA_Init      stm32h7xx_hal_dma.o
    0x08003438   0x08003438   0x000003e0   Code   RO         1570    i.HAL_DMA_Start_IT  stm32h7xx_hal_dma.o
    0x08003818   0x08003818   0x00000028   Code   RO         1104    i.HAL_Delay         stm32h7xx_hal.o
    0x08003840   0x08003840   0x00000082   Code   RO         5054    i.HAL_ETH_BuildRxDescriptors  stm32h7xx_hal_eth.o
    0x080038c2   0x080038c2   0x00000040   Code   RO         5057    i.HAL_ETH_DescAssignMemory  stm32h7xx_hal_eth.o
    0x08003902   0x08003902   0x000001d6   Code   RO         5064    i.HAL_ETH_GetMACConfig  stm32h7xx_hal_eth.o
    0x08003ad8   0x08003ad8   0x000000c0   Code   RO         5068    i.HAL_ETH_GetRxDataBuffer  stm32h7xx_hal_eth.o
    0x08003b98   0x08003b98   0x00000040   Code   RO         5070    i.HAL_ETH_GetRxDataLength  stm32h7xx_hal_eth.o
    0x08003bd8   0x08003bd8   0x00000150   Code   RO         5073    i.HAL_ETH_Init      stm32h7xx_hal_eth.o
    0x08003d28   0x08003d28   0x00000112   Code   RO         5074    i.HAL_ETH_IsRxDataAvailable  stm32h7xx_hal_eth.o
    0x08003e3a   0x08003e3a   0x00000002   PAD
    0x08003e3c   0x08003e3c   0x00000250   Code   RO         6861    i.HAL_ETH_MspInit   ethernet.o
    0x0800408c   0x0800408c   0x00000078   Code   RO         5079    i.HAL_ETH_ReadPHYRegister  stm32h7xx_hal_eth.o
    0x08004104   0x08004104   0x00000022   Code   RO         5083    i.HAL_ETH_SetMACConfig  stm32h7xx_hal_eth.o
    0x08004126   0x08004126   0x00000002   PAD
    0x08004128   0x08004128   0x00000078   Code   RO         5085    i.HAL_ETH_SetMDIOClockRange  stm32h7xx_hal_eth.o
    0x080041a0   0x080041a0   0x0000008c   Code   RO         5089    i.HAL_ETH_Start     stm32h7xx_hal_eth.o
    0x0800422c   0x0800422c   0x000000d2   Code   RO         5093    i.HAL_ETH_Transmit  stm32h7xx_hal_eth.o
    0x080042fe   0x080042fe   0x00000002   PAD
    0x08004300   0x08004300   0x00000080   Code   RO         5097    i.HAL_ETH_WritePHYRegister  stm32h7xx_hal_eth.o
    0x08004380   0x08004380   0x00000014   Code   RO         1111    i.HAL_EnableCompensationCell  stm32h7xx_hal.o
    0x08004394   0x08004394   0x0000013c   Code   RO         6156    i.HAL_FLASHEx_Erase  stm32h7xx_hal_flash_ex.o
    0x080044d0   0x080044d0   0x00000044   Code   RO         6034    i.HAL_FLASH_Lock    stm32h7xx_hal_flash.o
    0x08004514   0x08004514   0x0000012c   Code   RO         6039    i.HAL_FLASH_Program  stm32h7xx_hal_flash.o
    0x08004640   0x08004640   0x00000060   Code   RO         6041    i.HAL_FLASH_Unlock  stm32h7xx_hal_flash.o
    0x080046a0   0x080046a0   0x000001fc   Code   RO         1745    i.HAL_GPIO_Init     stm32h7xx_hal_gpio.o
    0x0800489c   0x0800489c   0x00000010   Code   RO         1747    i.HAL_GPIO_ReadPin  stm32h7xx_hal_gpio.o
    0x080048ac   0x080048ac   0x00000014   Code   RO         1748    i.HAL_GPIO_TogglePin  stm32h7xx_hal_gpio.o
    0x080048c0   0x080048c0   0x0000000c   Code   RO         1749    i.HAL_GPIO_WritePin  stm32h7xx_hal_gpio.o
    0x080048cc   0x080048cc   0x0000000c   Code   RO         1115    i.HAL_GetREVID      stm32h7xx_hal.o
    0x080048d8   0x080048d8   0x0000000c   Code   RO         1116    i.HAL_GetTick       stm32h7xx_hal.o
    0x080048e4   0x080048e4   0x00000018   Code   RO         1122    i.HAL_IncTick       stm32h7xx_hal.o
    0x080048fc   0x080048fc   0x00000060   Code   RO         1123    i.HAL_Init          stm32h7xx_hal.o
    0x0800495c   0x0800495c   0x00000058   Code   RO         1124    i.HAL_InitTick      stm32h7xx_hal.o
    0x080049b4   0x080049b4   0x0000005e   Code   RO         4633    i.HAL_LTDC_ConfigLayer  stm32h7xx_hal_ltdc.o
    0x08004a12   0x08004a12   0x00000002   PAD
    0x08004a14   0x08004a14   0x00000118   Code   RO         4650    i.HAL_LTDC_Init     stm32h7xx_hal_ltdc.o
    0x08004b2c   0x08004b2c   0x00000198   Code   RO         6708    i.HAL_LTDC_MspInit  ltdc.o
    0x08004cc4   0x08004cc4   0x0000006c   Code   RO         4665    i.HAL_LTDC_SetWindowPosition  stm32h7xx_hal_ltdc.o
    0x08004d30   0x08004d30   0x0000006c   Code   RO         4667    i.HAL_LTDC_SetWindowSize  stm32h7xx_hal_ltdc.o
    0x08004d9c   0x08004d9c   0x0000005c   Code   RO         1410    i.HAL_MPU_ConfigRegion  stm32h7xx_hal_cortex.o
    0x08004df8   0x08004df8   0x0000002c   Code   RO         1411    i.HAL_MPU_Disable   stm32h7xx_hal_cortex.o
    0x08004e24   0x08004e24   0x00000040   Code   RO         1412    i.HAL_MPU_Enable    stm32h7xx_hal_cortex.o
    0x08004e64   0x08004e64   0x00000002   Code   RO         1126    i.HAL_MspInit       stm32h7xx_hal.o
    0x08004e66   0x08004e66   0x00000028   Code   RO         1415    i.HAL_NVIC_EnableIRQ  stm32h7xx_hal_cortex.o
    0x08004e8e   0x08004e8e   0x0000007a   Code   RO         1421    i.HAL_NVIC_SetPriority  stm32h7xx_hal_cortex.o
    0x08004f08   0x08004f08   0x00000028   Code   RO         1422    i.HAL_NVIC_SetPriorityGrouping  stm32h7xx_hal_cortex.o
    0x08004f30   0x08004f30   0x00000014   Code   RO         1950    i.HAL_PWREx_EnableUSBVoltageDetector  stm32h7xx_hal_pwr_ex.o
    0x08004f44   0x08004f44   0x00000024   Code   RO         2302    i.HAL_RCCEx_GetD3PCLK1Freq  stm32h7xx_hal_rcc_ex.o
    0x08004f68   0x08004f68   0x00000230   Code   RO         2303    i.HAL_RCCEx_GetPLL1ClockFreq  stm32h7xx_hal_rcc_ex.o
    0x08005198   0x08005198   0x00000230   Code   RO         2304    i.HAL_RCCEx_GetPLL2ClockFreq  stm32h7xx_hal_rcc_ex.o
    0x080053c8   0x080053c8   0x00000230   Code   RO         2305    i.HAL_RCCEx_GetPLL3ClockFreq  stm32h7xx_hal_rcc_ex.o
    0x080055f8   0x080055f8   0x00000754   Code   RO         2307    i.HAL_RCCEx_GetPeriphCLKFreq  stm32h7xx_hal_rcc_ex.o
    0x08005d4c   0x08005d4c   0x00000b64   Code   RO         2311    i.HAL_RCCEx_PeriphCLKConfig  stm32h7xx_hal_rcc_ex.o
    0x080068b0   0x080068b0   0x00000320   Code   RO         2187    i.HAL_RCC_ClockConfig  stm32h7xx_hal_rcc.o
    0x08006bd0   0x08006bd0   0x0000004c   Code   RO         2192    i.HAL_RCC_GetHCLKFreq  stm32h7xx_hal_rcc.o
    0x08006c1c   0x08006c1c   0x00000024   Code   RO         2194    i.HAL_RCC_GetPCLK1Freq  stm32h7xx_hal_rcc.o
    0x08006c40   0x08006c40   0x00000024   Code   RO         2195    i.HAL_RCC_GetPCLK2Freq  stm32h7xx_hal_rcc.o
    0x08006c64   0x08006c64   0x0000022c   Code   RO         2196    i.HAL_RCC_GetSysClockFreq  stm32h7xx_hal_rcc.o
    0x08006e90   0x08006e90   0x00000808   Code   RO         2199    i.HAL_RCC_OscConfig  stm32h7xx_hal_rcc.o
    0x08007698   0x08007698   0x00000050   Code   RO         4465    i.HAL_SDRAM_Init    stm32h7xx_hal_sdram.o
    0x080076e8   0x080076e8   0x0000011c   Code   RO         6640    i.HAL_SDRAM_MspInit  sdram.o
    0x08007804   0x08007804   0x00000036   Code   RO         4468    i.HAL_SDRAM_ProgramRefreshRate  stm32h7xx_hal_sdram.o
    0x0800783a   0x0800783a   0x0000004e   Code   RO         4474    i.HAL_SDRAM_SendCommand  stm32h7xx_hal_sdram.o
    0x08007888   0x08007888   0x00000070   Code   RO         4036    i.HAL_SRAM_Init     stm32h7xx_hal_sram.o
    0x080078f8   0x080078f8   0x00000098   Code   RO         6331    i.HAL_SRAM_MspInit  lcd.o
    0x08007990   0x08007990   0x00000014   Code   RO         1135    i.HAL_SYSCFG_ETHInterfaceSelect  stm32h7xx_hal.o
    0x080079a4   0x080079a4   0x00000028   Code   RO         1424    i.HAL_SYSTICK_CLKSourceConfig  stm32h7xx_hal_cortex.o
    0x080079cc   0x080079cc   0x00000034   Code   RO         1426    i.HAL_SYSTICK_Config  stm32h7xx_hal_cortex.o
    0x08007a00   0x08007a00   0x00000002   Code   RO         2481    i.HAL_UARTEx_RxEventCallback  stm32h7xx_hal_uart.o
    0x08007a02   0x08007a02   0x00000002   Code   RO         2904    i.HAL_UARTEx_RxFifoFullCallback  stm32h7xx_hal_uart_ex.o
    0x08007a04   0x08007a04   0x00000002   Code   RO         2908    i.HAL_UARTEx_TxFifoEmptyCallback  stm32h7xx_hal_uart_ex.o
    0x08007a06   0x08007a06   0x00000002   Code   RO         2909    i.HAL_UARTEx_WakeupCallback  stm32h7xx_hal_uart_ex.o
    0x08007a08   0x08007a08   0x00000002   Code   RO         2497    i.HAL_UART_ErrorCallback  stm32h7xx_hal_uart.o
    0x08007a0a   0x08007a0a   0x00000002   PAD
    0x08007a0c   0x08007a0c   0x00000458   Code   RO         2500    i.HAL_UART_IRQHandler  stm32h7xx_hal_uart.o
    0x08007e64   0x08007e64   0x00000078   Code   RO         2501    i.HAL_UART_Init     stm32h7xx_hal_uart.o
    0x08007edc   0x08007edc   0x000000c0   Code   RO         1020    i.HAL_UART_MspInit  usart.o
    0x08007f9c   0x08007f9c   0x00000074   Code   RO         2506    i.HAL_UART_Receive_IT  stm32h7xx_hal_uart.o
    0x08008010   0x08008010   0x0000009c   Code   RO         1021    i.HAL_UART_RxCpltCallback  usart.o
    0x080080ac   0x080080ac   0x00000002   Code   RO         2513    i.HAL_UART_TxCpltCallback  stm32h7xx_hal_uart.o
    0x080080ae   0x080080ae   0x00000004   Code   RO          561    i.HardFault_Handler  stm32h7xx_it.o
    0x080080b2   0x080080b2   0x00000002   PAD
    0x080080b4   0x080080b4   0x00000010   Code   RO         5531    i.LL_ADC_Enable     stm32h7xx_hal_adc.o
    0x080080c4   0x080080c4   0x0000000a   Code   RO         5533    i.LL_ADC_GetMultimode  stm32h7xx_hal_adc.o
    0x080080ce   0x080080ce   0x0000000a   Code   RO         5534    i.LL_ADC_INJ_IsConversionOngoing  stm32h7xx_hal_adc.o
    0x080080d8   0x080080d8   0x0000000a   Code   RO         5535    i.LL_ADC_IsDisableOngoing  stm32h7xx_hal_adc.o
    0x080080e2   0x080080e2   0x0000000a   Code   RO         5536    i.LL_ADC_IsEnabled  stm32h7xx_hal_adc.o
    0x080080ec   0x080080ec   0x0000000a   Code   RO         5537    i.LL_ADC_IsInternalRegulatorEnabled  stm32h7xx_hal_adc.o
    0x080080f6   0x080080f6   0x0000000a   Code   RO         5538    i.LL_ADC_REG_IsConversionOngoing  stm32h7xx_hal_adc.o
    0x08008100   0x08008100   0x00000012   Code   RO         5539    i.LL_ADC_REG_IsTriggerSourceSWStart  stm32h7xx_hal_adc.o
    0x08008112   0x08008112   0x00000002   PAD
    0x08008114   0x08008114   0x00000010   Code   RO         5540    i.LL_ADC_REG_StartConversion  stm32h7xx_hal_adc.o
    0x08008124   0x08008124   0x00000028   Code   RO         5542    i.LL_ADC_SetChannelSamplingTime  stm32h7xx_hal_adc.o
    0x0800814c   0x0800814c   0x0000000c   Code   RO         5543    i.LL_ADC_SetCommonPathInternalCh  stm32h7xx_hal_adc.o
    0x08008158   0x08008158   0x00000210   Code   RO         4669    i.LTDC_SetConfig    stm32h7xx_hal_ltdc.o
    0x08008368   0x08008368   0x00000004   Code   RO          562    i.MemManage_Handler  stm32h7xx_it.o
    0x0800836c   0x0800836c   0x00000054   Code   RO         6862    i.NETMPU_Config     ethernet.o
    0x080083c0   0x080083c0   0x00000004   Code   RO          563    i.NMI_Handler       stm32h7xx_it.o
    0x080083c4   0x080083c4   0x00000002   Code   RO          564    i.PendSV_Handler    stm32h7xx_it.o
    0x080083c6   0x080083c6   0x00000002   PAD
    0x080083c8   0x080083c8   0x00000164   Code   RO         2314    i.RCCEx_PLL2_Config  stm32h7xx_hal_rcc_ex.o
    0x0800852c   0x0800852c   0x00000164   Code   RO         2315    i.RCCEx_PLL3_Config  stm32h7xx_hal_rcc_ex.o
    0x08008690   0x08008690   0x00000002   Code   RO          565    i.SVC_Handler       stm32h7xx_it.o
    0x08008692   0x08008692   0x00000008   Code   RO          566    i.SysTick_Handler   stm32h7xx_it.o
    0x0800869a   0x0800869a   0x00000002   PAD
    0x0800869c   0x0800869c   0x000000fc   Code   RO          861    i.SystemInit        system_stm32h7xx.o
    0x08008798   0x08008798   0x000000f8   Code   RO         2515    i.UART_AdvFeatureConfig  stm32h7xx_hal_uart.o
    0x08008890   0x08008890   0x00000076   Code   RO         2516    i.UART_CheckIdleState  stm32h7xx_hal_uart.o
    0x08008906   0x08008906   0x00000018   Code   RO         2517    i.UART_DMAAbortOnError  stm32h7xx_hal_uart.o
    0x0800891e   0x0800891e   0x00000002   PAD
    0x08008920   0x08008920   0x0000006c   Code   RO         2527    i.UART_EndRxTransfer  stm32h7xx_hal_uart.o
    0x0800898c   0x0800898c   0x00000030   Code   RO         2528    i.UART_EndTransmit_IT  stm32h7xx_hal_uart.o
    0x080089bc   0x080089bc   0x000000d2   Code   RO         2530    i.UART_RxISR_16BIT  stm32h7xx_hal_uart.o
    0x08008a8e   0x08008a8e   0x00000002   PAD
    0x08008a90   0x08008a90   0x000001c8   Code   RO         2531    i.UART_RxISR_16BIT_FIFOEN  stm32h7xx_hal_uart.o
    0x08008c58   0x08008c58   0x000000ce   Code   RO         2532    i.UART_RxISR_8BIT   stm32h7xx_hal_uart.o
    0x08008d26   0x08008d26   0x00000002   PAD
    0x08008d28   0x08008d28   0x000001c8   Code   RO         2533    i.UART_RxISR_8BIT_FIFOEN  stm32h7xx_hal_uart.o
    0x08008ef0   0x08008ef0   0x0000058c   Code   RO         2534    i.UART_SetConfig    stm32h7xx_hal_uart.o
    0x0800947c   0x0800947c   0x00000170   Code   RO         2536    i.UART_Start_Receive_IT  stm32h7xx_hal_uart.o
    0x080095ec   0x080095ec   0x000000fe   Code   RO         2541    i.UART_WaitOnFlagUntilTimeout  stm32h7xx_hal_uart.o
    0x080096ea   0x080096ea   0x00000002   PAD
    0x080096ec   0x080096ec   0x00000010   Code   RO         1022    i.USART1_IRQHandler  usart.o
    0x080096fc   0x080096fc   0x00000004   Code   RO          567    i.UsageFault_Handler  stm32h7xx_it.o
    0x08009700   0x08009700   0x00000020   Code   RO        10362    i.__0printf$8       mc_w.l(printf8.o)
    0x08009720   0x08009720   0x00000034   Code   RO        10363    i.__0snprintf$8     mc_w.l(printf8.o)
    0x08009754   0x08009754   0x00000028   Code   RO        10364    i.__0sprintf$8      mc_w.l(printf8.o)
    0x0800977c   0x0800977c   0x00000010   Code   RO         1428    i.__NVIC_GetPriorityGrouping  stm32h7xx_hal_cortex.o
    0x0800978c   0x0800978c   0x00000028   Code   RO         1429    i.__NVIC_SetPriority  stm32h7xx_hal_cortex.o
    0x080097b4   0x080097b4   0x00000008   Code   RO        10442    i.__aeabi_errno_addr  mc_w.l(errno.o)
    0x080097bc   0x080097bc   0x0000000e   Code   RO        10474    i.__scatterload_copy  mc_w.l(handlers.o)
    0x080097ca   0x080097ca   0x00000002   Code   RO        10475    i.__scatterload_null  mc_w.l(handlers.o)
    0x080097cc   0x080097cc   0x0000000e   Code   RO        10476    i.__scatterload_zeroinit  mc_w.l(handlers.o)
    0x080097da   0x080097da   0x00000002   PAD
    0x080097dc   0x080097dc   0x00000404   Code   RO        10369    i._printf_core      mc_w.l(printf8.o)
    0x08009be0   0x08009be0   0x00000024   Code   RO        10370    i._printf_post_padding  mc_w.l(printf8.o)
    0x08009c04   0x08009c04   0x0000002e   Code   RO        10371    i._printf_pre_padding  mc_w.l(printf8.o)
    0x08009c32   0x08009c32   0x00000016   Code   RO        10372    i._snputc           mc_w.l(printf8.o)
    0x08009c48   0x08009c48   0x0000000a   Code   RO        10373    i._sputc            mc_w.l(printf8.o)
    0x08009c52   0x08009c52   0x00000002   PAD
    0x08009c54   0x08009c54   0x00000064   Code   RO         7189    i.adc_dma_enable    adc.o
    0x08009cb8   0x08009cb8   0x00000194   Code   RO         7190    i.adc_dma_init      adc.o
    0x08009e4c   0x08009e4c   0x00000008   Code   RO         9779    i.comm_lwip_tcp_get_bridge  comm_lwip_tcp.o
    0x08009e54   0x08009e54   0x00000014   Code   RO         9780    i.comm_lwip_tcp_is_connected_impl  comm_lwip_tcp.o
    0x08009e68   0x08009e68   0x00000010   Code   RO         9781    i.comm_lwip_tcp_on_receive  comm_lwip_tcp.o
    0x08009e78   0x08009e78   0x00000050   Code   RO         9782    i.comm_lwip_tcp_send_impl  comm_lwip_tcp.o
    0x08009ec8   0x08009ec8   0x0000000c   Code   RO         9783    i.comm_lwip_tcp_set_client  comm_lwip_tcp.o
    0x08009ed4   0x08009ed4   0x000000b4   Code   RO         9822    i.comm_lwip_udp_discover_format_reply  comm_lwip_udp_discover.o
    0x08009f88   0x08009f88   0x00000070   Code   RO         9823    i.comm_lwip_udp_discover_init  comm_lwip_udp_discover.o
    0x08009ff8   0x08009ff8   0x00000084   Code   RO         9824    i.comm_lwip_udp_discover_is_request  comm_lwip_udp_discover.o
    0x0800a07c   0x0800a07c   0x00000088   Code   RO         9825    i.comm_lwip_udp_discover_on_receive  comm_lwip_udp_discover.o
    0x0800a104   0x0800a104   0x00000044   Code   RO         9826    i.comm_lwip_udp_discover_send_reply  comm_lwip_udp_discover.o
    0x0800a148   0x0800a148   0x00000014   Code   RO          897    i.delay_init        delay.o
    0x0800a15c   0x0800a15c   0x00000032   Code   RO          898    i.delay_ms          delay.o
    0x0800a18e   0x0800a18e   0x00000002   PAD
    0x0800a190   0x0800a190   0x00000048   Code   RO          899    i.delay_us          delay.o
    0x0800a1d8   0x0800a1d8   0x00000028   Code   RO         9592    i.device_service_apply_config_to_ram  device_service.o
    0x0800a200   0x0800a200   0x0000009c   Code   RO         9593    i.device_service_format_current_net  device_service.o
    0x0800a29c   0x0800a29c   0x00000016   Code   RO         9594    i.device_service_handle_get_net  device_service.o
    0x0800a2b2   0x0800a2b2   0x00000002   PAD
    0x0800a2b4   0x0800a2b4   0x0000017c   Code   RO         9595    i.device_service_handle_line  device_service.o
    0x0800a430   0x0800a430   0x00000060   Code   RO         9596    i.device_service_handle_reset_net  device_service.o
    0x0800a490   0x0800a490   0x00000110   Code   RO         9597    i.device_service_handle_set_net  device_service.o
    0x0800a5a0   0x0800a5a0   0x0000004c   Code   RO         9598    i.device_service_init  device_service.o
    0x0800a5ec   0x0800a5ec   0x00000158   Code   RO         9599    i.device_service_on_rx  device_service.o
    0x0800a744   0x0800a744   0x00000030   Code   RO         9600    i.device_service_parse_field_ip  device_service.o
    0x0800a774   0x0800a774   0x0000007a   Code   RO         9601    i.device_service_parse_field_u16  device_service.o
    0x0800a7ee   0x0800a7ee   0x0000007a   Code   RO         9602    i.device_service_parse_ipv4  device_service.o
    0x0800a868   0x0800a868   0x00000098   Code   RO         9603    i.device_service_poll  device_service.o
    0x0800a900   0x0800a900   0x0000004c   Code   RO         9604    i.device_service_reboot_after_reply  device_service.o
    0x0800a94c   0x0800a94c   0x00000030   Code   RO         9605    i.device_service_send_text  device_service.o
    0x0800a97c   0x0800a97c   0x000000a4   Code   RO         7677    i.do_memp_free_pool  memp.o
    0x0800aa20   0x0800aa20   0x000000ac   Code   RO         7678    i.do_memp_malloc_pool  memp.o
    0x0800aacc   0x0800aacc   0x00000070   Code   RO         6989    i.eth_chip_get_link_state  ethernet_chip.o
    0x0800ab3c   0x0800ab3c   0x0000018c   Code   RO         6990    i.eth_chip_init     ethernet_chip.o
    0x0800acc8   0x0800acc8   0x0000002e   Code   RO         6991    i.eth_chip_regster_bus_io  ethernet_chip.o
    0x0800acf6   0x0800acf6   0x0000003a   Code   RO         6993    i.eth_chip_start_auto_nego  ethernet_chip.o
    0x0800ad30   0x0800ad30   0x00000038   Code   RO         8924    i.etharp_cleanup_netif  etharp.o
    0x0800ad68   0x0800ad68   0x000002f8   Code   RO         8926    i.etharp_find_entry  etharp.o
    0x0800b060   0x0800b060   0x00000040   Code   RO         8927    i.etharp_free_entry  etharp.o
    0x0800b0a0   0x0800b0a0   0x000000b6   Code   RO         8929    i.etharp_input      etharp.o
    0x0800b156   0x0800b156   0x00000002   PAD
    0x0800b158   0x0800b158   0x00000218   Code   RO         8930    i.etharp_output     etharp.o
    0x0800b370   0x0800b370   0x00000160   Code   RO         8931    i.etharp_output_to_arp_index  etharp.o
    0x0800b4d0   0x0800b4d0   0x000002c4   Code   RO         8932    i.etharp_query      etharp.o
    0x0800b794   0x0800b794   0x00000180   Code   RO         8933    i.etharp_raw        etharp.o
    0x0800b914   0x0800b914   0x00000018   Code   RO         8934    i.etharp_request    etharp.o
    0x0800b92c   0x0800b92c   0x0000002c   Code   RO         8935    i.etharp_request_dst  etharp.o
    0x0800b958   0x0800b958   0x000000dc   Code   RO         8936    i.etharp_tmr        etharp.o
    0x0800ba34   0x0800ba34   0x00000154   Code   RO         8937    i.etharp_update_arp_entry  etharp.o
    0x0800bb88   0x0800bb88   0x0000007c   Code   RO         6863    i.ethernet_chip_get_speed  ethernet.o
    0x0800bc04   0x0800bc04   0x00000078   Code   RO         6864    i.ethernet_init     ethernet.o
    0x0800bc7c   0x0800bc7c   0x000000c4   Code   RO         9231    i.ethernet_input    ethernet_1.o
    0x0800bd40   0x0800bd40   0x000000f8   Code   RO         9232    i.ethernet_output   ethernet_1.o
    0x0800be38   0x0800be38   0x00000018   Code   RO         6865    i.ethernet_read_phy  ethernet.o
    0x0800be50   0x0800be50   0x000000a8   Code   RO         9263    i.ethernetif_init   ethernetif.o
    0x0800bef8   0x0800bef8   0x00000028   Code   RO         9264    i.ethernetif_input  ethernetif.o
    0x0800bf20   0x0800bf20   0x0000003c   Code   RO        10063    i.flash_storage_erase  flash_storage.o
    0x0800bf5c   0x0800bf5c   0x00000020   Code   RO        10064    i.flash_storage_read  flash_storage.o
    0x0800bf7c   0x0800bf7c   0x0000005c   Code   RO        10065    i.flash_storage_write  flash_storage.o
    0x0800bfd8   0x0800bfd8   0x0000001c   Code   RO         1026    i.fputc             usart.o
    0x0800bff4   0x0800bff4   0x00000012   Code   RO         9021    i.icmp_dest_unreach  icmp.o
    0x0800c006   0x0800c006   0x00000002   PAD
    0x0800c008   0x0800c008   0x00000274   Code   RO         9022    i.icmp_input        icmp.o
    0x0800c27c   0x0800c27c   0x00000124   Code   RO         9023    i.icmp_send_response  icmp.o
    0x0800c3a0   0x0800c3a0   0x00000012   Code   RO         9024    i.icmp_time_exceeded  icmp.o
    0x0800c3b2   0x0800c3b2   0x00000002   PAD
    0x0800c3b4   0x0800c3b4   0x00000050   Code   RO         7116    i.iic_ack           myiic.o
    0x0800c404   0x0800c404   0x0000000a   Code   RO         7117    i.iic_delay         myiic.o
    0x0800c40e   0x0800c40e   0x00000002   PAD
    0x0800c410   0x0800c410   0x00000078   Code   RO         7118    i.iic_init          myiic.o
    0x0800c488   0x0800c488   0x00000040   Code   RO         7119    i.iic_nack          myiic.o
    0x0800c4c8   0x0800c4c8   0x0000005c   Code   RO         7120    i.iic_read_byte     myiic.o
    0x0800c524   0x0800c524   0x0000006c   Code   RO         7121    i.iic_send_byte     myiic.o
    0x0800c590   0x0800c590   0x0000004c   Code   RO         7122    i.iic_start         myiic.o
    0x0800c5dc   0x0800c5dc   0x00000040   Code   RO         7123    i.iic_stop          myiic.o
    0x0800c61c   0x0800c61c   0x00000064   Code   RO         7124    i.iic_wait_ack      myiic.o
    0x0800c680   0x0800c680   0x00000056   Code   RO         7423    i.inet_chksum_pbuf  inet_chksum.o
    0x0800c6d6   0x0800c6d6   0x0000004e   Code   RO         9106    i.ip4_addr_isbroadcast_u32  ip4_addr.o
    0x0800c724   0x0800c724   0x00000294   Code   RO         9162    i.ip4_frag          ip4_frag.o
    0x0800c9b8   0x0800c9b8   0x0000019c   Code   RO         9063    i.ip4_input         ip4.o
    0x0800cb54   0x0800cb54   0x00000034   Code   RO         9064    i.ip4_input_accept  ip4.o
    0x0800cb88   0x0800cb88   0x00000036   Code   RO         9066    i.ip4_output_if     ip4.o
    0x0800cbbe   0x0800cbbe   0x00000002   PAD
    0x0800cbc0   0x0800cbc0   0x00000194   Code   RO         9067    i.ip4_output_if_src  ip4.o
    0x0800cd54   0x0800cd54   0x000002f0   Code   RO         9163    i.ip4_reass         ip4_frag.o
    0x0800d044   0x0800d044   0x00000094   Code   RO         9068    i.ip4_route         ip4.o
    0x0800d0d8   0x0800d0d8   0x0000000a   Code   RO         9164    i.ip_frag_alloc_pbuf_custom_ref  ip4_frag.o
    0x0800d0e2   0x0800d0e2   0x00000002   PAD
    0x0800d0e4   0x0800d0e4   0x0000008c   Code   RO         9165    i.ip_frag_free_pbuf_custom_ref  ip4_frag.o
    0x0800d170   0x0800d170   0x000002f4   Code   RO         9166    i.ip_reass_chain_frag_into_datagram_and_validate  ip4_frag.o
    0x0800d464   0x0800d464   0x000000b8   Code   RO         9167    i.ip_reass_dequeue_datagram  ip4_frag.o
    0x0800d51c   0x0800d51c   0x00000054   Code   RO         9168    i.ip_reass_enqueue_new_datagram  ip4_frag.o
    0x0800d570   0x0800d570   0x000001d4   Code   RO         9169    i.ip_reass_free_complete_datagram  ip4_frag.o
    0x0800d744   0x0800d744   0x00000088   Code   RO         9170    i.ip_reass_remove_oldest_datagram  ip4_frag.o
    0x0800d7cc   0x0800d7cc   0x00000034   Code   RO         9171    i.ip_reass_tmr      ip4_frag.o
    0x0800d800   0x0800d800   0x000000bc   Code   RO         9172    i.ipfrag_free_pbuf_custom  ip4_frag.o
    0x0800d8bc   0x0800d8bc   0x000000f4   Code   RO         6606    i.key_init          key.o
    0x0800d9b0   0x0800d9b0   0x000000cc   Code   RO         6607    i.key_scan          key.o
    0x0800da7c   0x0800da7c   0x00000048   Code   RO         6332    i.lcd_clear         lcd.o
    0x0800dac4   0x0800dac4   0x00000190   Code   RO         6334    i.lcd_display_dir   lcd.o
    0x0800dc54   0x0800dc54   0x00000034   Code   RO         6340    i.lcd_draw_point    lcd.o
    0x0800dc88   0x0800dc88   0x0000022c   Code   RO         6342    i.lcd_ex_ili9341_reginit  lcd.o
    0x0800deb4   0x0800deb4   0x00000340   Code   RO         6343    i.lcd_ex_ili9806_reginit  lcd.o
    0x0800e1f4   0x0800e1f4   0x00000ef2   Code   RO         6344    i.lcd_ex_nt35310_reginit  lcd.o
    0x0800f0e6   0x0800f0e6   0x00000efc   Code   RO         6345    i.lcd_ex_nt35510_reginit  lcd.o
    0x0800ffe2   0x0800ffe2   0x0000016e   Code   RO         6346    i.lcd_ex_ssd1963_reginit  lcd.o
    0x08010150   0x08010150   0x000001a8   Code   RO         6347    i.lcd_ex_st7789_reginit  lcd.o
    0x080102f8   0x080102f8   0x000001c6   Code   RO         6348    i.lcd_ex_st7796_reginit  lcd.o
    0x080104be   0x080104be   0x00000002   PAD
    0x080104c0   0x080104c0   0x00000070   Code   RO         6349    i.lcd_fill          lcd.o
    0x08010530   0x08010530   0x00000528   Code   RO         6351    i.lcd_init          lcd.o
    0x08010a58   0x08010a58   0x00000050   Code   RO         6352    i.lcd_mpu_config    lcd.o
    0x08010aa8   0x08010aa8   0x00000014   Code   RO         6355    i.lcd_rd_data       lcd.o
    0x08010abc   0x08010abc   0x0000023c   Code   RO         6357    i.lcd_scan_dir      lcd.o
    0x08010cf8   0x08010cf8   0x00000120   Code   RO         6358    i.lcd_set_cursor    lcd.o
    0x08010e18   0x08010e18   0x00000140   Code   RO         6360    i.lcd_show_char     lcd.o
    0x08010f58   0x08010f58   0x0000006a   Code   RO         6362    i.lcd_show_string   lcd.o
    0x08010fc2   0x08010fc2   0x00000002   PAD
    0x08010fc4   0x08010fc4   0x00000050   Code   RO         6364    i.lcd_ssd_backlight_set  lcd.o
    0x08011014   0x08011014   0x00000018   Code   RO         6365    i.lcd_wr_data       lcd.o
    0x0801102c   0x0801102c   0x00000018   Code   RO         6366    i.lcd_wr_regno      lcd.o
    0x08011044   0x08011044   0x00000014   Code   RO         6367    i.lcd_write_ram_prepare  lcd.o
    0x08011058   0x08011058   0x00000010   Code   RO         6368    i.lcd_write_reg     lcd.o
    0x08011068   0x08011068   0x0000008c   Code   RO         6304    i.led_init          led.o
    0x080110f4   0x080110f4   0x000001b0   Code   RO         9265    i.low_level_init    ethernetif.o
    0x080112a4   0x080112a4   0x000000f4   Code   RO         9266    i.low_level_input   ethernetif.o
    0x08011398   0x08011398   0x00000090   Code   RO         9267    i.low_level_output  ethernetif.o
    0x08011428   0x08011428   0x00000024   Code   RO         6709    i.ltdc_clear        ltdc.o
    0x0801144c   0x0801144c   0x0000002e   Code   RO         6710    i.ltdc_clk_set      ltdc.o
    0x0801147a   0x0801147a   0x00000002   PAD
    0x0801147c   0x0801147c   0x0000002c   Code   RO         6712    i.ltdc_display_dir  ltdc.o
    0x080114a8   0x080114a8   0x00000050   Code   RO         6713    i.ltdc_draw_point   ltdc.o
    0x080114f8   0x080114f8   0x00000194   Code   RO         6714    i.ltdc_fill         ltdc.o
    0x0801168c   0x0801168c   0x000002a8   Code   RO         6715    i.ltdc_init         ltdc.o
    0x08011934   0x08011934   0x0000007c   Code   RO         6716    i.ltdc_layer_parameter_config  ltdc.o
    0x080119b0   0x080119b0   0x00000030   Code   RO         6718    i.ltdc_layer_window_config  ltdc.o
    0x080119e0   0x080119e0   0x000000d0   Code   RO         6719    i.ltdc_panelid_read  ltdc.o
    0x08011ab0   0x08011ab0   0x0000000c   Code   RO         6721    i.ltdc_select_layer  ltdc.o
    0x08011abc   0x08011abc   0x000000ba   Code   RO         9369    i.lwip_comm_default_ip_set  lwip_comm.o
    0x08011b76   0x08011b76   0x00000002   PAD
    0x08011b78   0x08011b78   0x000003a4   Code   RO         9370    i.lwip_comm_init    lwip_comm.o
    0x08011f1c   0x08011f1c   0x00000050   Code   RO         8721    i.lwip_cyclic_timer  timeouts.o
    0x08011f6c   0x08011f6c   0x0000031c   Code   RO         9436    i.lwip_demo         lwip_demo.o
    0x08012288   0x08012288   0x0000001a   Code   RO         7371    i.lwip_htonl        def.o
    0x080122a2   0x080122a2   0x0000000c   Code   RO         7372    i.lwip_htons        def.o
    0x080122ae   0x080122ae   0x00000002   PAD
    0x080122b0   0x080122b0   0x00000094   Code   RO         7490    i.lwip_init         init.o
    0x08012344   0x08012344   0x0000006c   Code   RO         9371    i.lwip_link_status_updated  lwip_comm.o
    0x080123b0   0x080123b0   0x00000008   Code   RO         9372    i.lwip_periodic_handle  lwip_comm.o
    0x080123b8   0x080123b8   0x00000010   Code   RO         9373    i.lwip_pkt_handle   lwip_comm.o
    0x080123c8   0x080123c8   0x0000005e   Code   RO         7430    i.lwip_standard_chksum  inet_chksum.o
    0x08012426   0x08012426   0x00000002   PAD
    0x08012428   0x08012428   0x000000b0   Code   RO         9437    i.lwip_tcp_server_accept  lwip_demo.o
    0x080124d8   0x080124d8   0x00000068   Code   RO         9438    i.lwip_tcp_server_connection_close  lwip_demo.o
    0x08012540   0x08012540   0x00000034   Code   RO         9439    i.lwip_tcp_server_error  lwip_demo.o
    0x08012574   0x08012574   0x00000020   Code   RO         9440    i.lwip_tcp_server_poll  lwip_demo.o
    0x08012594   0x08012594   0x00000170   Code   RO         9441    i.lwip_tcp_server_recv  lwip_demo.o
    0x08012704   0x08012704   0x00000062   Code   RO         9443    i.lwip_tcp_server_senddata  lwip_demo.o
    0x08012766   0x08012766   0x0000001e   Code   RO         9444    i.lwip_tcp_server_sent  lwip_demo.o
    0x08012784   0x08012784   0x00000074   Code   RO         9445    i.lwip_tcp_server_usersent  lwip_demo.o
    0x080127f8   0x080127f8   0x000001b8   Code   RO           13    i.lwip_test_ui      main.o
    0x080129b0   0x080129b0   0x000002e0   Code   RO           14    i.main              main.o
    0x08012c90   0x08012c90   0x000001bc   Code   RO         7602    i.mem_free          mem.o
    0x08012e4c   0x08012e4c   0x0000005c   Code   RO         7603    i.mem_init          mem.o
    0x08012ea8   0x08012ea8   0x00000058   Code   RO         7604    i.mem_link_valid    mem.o
    0x08012f00   0x08012f00   0x000002a0   Code   RO         7605    i.mem_malloc        mem.o
    0x080131a0   0x080131a0   0x00000010   Code   RO         7606    i.mem_to_ptr        mem.o
    0x080131b0   0x080131b0   0x0000022c   Code   RO         7607    i.mem_trim          mem.o
    0x080133dc   0x080133dc   0x00000028   Code   RO         7679    i.memp_free         memp.o
    0x08013404   0x08013404   0x00000094   Code   RO         7680    i.memp_free_pool    memp.o
    0x08013498   0x08013498   0x00000020   Code   RO         7681    i.memp_init         memp.o
    0x080134b8   0x080134b8   0x0000002c   Code   RO         7682    i.memp_init_pool    memp.o
    0x080134e4   0x080134e4   0x00000024   Code   RO         7683    i.memp_malloc       memp.o
    0x08013508   0x08013508   0x00000090   Code   RO         7684    i.memp_malloc_pool  memp.o
    0x08013598   0x08013598   0x0000005c   Code   RO         6824    i.mpu_memory_protection  mpu.o
    0x080135f4   0x080135f4   0x0000005e   Code   RO         6825    i.mpu_set_protection  mpu.o
    0x08013652   0x08013652   0x00000002   PAD
    0x08013654   0x08013654   0x0000002c   Code   RO         7262    i.my_mem_init       malloc.o
    0x08013680   0x08013680   0x000000a8   Code   RO         7263    i.my_mem_malloc     malloc.o
    0x08013728   0x08013728   0x00000040   Code   RO         7264    i.my_mem_perused    malloc.o
    0x08013768   0x08013768   0x00000014   Code   RO         7265    i.my_mem_set        malloc.o
    0x0801377c   0x0801377c   0x00000028   Code   RO         7267    i.mymalloc          malloc.o
    0x080137a4   0x080137a4   0x00000008   Code   RO         9702    i.net_config_clear  net_config.o
    0x080137ac   0x080137ac   0x00000038   Code   RO         9703    i.net_config_crc32  net_config.o
    0x080137e4   0x080137e4   0x0000003a   Code   RO         9704    i.net_config_get_default  net_config.o
    0x0801381e   0x0801381e   0x00000036   Code   RO         9705    i.net_config_ip_is_valid  net_config.o
    0x08013854   0x08013854   0x0000006c   Code   RO         9706    i.net_config_load   net_config.o
    0x080138c0   0x080138c0   0x00000026   Code   RO         9707    i.net_config_mask_is_valid  net_config.o
    0x080138e6   0x080138e6   0x00000018   Code   RO         9708    i.net_config_pack_ip  net_config.o
    0x080138fe   0x080138fe   0x0000000c   Code   RO         9709    i.net_config_port_is_valid  net_config.o
    0x0801390a   0x0801390a   0x0000000e   Code   RO         9710    i.net_config_record_crc  net_config.o
    0x08013918   0x08013918   0x0000005c   Code   RO         9711    i.net_config_save   net_config.o
    0x08013974   0x08013974   0x00000010   Code   RO         9712    i.net_config_unpack_ip  net_config.o
    0x08013984   0x08013984   0x00000040   Code   RO         9713    i.net_config_validate  net_config.o
    0x080139c4   0x080139c4   0x000001bc   Code   RO         7774    i.netif_add         netif.o
    0x08013b80   0x08013b80   0x00000018   Code   RO         7776    i.netif_do_ip_addr_changed  netif.o
    0x08013b98   0x08013b98   0x00000026   Code   RO         7777    i.netif_do_set_gw   netif.o
    0x08013bbe   0x08013bbe   0x00000002   PAD
    0x08013bc0   0x08013bc0   0x000000d4   Code   RO         7778    i.netif_do_set_ipaddr  netif.o
    0x08013c94   0x08013c94   0x00000026   Code   RO         7779    i.netif_do_set_netmask  netif.o
    0x08013cba   0x08013cba   0x00000002   PAD
    0x08013cbc   0x08013cbc   0x00000028   Code   RO         7781    i.netif_get_by_index  netif.o
    0x08013ce4   0x08013ce4   0x00000002   Code   RO         7783    i.netif_init        netif.o
    0x08013ce6   0x08013ce6   0x00000002   PAD
    0x08013ce8   0x08013ce8   0x000000cc   Code   RO         7785    i.netif_issue_reports  netif.o
    0x08013db4   0x08013db4   0x00000008   Code   RO         7787    i.netif_null_output_ip4  netif.o
    0x08013dbc   0x08013dbc   0x00000060   Code   RO         7789    i.netif_set_addr    netif.o
    0x08013e1c   0x08013e1c   0x0000000c   Code   RO         7790    i.netif_set_default  netif.o
    0x08013e28   0x08013e28   0x0000003a   Code   RO         7791    i.netif_set_down    netif.o
    0x08013e62   0x08013e62   0x00000006   Code   RO         7794    i.netif_set_link_callback  netif.o
    0x08013e68   0x08013e68   0x00000038   Code   RO         7795    i.netif_set_link_down  netif.o
    0x08013ea0   0x08013ea0   0x00000040   Code   RO         7796    i.netif_set_link_up  netif.o
    0x08013ee0   0x08013ee0   0x00000032   Code   RO         7798    i.netif_set_up      netif.o
    0x08013f12   0x08013f12   0x00000012   Code   RO         7954    i.pbuf_add_header   pbuf.o
    0x08013f24   0x08013f24   0x000000e0   Code   RO         7956    i.pbuf_add_header_impl  pbuf.o
    0x08014004   0x08014004   0x00000294   Code   RO         7957    i.pbuf_alloc        pbuf.o
    0x08014298   0x08014298   0x000000b4   Code   RO         7958    i.pbuf_alloc_reference  pbuf.o
    0x0801434c   0x0801434c   0x00000052   Code   RO         7959    i.pbuf_alloced_custom  pbuf.o
    0x0801439e   0x0801439e   0x00000002   PAD
    0x080143a0   0x080143a0   0x000000fc   Code   RO         7960    i.pbuf_cat          pbuf.o
    0x0801449c   0x0801449c   0x00000016   Code   RO         7961    i.pbuf_chain        pbuf.o
    0x080144b2   0x080144b2   0x00000012   Code   RO         7962    i.pbuf_clen         pbuf.o
    0x080144c4   0x080144c4   0x000000a8   Code   RO         7963    i.pbuf_clone        pbuf.o
    0x0801456c   0x0801456c   0x00000020   Code   RO         7965    i.pbuf_copy         pbuf.o
    0x0801458c   0x0801458c   0x00000080   Code   RO         7966    i.pbuf_copy_partial  pbuf.o
    0x0801460c   0x0801460c   0x000001a8   Code   RO         7967    i.pbuf_copy_partial_pbuf  pbuf.o
    0x080147b4   0x080147b4   0x00000190   Code   RO         7969    i.pbuf_free         pbuf.o
    0x08014944   0x08014944   0x00000014   Code   RO         9268    i.pbuf_free_custom  ethernetif.o
    0x08014958   0x08014958   0x00000012   Code   RO         7974    i.pbuf_header_force  pbuf.o
    0x0801496a   0x0801496a   0x00000022   Code   RO         7975    i.pbuf_header_impl  pbuf.o
    0x0801498c   0x0801498c   0x0000001e   Code   RO         7976    i.pbuf_init_alloced_pbuf  pbuf.o
    0x080149aa   0x080149aa   0x00000002   PAD
    0x080149ac   0x080149ac   0x0000015c   Code   RO         7980    i.pbuf_realloc      pbuf.o
    0x08014b08   0x08014b08   0x00000094   Code   RO         7981    i.pbuf_ref          pbuf.o
    0x08014b9c   0x08014b9c   0x000000b8   Code   RO         7982    i.pbuf_remove_header  pbuf.o
    0x08014c54   0x08014c54   0x00000134   Code   RO         7986    i.pbuf_take         pbuf.o
    0x08014d88   0x08014d88   0x0000006c   Code   RO         7068    i.pcf8574_init      pcf8574.o
    0x08014df4   0x08014df4   0x00000022   Code   RO         7070    i.pcf8574_read_byte  pcf8574.o
    0x08014e16   0x08014e16   0x00000026   Code   RO         7071    i.pcf8574_write_bit  pcf8574.o
    0x08014e3c   0x08014e3c   0x00000028   Code   RO         7072    i.pcf8574_write_byte  pcf8574.o
    0x08014e64   0x08014e64   0x000001d0   Code   RO         7608    i.plug_holes        mem.o
    0x08015034   0x08015034   0x00000064   Code   RO         9690    i.protocol_text_format_adc  protocol_text.o
    0x08015098   0x08015098   0x00000010   Code   RO         7609    i.ptr_to_mem        mem.o
    0x080150a8   0x080150a8   0x00000070   Code   RO         6643    i.sdram_init        sdram.o
    0x08015118   0x08015118   0x00000042   Code   RO         6644    i.sdram_initialization_sequence  sdram.o
    0x0801515a   0x0801515a   0x00000002   PAD
    0x0801515c   0x0801515c   0x00000048   Code   RO         6645    i.sdram_send_cmd    sdram.o
    0x080151a4   0x080151a4   0x00000008   Code   RO         9873    i.sensor_adc_dma_get_bridge  sensor_adc_dma.o
    0x080151ac   0x080151ac   0x0000001c   Code   RO         9874    i.sensor_adc_dma_init_impl  sensor_adc_dma.o
    0x080151c8   0x080151c8   0x0000012c   Code   RO         9875    i.sensor_adc_dma_read_impl  sensor_adc_dma.o
    0x080152f4   0x080152f4   0x00000140   Code   RO          943    i.sys_cache_enable  sys.o
    0x08015434   0x08015434   0x00000054   Code   RO         8722    i.sys_check_timeouts  timeouts.o
    0x08015488   0x08015488   0x00000004   Code   RO          944    i.sys_intx_disable  sys.o
    0x0801548c   0x0801548c   0x00000004   Code   RO          945    i.sys_intx_enable   sys.o
    0x08015490   0x08015490   0x00000008   Code   RO         9269    i.sys_now           ethernetif.o
    0x08015498   0x08015498   0x00000120   Code   RO          948    i.sys_stm32_clock_init  sys.o
    0x080155b8   0x080155b8   0x000000c8   Code   RO         8724    i.sys_timeout       timeouts.o
    0x08015680   0x08015680   0x00000138   Code   RO         8725    i.sys_timeout_abs   timeouts.o
    0x080157b8   0x080157b8   0x00000028   Code   RO         8726    i.sys_timeouts_init  timeouts.o
    0x080157e0   0x080157e0   0x00000194   Code   RO         8184    i.tcp_abandon       tcp.o
    0x08015974   0x08015974   0x0000000e   Code   RO         8185    i.tcp_abort         tcp.o
    0x08015982   0x08015982   0x00000010   Code   RO         8186    i.tcp_accept        tcp.o
    0x08015992   0x08015992   0x00000002   PAD
    0x08015994   0x08015994   0x000000a0   Code   RO         8187    i.tcp_accept_null   tcp.o
    0x08015a34   0x08015a34   0x000000bc   Code   RO         8188    i.tcp_alloc         tcp.o
    0x08015af0   0x08015af0   0x00000006   Code   RO         8189    i.tcp_arg           tcp.o
    0x08015af6   0x08015af6   0x00000002   PAD
    0x08015af8   0x08015af8   0x000000b0   Code   RO         8190    i.tcp_bind          tcp.o
    0x08015ba8   0x08015ba8   0x0000002c   Code   RO         8192    i.tcp_close         tcp.o
    0x08015bd4   0x08015bd4   0x00000204   Code   RO         8193    i.tcp_close_shutdown  tcp.o
    0x08015dd8   0x08015dd8   0x000000e0   Code   RO         8194    i.tcp_close_shutdown_fin  tcp.o
    0x08015eb8   0x08015eb8   0x000001cc   Code   RO         8573    i.tcp_create_segment  tcp_out.o
    0x08016084   0x08016084   0x000000cc   Code   RO         8197    i.tcp_eff_send_mss_netif  tcp.o
    0x08016150   0x08016150   0x000002b8   Code   RO         8574    i.tcp_enqueue_flags  tcp_out.o
    0x08016408   0x08016408   0x000000a4   Code   RO         8198    i.tcp_err           tcp.o
    0x080164ac   0x080164ac   0x0000009c   Code   RO         8199    i.tcp_fasttmr       tcp.o
    0x08016548   0x08016548   0x0000008c   Code   RO         8200    i.tcp_free          tcp.o
    0x080165d4   0x080165d4   0x00000154   Code   RO         8501    i.tcp_free_acked_segments  tcp_in.o
    0x08016728   0x08016728   0x00000094   Code   RO         8201    i.tcp_free_listen   tcp.o
    0x080167bc   0x080167bc   0x00000048   Code   RO         8502    i.tcp_get_next_optbyte  tcp_in.o
    0x08016804   0x08016804   0x00000034   Code   RO         8202    i.tcp_handle_closepend  tcp.o
    0x08016838   0x08016838   0x00000018   Code   RO         8203    i.tcp_init          tcp.o
    0x08016850   0x08016850   0x0000080c   Code   RO         8503    i.tcp_input         tcp_in.o
    0x0801705c   0x0801705c   0x000000e0   Code   RO         8504    i.tcp_input_delayed_close  tcp_in.o
    0x0801713c   0x0801713c   0x000000d4   Code   RO         8575    i.tcp_keepalive     tcp_out.o
    0x08017210   0x08017210   0x00000068   Code   RO         8204    i.tcp_kill_prio     tcp.o
    0x08017278   0x08017278   0x000000c8   Code   RO         8205    i.tcp_kill_state    tcp.o
    0x08017340   0x08017340   0x0000003c   Code   RO         8206    i.tcp_kill_timewait  tcp.o
    0x0801737c   0x0801737c   0x000000cc   Code   RO         8207    i.tcp_listen_closed  tcp.o
    0x08017448   0x08017448   0x000001ec   Code   RO         8505    i.tcp_listen_input  tcp_in.o
    0x08017634   0x08017634   0x00000012   Code   RO         8208    i.tcp_listen_with_backlog  tcp.o
    0x08017646   0x08017646   0x00000002   PAD
    0x08017648   0x08017648   0x000000dc   Code   RO         8209    i.tcp_listen_with_backlog_and_err  tcp.o
    0x08017724   0x08017724   0x0000004c   Code   RO         8210    i.tcp_netif_ip_addr_changed  tcp.o
    0x08017770   0x08017770   0x000000c8   Code   RO         8211    i.tcp_netif_ip_addr_changed_pcblist  tcp.o
    0x08017838   0x08017838   0x0000000a   Code   RO         8212    i.tcp_new           tcp.o
    0x08017842   0x08017842   0x00000002   PAD
    0x08017844   0x08017844   0x00000068   Code   RO         8214    i.tcp_new_port      tcp.o
    0x080178ac   0x080178ac   0x000000a4   Code   RO         8215    i.tcp_next_iss      tcp.o
    0x08017950   0x08017950   0x0000035c   Code   RO         8576    i.tcp_output        tcp_out.o
    0x08017cac   0x08017cac   0x000000d4   Code   RO         8577    i.tcp_output_alloc_header  tcp_out.o
    0x08017d80   0x08017d80   0x0000011c   Code   RO         8578    i.tcp_output_alloc_header_common  tcp_out.o
    0x08017e9c   0x08017e9c   0x000000f4   Code   RO         8579    i.tcp_output_control_segment  tcp_out.o
    0x08017f90   0x08017f90   0x0000011c   Code   RO         8580    i.tcp_output_fill_options  tcp_out.o
    0x080180ac   0x080180ac   0x00000244   Code   RO         8581    i.tcp_output_segment  tcp_out.o
    0x080182f0   0x080182f0   0x000000ac   Code   RO         8582    i.tcp_output_segment_busy  tcp_out.o
    0x0801839c   0x0801839c   0x00000128   Code   RO         8506    i.tcp_parseopt      tcp_in.o
    0x080184c4   0x080184c4   0x00000170   Code   RO         8583    i.tcp_pbuf_prealloc  tcp_out.o
    0x08018634   0x08018634   0x0000004a   Code   RO         8216    i.tcp_pcb_purge     tcp.o
    0x0801867e   0x0801867e   0x00000002   PAD
    0x08018680   0x08018680   0x0000019c   Code   RO         8217    i.tcp_pcb_remove    tcp.o
    0x0801881c   0x0801881c   0x000000a8   Code   RO         8218    i.tcp_poll          tcp.o
    0x080188c4   0x080188c4   0x00000738   Code   RO         8507    i.tcp_process       tcp_in.o
    0x08018ffc   0x08018ffc   0x000000a2   Code   RO         8219    i.tcp_process_refused_data  tcp.o
    0x0801909e   0x0801909e   0x00000002   PAD
    0x080190a0   0x080190a0   0x000007c8   Code   RO         8508    i.tcp_receive       tcp_in.o
    0x08019868   0x08019868   0x000000a4   Code   RO         8220    i.tcp_recv          tcp.o
    0x0801990c   0x0801990c   0x0000003a   Code   RO         8221    i.tcp_recv_null     tcp.o
    0x08019946   0x08019946   0x00000002   PAD
    0x08019948   0x08019948   0x000000ec   Code   RO         8222    i.tcp_recved        tcp.o
    0x08019a34   0x08019a34   0x000000ac   Code   RO         8223    i.tcp_remove_listener  tcp.o
    0x08019ae0   0x08019ae0   0x000000fc   Code   RO         8584    i.tcp_rexmit        tcp_out.o
    0x08019bdc   0x08019bdc   0x00000104   Code   RO         8585    i.tcp_rexmit_fast   tcp_out.o
    0x08019ce0   0x08019ce0   0x000000a0   Code   RO         8586    i.tcp_rexmit_rto    tcp_out.o
    0x08019d80   0x08019d80   0x000000b0   Code   RO         8587    i.tcp_rexmit_rto_commit  tcp_out.o
    0x08019e30   0x08019e30   0x00000110   Code   RO         8588    i.tcp_rexmit_rto_prepare  tcp_out.o
    0x08019f40   0x08019f40   0x0000001e   Code   RO         8589    i.tcp_route         tcp_out.o
    0x08019f5e   0x08019f5e   0x00000002   PAD
    0x08019f60   0x08019f60   0x00000120   Code   RO         8590    i.tcp_rst           tcp_out.o
    0x0801a080   0x0801a080   0x0000001a   Code   RO         8224    i.tcp_seg_free      tcp.o
    0x0801a09a   0x0801a09a   0x00000018   Code   RO         8225    i.tcp_segs_free     tcp.o
    0x0801a0b2   0x0801a0b2   0x00000002   PAD
    0x0801a0b4   0x0801a0b4   0x00000138   Code   RO         8591    i.tcp_send_empty_ack  tcp_out.o
    0x0801a1ec   0x0801a1ec   0x000000d8   Code   RO         8592    i.tcp_send_fin      tcp_out.o
    0x0801a2c4   0x0801a2c4   0x000000a4   Code   RO         8226    i.tcp_sent          tcp.o
    0x0801a368   0x0801a368   0x0000000e   Code   RO         8227    i.tcp_setprio       tcp.o
    0x0801a376   0x0801a376   0x00000002   PAD
    0x0801a378   0x0801a378   0x00000710   Code   RO         8229    i.tcp_slowtmr       tcp.o
    0x0801aa88   0x0801aa88   0x000002cc   Code   RO         8593    i.tcp_split_unsent_seg  tcp_out.o
    0x0801ad54   0x0801ad54   0x00000038   Code   RO         8729    i.tcp_timer_needed  timeouts.o
    0x0801ad8c   0x0801ad8c   0x0000013c   Code   RO         8509    i.tcp_timewait_input  tcp_in.o
    0x0801aec8   0x0801aec8   0x00000024   Code   RO         8231    i.tcp_tmr           tcp.o
    0x0801aeec   0x0801aeec   0x00000014   Code   RO         8510    i.tcp_trigger_input_pcb_close  tcp_in.o
    0x0801af00   0x0801af00   0x00000110   Code   RO         8233    i.tcp_update_rcv_ann_wnd  tcp.o
    0x0801b010   0x0801b010   0x000007a4   Code   RO         8594    i.tcp_write         tcp_out.o
    0x0801b7b4   0x0801b7b4   0x000001a8   Code   RO         8595    i.tcp_write_checks  tcp_out.o
    0x0801b95c   0x0801b95c   0x00000168   Code   RO         8596    i.tcp_zero_window_probe  tcp_out.o
    0x0801bac4   0x0801bac4   0x00000038   Code   RO         8730    i.tcpip_tcp_timer   timeouts.o
    0x0801bafc   0x0801bafc   0x000000a4   Code   RO         8800    i.udp_bind          udp.o
    0x0801bba0   0x0801bba0   0x00000018   Code   RO         8804    i.udp_init          udp.o
    0x0801bbb8   0x0801bbb8   0x00000240   Code   RO         8805    i.udp_input         udp.o
    0x0801bdf8   0x0801bdf8   0x00000138   Code   RO         8806    i.udp_input_local_match  udp.o
    0x0801bf30   0x0801bf30   0x00000030   Code   RO         8807    i.udp_netif_ip_addr_changed  udp.o
    0x0801bf60   0x0801bf60   0x0000001c   Code   RO         8808    i.udp_new           udp.o
    0x0801bf7c   0x0801bf7c   0x00000058   Code   RO         8810    i.udp_new_port      udp.o
    0x0801bfd4   0x0801bfd4   0x00000010   Code   RO         8811    i.udp_recv          udp.o
    0x0801bfe4   0x0801bfe4   0x00000050   Code   RO         8812    i.udp_remove        udp.o
    0x0801c034   0x0801c034   0x00000060   Code   RO         8814    i.udp_sendto        udp.o
    0x0801c094   0x0801c094   0x0000007a   Code   RO         8815    i.udp_sendto_if     udp.o
    0x0801c10e   0x0801c10e   0x00000002   PAD
    0x0801c110   0x0801c110   0x000001bc   Code   RO         8816    i.udp_sendto_if_src  udp.o
    0x0801c2cc   0x0801c2cc   0x00000038   Code   RO         1027    i.usart_init        usart.o
    0x0801c304   0x0801c304   0x00000010   Data   RO          862    .constdata          system_stm32h7xx.o
    0x0801c314   0x0801c314   0x00000008   Data   RO         1572    .constdata          stm32h7xx_hal_dma.o
    0x0801c31c   0x0801c31c   0x00000018   Data   RO         2542    .constdata          stm32h7xx_hal_uart.o
    0x0801c334   0x0801c334   0x00002f80   Data   RO         6370    .constdata          lcd.o
    0x0801f2b4   0x0801f2b4   0x00000048   Data   RO         7280    .constdata          malloc.o
    0x0801f2fc   0x0801f2fc   0x00000090   Data   RO         7686    .constdata          memp.o
    0x0801f38c   0x0801f38c   0x00000050   Data   RO         8234    .constdata          tcp.o
    0x0801f3dc   0x0801f3dc   0x0000001c   Data   RO         8731    .constdata          timeouts.o
    0x0801f3f8   0x0801f3f8   0x00000008   Data   RO         9113    .constdata          ip4_addr.o
    0x0801f400   0x0801f400   0x0000000c   Data   RO         9233    .constdata          ethernet_1.o
    0x0801f40c   0x0801f40c   0x0000000c   Data   RO         9272    .constdata          ethernetif.o
    0x0801f418   0x0801f418   0x00000008   Data   RO         9784    .constdata          comm_lwip_tcp.o
    0x0801f420   0x0801f420   0x00000008   Data   RO         9877    .constdata          sensor_adc_dma.o
    0x0801f428   0x0801f428   0x00000081   Data   RO        10105    .constdata          mc_w.l(ctype_o.o)
    0x0801f4a9   0x0801f4a9   0x00000003   PAD
    0x0801f4ac   0x0801f4ac   0x00000004   Data   RO        10106    .constdata          mc_w.l(ctype_o.o)
    0x0801f4b0   0x0801f4b0   0x00000041   Data   RO         7491    .conststring        init.o
    0x0801f4f1   0x0801f4f1   0x00000003   PAD
    0x0801f4f4   0x0801f4f4   0x00000075   Data   RO         8235    .conststring        tcp.o
    0x0801f569   0x0801f569   0x00000003   PAD
    0x0801f56c   0x0801f56c   0x00000055   Data   RO         8597    .conststring        tcp_out.o
    0x0801f5c1   0x0801f5c1   0x00000003   PAD
    0x0801f5c4   0x0801f5c4   0x00000041   Data   RO         8939    .conststring        etharp.o
    0x0801f605   0x0801f605   0x00000003   PAD
    0x0801f608   0x0801f608   0x00000010   Data   RO         9447    .conststring        lwip_demo.o
    0x0801f618   0x0801f618   0x0000006f   Data   RO         9827    .conststring        comm_lwip_udp_discover.o
    0x0801f687   0x0801f687   0x00000001   PAD
    0x0801f688   0x0801f688   0x00000020   Data   RO        10472    Region$$Table       anon$$obj.o


    Execution Region RW_IRAM2 (Exec base: 0x24000000, Load base: 0x0801f6a8, Size: 0x0007c490, Max: 0x00080000, ABSOLUTE, COMPRESSED[0x00000064])

    Exec Addr    Load Addr    Size         Type   Attr      Idx    E Section Name        Object

    0x24000000   COMPRESSED   0x00000008   Data   RW          863    .data               system_stm32h7xx.o
    0x24000008   COMPRESSED   0x00000002   Data   RW          900    .data               delay.o
    0x2400000a   COMPRESSED   0x00000002   PAD
    0x2400000c   COMPRESSED   0x00000007   Data   RW         1029    .data               usart.o
    0x24000013   COMPRESSED   0x00000001   PAD
    0x24000014   COMPRESSED   0x00000009   Data   RW         1145    .data               stm32h7xx_hal.o
    0x2400001d   COMPRESSED   0x00000003   PAD
    0x24000020   COMPRESSED   0x00000008   Data   RW         6371    .data               lcd.o
    0x24000028   COMPRESSED   0x00000001   Data   RW         6608    .data               key.o
    0x24000029   COMPRESSED   0x00000003   PAD
    0x2400002c   COMPRESSED   0x00000008   Data   RW         6725    .data               ltdc.o
    0x24000034   COMPRESSED   0x0000000a   Data   RW         6994    .data               ethernet_chip.o
    0x2400003e   COMPRESSED   0x00000001   Data   RW         7196    .data               adc.o
    0x2400003f   COMPRESSED   0x00000001   PAD
    0x24000040   COMPRESSED   0x00000040   Data   RW         7281    .data               malloc.o
    0x24000080   COMPRESSED   0x0000000c   Data   RW         7611    .data               mem.o
    0x2400008c   COMPRESSED   0x00000024   Data   RW         7687    .data               memp.o
    0x240000b0   COMPRESSED   0x00000009   Data   RW         7799    .data               netif.o
    0x240000b9   COMPRESSED   0x00000003   PAD
    0x240000bc   COMPRESSED   0x00000020   Data   RW         8236    .data               tcp.o
    0x240000dc   COMPRESSED   0x00000028   Data   RW         8512    .data               tcp_in.o
    0x24000104   COMPRESSED   0x0000000c   Data   RW         8732    .data               timeouts.o
    0x24000110   COMPRESSED   0x00000008   Data   RW         8817    .data               udp.o
    0x24000118   COMPRESSED   0x00000001   Data   RW         8940    .data               etharp.o
    0x24000119   COMPRESSED   0x00000001   PAD
    0x2400011a   COMPRESSED   0x00000002   Data   RW         9069    .data               ip4.o
    0x2400011c   COMPRESSED   0x00000006   Data   RW         9173    .data               ip4_frag.o
    0x24000122   COMPRESSED   0x00000002   PAD
    0x24000124   COMPRESSED   0x00000018   Data   RW         9273    .data               ethernetif.o
    0x2400013c   COMPRESSED   0x0000000c   Data   RW         9448    .data               lwip_demo.o
    0x24000148   COMPRESSED   0x00000012   Data   RW         9607    .data               device_service.o
    0x2400015a   COMPRESSED   0x00000002   PAD
    0x2400015c   COMPRESSED   0x00000004   Data   RW         9785    .data               comm_lwip_tcp.o
    0x24000160   COMPRESSED   0x00000004   Data   RW         9828    .data               comm_lwip_udp_discover.o
    0x24000164   COMPRESSED   0x00000004   Data   RW        10133    .data               mc_w.l(rand.o)
    0x24000168   COMPRESSED   0x00000004   Data   RW        10445    .data               mc_w.l(errno.o)
    0x2400016c        -       0x00000158   Zero   RW         1028    .bss                usart.o
    0x240002c4        -       0x0000001c   Zero   RW         6042    .bss                stm32h7xx_hal_flash.o
    0x240002e0        -       0x0000005a   Zero   RW         6369    .bss                lcd.o
    0x2400033a   COMPRESSED   0x00000002   PAD
    0x2400033c        -       0x00000034   Zero   RW         6646    .bss                sdram.o
    0x24000370        -       0x00000130   Zero   RW         6724    .bss                ltdc.o
    0x240004a0        -       0x00000088   Zero   RW         6869    .bss                ethernet.o
    0x24000528        -       0x0000021c   Zero   RW         7195    .bss                adc.o
    0x24000744   COMPRESSED   0x0000003c   PAD
    0x24000780        -       0x0006a400   Zero   RW         7279    .bss                malloc.o
    0x2406ab80        -       0x00000018   Zero   RW         7579    .bss                ip.o
    0x2406ab98        -       0x0000b813   Zero   RW         7610    .bss                mem.o
    0x240763ab        -       0x00003dbf   Zero   RW         7685    .bss                memp.o
    0x2407a16a   COMPRESSED   0x00000002   PAD
    0x2407a16c        -       0x00000010   Zero   RW         8511    .bss                tcp_in.o
    0x2407a17c        -       0x000000f0   Zero   RW         8938    .bss                etharp.o
    0x2407a26c        -       0x0000016f   Zero   RW         9271    .bss                ethernetif.o
    0x2407a3db   COMPRESSED   0x00000001   PAD
    0x2407a3dc        -       0x00000050   Zero   RW         9374    .bss                lwip_comm.o
    0x2407a42c        -       0x000007d0   Zero   RW         9446    .bss                lwip_demo.o
    0x2407abfc        -       0x000000c0   Zero   RW         9606    .bss                device_service.o
    0x2407acbc        -       0x000007d0   Zero   RW         9876    .bss                sensor_adc_dma.o
    0x2407b48c   COMPRESSED   0x00000004   PAD
    0x2407b490        -       0x00001000   Zero   RW            1    STACK               startup_stm32h743xx.o



  Load Region LR$$.ARM.__AT_0x00000000 (Base: 0x00000000, Size: 0x00000000, Max: 0x0000f000, ABSOLUTE)

    Execution Region ER$$.ARM.__AT_0x00000000 (Exec base: 0x00000000, Load base: 0x00000000, Size: 0x0000f000, Max: 0x0000f000, ABSOLUTE, UNINIT)

    Exec Addr    Load Addr    Size         Type   Attr      Idx    E Section Name        Object

    0x00000000        -       0x0000f000   Zero   RW         7269    .ARM.__AT_0x00000000  malloc.o



  Load Region LR$$.ARM.__AT_0x0000F000 (Base: 0x0000f000, Size: 0x00000000, Max: 0x00000f00, ABSOLUTE)

    Execution Region ER$$.ARM.__AT_0x0000F000 (Exec base: 0x0000f000, Load base: 0x0000f000, Size: 0x00000f00, Max: 0x00000f00, ABSOLUTE, UNINIT)

    Exec Addr    Load Addr    Size         Type   Attr      Idx    E Section Name        Object

    0x0000f000        -       0x00000f00   Zero   RW         7270    .ARM.__AT_0x0000F000  malloc.o



  Load Region LR$$.ARM.__AT_0x20000000 (Base: 0x20000000, Size: 0x00000000, Max: 0x0001e000, ABSOLUTE)

    Execution Region ER$$.ARM.__AT_0x20000000 (Exec base: 0x20000000, Load base: 0x20000000, Size: 0x0001e000, Max: 0x0001e000, ABSOLUTE, UNINIT)

    Exec Addr    Load Addr    Size         Type   Attr      Idx    E Section Name        Object

    0x20000000        -       0x0001e000   Zero   RW         7271    .ARM.__AT_0x20000000  malloc.o



  Load Region LR$$.ARM.__AT_0x2001E000 (Base: 0x2001e000, Size: 0x00000000, Max: 0x00001e00, ABSOLUTE)

    Execution Region ER$$.ARM.__AT_0x2001E000 (Exec base: 0x2001e000, Load base: 0x2001e000, Size: 0x00001e00, Max: 0x00001e00, ABSOLUTE, UNINIT)

    Exec Addr    Load Addr    Size         Type   Attr      Idx    E Section Name        Object

    0x2001e000        -       0x00001e00   Zero   RW         7272    .ARM.__AT_0x2001E000  malloc.o



  Load Region LR$$.ARM.__AT_0x30000000 (Base: 0x30000000, Size: 0x00000000, Max: 0x0003c000, ABSOLUTE)

    Execution Region ER$$.ARM.__AT_0x30000000 (Exec base: 0x30000000, Load base: 0x30000000, Size: 0x0003c000, Max: 0x0003c000, ABSOLUTE, UNINIT)

    Exec Addr    Load Addr    Size         Type   Attr      Idx    E Section Name        Object

    0x30000000        -       0x0003c000   Zero   RW         7273    .ARM.__AT_0x30000000  malloc.o



  Load Region LR$$.ARM.__AT_0x3003C000 (Base: 0x3003c000, Size: 0x00000000, Max: 0x00003c00, ABSOLUTE)

    Execution Region ER$$.ARM.__AT_0x3003C000 (Exec base: 0x3003c000, Load base: 0x3003c000, Size: 0x00003c00, Max: 0x00003c00, ABSOLUTE, UNINIT)

    Exec Addr    Load Addr    Size         Type   Attr      Idx    E Section Name        Object

    0x3003c000        -       0x00003c00   Zero   RW         7274    .ARM.__AT_0x3003C000  malloc.o



  Load Region LR$$.ARM.__AT_0x30040000 (Base: 0x30040000, Size: 0x00000000, Max: 0x00000060, ABSOLUTE)

    Execution Region ER$$.ARM.__AT_0x30040000 (Exec base: 0x30040000, Load base: 0x30040000, Size: 0x00000060, Max: 0x00000060, ABSOLUTE, UNINIT)

    Exec Addr    Load Addr    Size         Type   Attr      Idx    E Section Name        Object

    0x30040000        -       0x00000060   Zero   RW         6867    .ARM.__AT_0x30040000  ethernet.o



  Load Region LR$$.ARM.__AT_0x30040060 (Base: 0x30040060, Size: 0x00000000, Max: 0x00000060, ABSOLUTE)

    Execution Region ER$$.ARM.__AT_0x30040060 (Exec base: 0x30040060, Load base: 0x30040060, Size: 0x00000060, Max: 0x00000060, ABSOLUTE, UNINIT)

    Exec Addr    Load Addr    Size         Type   Attr      Idx    E Section Name        Object

    0x30040060        -       0x00000060   Zero   RW         6868    .ARM.__AT_0x30040060  ethernet.o



  Load Region LR$$.ARM.__AT_0x30040200 (Base: 0x30040200, Size: 0x00000000, Max: 0x000017e0, ABSOLUTE)

    Execution Region ER$$.ARM.__AT_0x30040200 (Exec base: 0x30040200, Load base: 0x30040200, Size: 0x000017e0, Max: 0x000017e0, ABSOLUTE, UNINIT)

    Exec Addr    Load Addr    Size         Type   Attr      Idx    E Section Name        Object

    0x30040200        -       0x000017e0   Zero   RW         9270    .ARM.__AT_0x30040200  ethernetif.o



  Load Region LR$$.ARM.__AT_0x38000000 (Base: 0x38000000, Size: 0x00000000, Max: 0x0000f000, ABSOLUTE)

    Execution Region ER$$.ARM.__AT_0x38000000 (Exec base: 0x38000000, Load base: 0x38000000, Size: 0x0000f000, Max: 0x0000f000, ABSOLUTE, UNINIT)

    Exec Addr    Load Addr    Size         Type   Attr      Idx    E Section Name        Object

    0x38000000        -       0x0000f000   Zero   RW         7275    .ARM.__AT_0x38000000  malloc.o



  Load Region LR$$.ARM.__AT_0x3800F000 (Base: 0x3800f000, Size: 0x00000000, Max: 0x00000f00, ABSOLUTE)

    Execution Region ER$$.ARM.__AT_0x3800F000 (Exec base: 0x3800f000, Load base: 0x3800f000, Size: 0x00000f00, Max: 0x00000f00, ABSOLUTE, UNINIT)

    Exec Addr    Load Addr    Size         Type   Attr      Idx    E Section Name        Object

    0x3800f000        -       0x00000f00   Zero   RW         7276    .ARM.__AT_0x3800F000  malloc.o



  Load Region LR$$.ARM.__AT_0xC0000000 (Base: 0xc0000000, Size: 0x00000000, Max: 0x001f4000, ABSOLUTE)

    Execution Region ER$$.ARM.__AT_0xC0000000 (Exec base: 0xc0000000, Load base: 0xc0000000, Size: 0x001f4000, Max: 0x001f4000, ABSOLUTE, UNINIT)

    Exec Addr    Load Addr    Size         Type   Attr      Idx    E Section Name        Object

    0xc0000000        -       0x001f4000   Zero   RW         6723    .ARM.__AT_0xC0000000  ltdc.o



  Load Region LR$$.ARM.__AT_0xC01F4000 (Base: 0xc01f4000, Size: 0x00000000, Max: 0x01c3c000, ABSOLUTE)

    Execution Region ER$$.ARM.__AT_0xC01F4000 (Exec base: 0xc01f4000, Load base: 0xc01f4000, Size: 0x01c3c000, Max: 0x01c3c000, ABSOLUTE, UNINIT)

    Exec Addr    Load Addr    Size         Type   Attr      Idx    E Section Name        Object

    0xc01f4000        -       0x01c3c000   Zero   RW         7277    .ARM.__AT_0xC01F4000  malloc.o



  Load Region LR$$.ARM.__AT_0xC1E30000 (Base: 0xc1e30000, Size: 0x00000000, Max: 0x001c3c00, ABSOLUTE)

    Execution Region ER$$.ARM.__AT_0xC1E30000 (Exec base: 0xc1e30000, Load base: 0xc1e30000, Size: 0x001c3c00, Max: 0x001c3c00, ABSOLUTE, UNINIT)

    Exec Addr    Load Addr    Size         Type   Attr      Idx    E Section Name        Object

    0xc1e30000        -       0x001c3c00   Zero   RW         7278    .ARM.__AT_0xC1E30000  malloc.o


==============================================================================

Image component sizes


      Code (inc. data)   RO Data    RW Data    ZI Data      Debug   Object Name

       688         58          0          1        540       3909   adc.o
         0          0          0          0          0       2308   altcp.o
       136         22          8          4          0       7865   comm_lwip_tcp.o
       628         72        111          4          0       5558   comm_lwip_udp_discover.o
        38          0          0          0          0       1242   def.o
       142          8          0          2          0       2347   delay.o
      1954        542          0         18        192      47606   device_service.o
      3670       1040         65          1        240      13023   etharp.o
       944         64          0          0        328      25360   ethernet.o
       444        142         12          0          0       2978   ethernet_1.o
       612         28          0         10          0       7360   ethernet_chip.o
      1156        236         12         24       6479      46471   ethernetif.o
       184         12          0          0          0       2397   flash_storage.o
       956        324          0          0          0       5134   icmp.o
       180          0          0          0          0      10446   inet_chksum.o
       148         84         65          0          0       5407   init.o
         0          0          0          0         24       9933   ip.o
      1070        176          0          2          0       6040   ip4.o
        78          0          8          0          0       8902   ip4_addr.o
      3430       1084          0          6          0      13318   ip4_frag.o
       448         34          0          1          0       1982   key.o
     13952        200      12160          8         90      29199   lcd.o
       140         10          0          0          0       1063   led.o
      2090        126          0          8    2048304      11610   ltdc.o
      1250        386          0          0         80       5521   lwip_comm.o
      1772        330         16         12       2000      17108   lwip_demo.o
      1176        350          0          0          0    1024604   main.o
       336         36         72         64   32413696       6298   malloc.o
      2348        938          0         12      47123       8909   mem.o
       780        446        144         36      15807      12246   memp.o
       186          0          0          0          0       1585   mpu.o
       714         42          0          0          0       6042   myiic.o
       544         14          0          0          0       8934   net_config.o
      1352        394          0          9          0      17046   netif.o
      3678       1478          0          0          0      18369   pbuf.o
       220          8          0          0          0       3160   pcf8574.o
       100         34          0          0          0       1359   protocol_text.o
       534         40          0          0         52       3979   sdram.o
       336         28          8          0       2000      39155   sensor_adc_dma.o
        52         12        664          0       4096       1020   startup_stm32h743xx.o
       314         62          0          9          0      25803   stm32h7xx_hal.o
      3370        230          0          0          0      80328   stm32h7xx_hal_adc.o
       184         10          0          0          0      61830   stm32h7xx_hal_adc_ex.o
       550         38          0          0          0      43727   stm32h7xx_hal_cortex.o
      5854        134          8          0          0      11681   stm32h7xx_hal_dma.o
      4330         84          0          0          0      20853   stm32h7xx_hal_eth.o
       724         72          0          0         28      14974   stm32h7xx_hal_flash.o
       572         32          0          0          0       3065   stm32h7xx_hal_flash_ex.o
       556         52          0          0          0       3800   stm32h7xx_hal_gpio.o
      1118          6          0          0          0       5093   stm32h7xx_hal_ltdc.o
        20          6          0          0          0        645   stm32h7xx_hal_pwr_ex.o
      3560        108          0          0          0       7400   stm32h7xx_hal_rcc.o
      7220        180          0          0          0      11231   stm32h7xx_hal_rcc_ex.o
       212          4          0          0          0       3088   stm32h7xx_hal_sdram.o
       112          6          0          0          0       1364   stm32h7xx_hal_sram.o
      5270        186         24          0          0      38370   stm32h7xx_hal_uart.o
         6          0          0          0          0       2505   stm32h7xx_hal_uart_ex.o
        34          0          0          0          0    1340795   stm32h7xx_it.o
       648         14          0          0          0       7092   stm32h7xx_ll_fmc.o
       616         24          0          0          0      39434   sys.o
       252         40         16          8          0       1750   system_stm32h7xx.o
      7786       3068        197         32          0      49552   tcp.o
      7660       1938          0         40         16      22059   tcp_in.o
      9794       3812         85          0          0      35322   tcp_out.o
       828        358         28         12          0       7378   timeouts.o
      1998        488          0          8          0      13060   udp.o
       448         58          0          7        344       5633   usart.o

    ----------------------------------------------------------------------
    112600      19808      13748        356   34541508    3304625   Object Totals
         0          0         32          0          0          0   (incl. Generated)
        98          0         13         18         69          0   (incl. Padding)

    ----------------------------------------------------------------------

      Code (inc. data)   RO Data    RW Data    ZI Data      Debug   Library Member Name

        86          0          0          0          0          0   __dczerorl2.o
        28          0          0          0          0         68   _chval.o
       158          0          0          0          0         92   _strtoul.o
         8          4        133          0          0         68   ctype_o.o
         0          0          0          0          0          0   entry.o
         0          0          0          0          0          0   entry10a.o
         0          0          0          0          0          0   entry11a.o
         4          0          0          0          0          0   entry12b.o
         8          4          0          0          0          0   entry2.o
         4          0          0          0          0          0   entry5.o
         0          0          0          0          0          0   entry7b.o
         0          0          0          0          0          0   entry8b.o
         8          4          0          0          0          0   entry9a.o
         8          4          0          4          0         68   errno.o
        30          0          0          0          0          0   handlers.o
        36          8          0          0          0         68   init.o
        30          0          0          0          0         68   llshl.o
        32          0          0          0          0         68   llushr.o
        26          0          0          0          0         80   memcmp.o
        64          0          0          0          0         76   memmovea.o
        36          0          0          0          0        108   memseta.o
      1266         64          0          0          0        660   printf8.o
        36         10          0          4          0        136   rand.o
        28          0          0          0          0         76   strcmp.o
        14          0          0          0          0         68   strlen.o
        30          0          0          0          0         80   strncmp.o
        36          0          0          0          0         80   strstr.o
       114          0          0          0          0         92   strtoul.o
        98          0          0          0          0         92   uldiv.o

    ----------------------------------------------------------------------
      2196         98        136          8          0       2048   Library Totals
         8          0          3          0          0          0   (incl. Padding)

    ----------------------------------------------------------------------

      Code (inc. data)   RO Data    RW Data    ZI Data      Debug   Library Name

      2188         98        133          8          0       2048   mc_w.l

    ----------------------------------------------------------------------
      2196         98        136          8          0       2048   Library Totals

    ----------------------------------------------------------------------

==============================================================================


      Code (inc. data)   RO Data    RW Data    ZI Data      Debug   

    114796      19906      13884        364   34541508    3257717   Grand Totals
    114796      19906      13884        100   34541508    3257717   ELF Image Totals (compressed)
    114796      19906      13884        100          0          0   ROM Totals

==============================================================================

    Total RO  Size (Code + RO Data)               128680 ( 125.66kB)
    Total RW  Size (RW Data + ZI Data)          34541872 (33732.30kB)
    Total ROM Size (Code + RO Data + RW Data)     128780 ( 125.76kB)

==============================================================================

