<html>
<body>
<pre>
<h1>礦ision Build Log</h1>
<h2>Tool Versions:</h2>
IDE-Version: μVision V5.38.0.0
Copyright (C) 2022 ARM Ltd and ARM Germany GmbH. All rights reserved.
License Information: miao myw2953373839@gmail.com, nuist, LIC=14HV2-925PC-NNAAF-6M4P2-GS948-JXYFC
 
Tool Versions:
Toolchain:       MDK-ARM Plus  Version: 5.38.0.0
Toolchain Path:  F:\work software\STM32\ProgramFile\MDK\Core\ARM\ARMCC\Bin
C Compiler:      Armcc.exe V5.06 update 7 (build 960)
Assembler:       Armasm.exe V5.06 update 7 (build 960)
Linker/Locator:  ArmLink.exe V5.06 update 7 (build 960)
Library Manager: ArmAr.exe V5.06 update 7 (build 960)
Hex Converter:   FromElf.exe V5.06 update 7 (build 960)
CPU DLL:         SARMCM3.DLL V5.38.0.0
Dialog DLL:      DCM.DLL V1.17.5.0
Target DLL:      STLink\ST-LINKIII-KEIL_SWO.dll V3.1.0.0
Dialog DLL:      TCM.DLL V1.56.4.0
 
<h2>Project:</h2>
C:\Users\myw29\Desktop\work\4，程序源码\3，扩展例程\5，lwIP例程\RAW_TCP_ADC_BRIDGE\Projects\MDK-ARM\atk_h743.uvprojx
Project File Date:  05/07/2026

<h2>Output:</h2>
*** Using Compiler 'V5.06 update 7 (build 960)', folder: 'F:\work software\STM32\ProgramFile\MDK\Core\ARM\ARMCC\Bin'
Rebuild target 'lwIP'
Note: source file '..\..\Middlewares\lwip\src\core\sys.c' - object file renamed from '..\..\Output\sys.o' to '..\..\Output\sys_1.o'.
Note: source file '..\..\Middlewares\lwip\src\netif\ethernet.c' - object file renamed from '..\..\Output\ethernet.o' to '..\..\Output\ethernet_1.o'.
assembling startup_stm32h743xx.s...
compiling stm32h7xx_it.c...
compiling delay.c...
compiling sys.c...
compiling stm32h7xx_hal_dma_ex.c...
compiling system_stm32h7xx.c...
compiling stm32h7xx_hal_cortex.c...
compiling usart.c...
compiling stm32h7xx_hal.c...
compiling main.c...
compiling stm32h7xx_hal_gpio.c...
compiling stm32h7xx_hal_dma.c...
compiling stm32h7xx_hal_pwr.c...
compiling stm32h7xx_hal_pwr_ex.c...
compiling stm32h7xx_hal_uart_ex.c...
compiling stm32h7xx_hal_rcc.c...
compiling stm32h7xx_hal_sram.c...
compiling stm32h7xx_ll_fmc.c...
compiling stm32h7xx_hal_mdma.c...
compiling stm32h7xx_hal_rcc_ex.c...
compiling stm32h7xx_hal_tim_ex.c...
compiling stm32h7xx_hal_uart.c...
compiling stm32h7xx_hal_tim.c...
compiling stm32h7xx_hal_sdram.c...
compiling stm32h7xx_hal_ltdc.c...
compiling stm32h7xx_hal_ltdc_ex.c...
compiling stm32h7xx_hal_eth_ex.c...
compiling stm32h7xx_hal_dcmi.c...
compiling led.c...
compiling stm32h7xx_hal_eth.c...
compiling stm32h7xx_hal_adc_ex.c...
compiling stm32h7xx_hal_adc.c...
compiling key.c...
compiling lcd.c...
compiling sdram.c...
compiling altcp.c...
compiling altcp_alloc.c...
compiling mpu.c...
compiling ltdc.c...
compiling altcp_tcp.c...
compiling ethernet_chip.c...
compiling def.c...
compiling ethernet.c...
compiling pcf8574.c...
compiling dns.c...
compiling myiic.c...
compiling inet_chksum.c...
compiling adc.c...
compiling malloc.c...
compiling init.c...
compiling ip.c...
compiling raw.c...
compiling mem.c...
compiling memp.c...
compiling netif.c...
compiling stats.c...
compiling pbuf.c...
compiling sys.c...
compiling autoip.c...
compiling timeouts.c...
compiling udp.c...
compiling tcp_in.c...
compiling tcp.c...
compiling icmp.c...
compiling igmp.c...
compiling etharp.c...
compiling tcp_out.c...
compiling ip4_addr.c...
compiling ip4.c...
compiling ethernet.c...
compiling ip4_frag.c...
compiling protocol_text.c...
compiling comm_lwip_tcp.c...
compiling device_service.c...
compiling ethernetif.c...
compiling lwip_comm.c...
..\..\Middlewares\lwip\arch\lwip_comm.c(122): warning:  #870-D: invalid multibyte character sequence
      printf("缃戝崱en鐨凪AC鍦板潃涓?:................%d.%d.%d.%d.%d.%d\r\n", g_lwipdev.mac[0], g_lwipdev.mac[1], g_lwipdev.mac[2], g_lwipdev.mac[3], g_lwipdev.mac[4], g_lwipdev.mac[5]);
..\..\Middlewares\lwip\arch\lwip_comm.c: 1 warning, 0 errors
compiling lwip_demo.c...
compiling sensor_adc_dma.c...
linking...
Program Size: Code=108640 RO-data=13724 RW-data=348 ZI-data=34539660  
FromELF: creating hex file...
"..\..\Output\atk_h743.axf" - 0 Error(s), 1 Warning(s).

<h2>Software Packages used:</h2>

Package Vendor: Keil
                http://www.keil.com/pack/Keil.STM32H7xx_DFP.3.0.0.pack
                Keil.STM32H7xx_DFP.3.0.0
                STMicroelectronics STM32H7 Series Device Support and Examples

<h2>Collection of Component include folders:</h2>
  F:/work software/STM32/ProgramFile/MDK/Packs/Keil/STM32H7xx_DFP/3.0.0/Drivers/CMSIS/Device/ST/STM32H7xx/Include

<h2>Collection of Component Files used:</h2>
Build Time Elapsed:  00:00:04
</pre>
</body>
</html>
