Component: ARM Compiler 5.06 update 7 (build 960) Tool: armlink [4d3601]

==============================================================================

Section Cross References

    startup_stm32h743xx.o(RESET) refers to startup_stm32h743xx.o(STACK) for __initial_sp
    startup_stm32h743xx.o(RESET) refers to startup_stm32h743xx.o(.text) for Reset_Handler
    startup_stm32h743xx.o(RESET) refers to stm32h7xx_it.o(i.NMI_Handler) for NMI_Handler
    startup_stm32h743xx.o(RESET) refers to stm32h7xx_it.o(i.HardFault_Handler) for HardFault_Handler
    startup_stm32h743xx.o(RESET) refers to stm32h7xx_it.o(i.MemManage_Handler) for MemManage_Handler
    startup_stm32h743xx.o(RESET) refers to stm32h7xx_it.o(i.BusFault_Handler) for BusFault_Handler
    startup_stm32h743xx.o(RESET) refers to stm32h7xx_it.o(i.UsageFault_Handler) for UsageFault_Handler
    startup_stm32h743xx.o(RESET) refers to stm32h7xx_it.o(i.SVC_Handler) for SVC_Handler
    startup_stm32h743xx.o(RESET) refers to stm32h7xx_it.o(i.DebugMon_Handler) for DebugMon_Handler
    startup_stm32h743xx.o(RESET) refers to stm32h7xx_it.o(i.PendSV_Handler) for PendSV_Handler
    startup_stm32h743xx.o(RESET) refers to stm32h7xx_it.o(i.SysTick_Handler) for SysTick_Handler
    startup_stm32h743xx.o(RESET) refers to usart.o(i.USART1_IRQHandler) for USART1_IRQHandler
    startup_stm32h743xx.o(RESET) refers to adc.o(i.DMA1_Stream7_IRQHandler) for DMA1_Stream7_IRQHandler
    startup_stm32h743xx.o(.text) refers to system_stm32h7xx.o(i.SystemInit) for SystemInit
    startup_stm32h743xx.o(.text) refers to entry.o(.ARM.Collect$$$$00000000) for __main
    main.o(i.lwip_test_ui) refers to lcd.o(i.lcd_show_string) for lcd_show_string
    main.o(i.lwip_test_ui) refers to printf8.o(i.__0sprintf$8) for __2sprintf
    main.o(i.lwip_test_ui) refers to ethernet.o(i.ethernet_chip_get_speed) for ethernet_chip_get_speed
    main.o(i.lwip_test_ui) refers to lcd.o(.bss) for lcddev
    main.o(i.lwip_test_ui) refers to lwip_comm.o(.bss) for g_lwipdev
    main.o(i.main) refers to mpu.o(i.mpu_memory_protection) for mpu_memory_protection
    main.o(i.main) refers to sys.o(i.sys_cache_enable) for sys_cache_enable
    main.o(i.main) refers to stm32h7xx_hal.o(i.HAL_Init) for HAL_Init
    main.o(i.main) refers to sys.o(i.sys_stm32_clock_init) for sys_stm32_clock_init
    main.o(i.main) refers to delay.o(i.delay_init) for delay_init
    main.o(i.main) refers to usart.o(i.usart_init) for usart_init
    main.o(i.main) refers to sdram.o(i.sdram_init) for sdram_init
    main.o(i.main) refers to led.o(i.led_init) for led_init
    main.o(i.main) refers to lcd.o(i.lcd_init) for lcd_init
    main.o(i.main) refers to key.o(i.key_init) for key_init
    main.o(i.main) refers to stm32h7xx_hal_gpio.o(i.HAL_GPIO_ReadPin) for HAL_GPIO_ReadPin
    main.o(i.main) refers to delay.o(i.delay_ms) for delay_ms
    main.o(i.main) refers to net_config.o(i.net_config_clear) for net_config_clear
    main.o(i.main) refers to lcd.o(i.lcd_clear) for lcd_clear
    main.o(i.main) refers to lcd.o(i.lcd_show_string) for lcd_show_string
    main.o(i.main) refers to sensor_adc_dma.o(i.sensor_adc_dma_get_bridge) for sensor_adc_dma_get_bridge
    main.o(i.main) refers to comm_lwip_tcp.o(i.comm_lwip_tcp_get_bridge) for comm_lwip_tcp_get_bridge
    main.o(i.main) refers to device_service.o(i.device_service_init) for device_service_init
    main.o(i.main) refers to stm32h7xx_hal_gpio.o(i.HAL_GPIO_TogglePin) for HAL_GPIO_TogglePin
    main.o(i.main) refers to pcf8574.o(i.pcf8574_init) for pcf8574_init
    main.o(i.main) refers to malloc.o(i.my_mem_init) for my_mem_init
    main.o(i.main) refers to main.o(i.lwip_test_ui) for lwip_test_ui
    main.o(i.main) refers to lcd.o(i.lcd_fill) for lcd_fill
    main.o(i.main) refers to lwip_comm.o(i.lwip_comm_init) for lwip_comm_init
    main.o(i.main) refers to comm_lwip_udp_discover.o(i.comm_lwip_udp_discover_init) for comm_lwip_udp_discover_init
    main.o(i.main) refers to printf8.o(i.__0printf$8) for __2printf
    main.o(i.main) refers to lwip_demo.o(i.lwip_demo) for lwip_demo
    main.o(i.main) refers to lwip_comm.o(i.lwip_periodic_handle) for lwip_periodic_handle
    main.o(i.main) refers to lwip_comm.o(i.lwip_pkt_handle) for lwip_pkt_handle
    main.o(i.main) refers to key.o(i.key_scan) for key_scan
    main.o(i.main) refers to lcd.o(.bss) for lcddev
    main.o(i.main) refers to lwip_demo.o(.data) for g_lwip_send_flag
    stm32h7xx_it.o(i.SysTick_Handler) refers to stm32h7xx_hal.o(i.HAL_IncTick) for HAL_IncTick
    system_stm32h7xx.o(i.SystemCoreClockUpdate) refers to system_stm32h7xx.o(.constdata) for D1CorePrescTable
    system_stm32h7xx.o(i.SystemCoreClockUpdate) refers to system_stm32h7xx.o(.data) for SystemD2Clock
    delay.o(i.delay_init) refers to stm32h7xx_hal_cortex.o(i.HAL_SYSTICK_CLKSourceConfig) for HAL_SYSTICK_CLKSourceConfig
    delay.o(i.delay_init) refers to delay.o(.data) for g_fac_us
    delay.o(i.delay_ms) refers to delay.o(i.delay_us) for delay_us
[...]
    comm_lwip_tcp.o(i.comm_lwip_tcp_get_bridge) refers to comm_lwip_tcp.o(.constdata) for s_comm_lwip_tcp_bridge
    comm_lwip_tcp.o(i.comm_lwip_tcp_is_connected_impl) refers to comm_lwip_tcp.o(.data) for s_client_pcb
    comm_lwip_tcp.o(i.comm_lwip_tcp_on_receive) refers to device_service.o(i.device_service_on_rx) for device_service_on_rx
    comm_lwip_tcp.o(i.comm_lwip_tcp_on_sent) refers to comm_lwip_tcp.o(i.comm_lwip_tcp_pump) for comm_lwip_tcp_pump
    comm_lwip_tcp.o(i.comm_lwip_tcp_poll) refers to comm_lwip_tcp.o(i.comm_lwip_tcp_pump) for comm_lwip_tcp_pump
    comm_lwip_tcp.o(i.comm_lwip_tcp_pump) refers to tcp_out.o(i.tcp_write) for tcp_write
    comm_lwip_tcp.o(i.comm_lwip_tcp_pump) refers to tcp_out.o(i.tcp_output) for tcp_output
    comm_lwip_tcp.o(i.comm_lwip_tcp_pump) refers to comm_lwip_tcp.o(.data) for s_client_pcb
    comm_lwip_tcp.o(i.comm_lwip_tcp_pump) refers to comm_lwip_tcp.o(.bss) for s_tx_slots
    comm_lwip_tcp.o(i.comm_lwip_tcp_send_impl) refers to memmovea.o(.text) for __aeabi_memcpy
    comm_lwip_tcp.o(i.comm_lwip_tcp_send_impl) refers to comm_lwip_tcp.o(i.comm_lwip_tcp_pump) for comm_lwip_tcp_pump
    comm_lwip_tcp.o(i.comm_lwip_tcp_send_impl) refers to comm_lwip_tcp.o(.data) for s_client_pcb
    comm_lwip_tcp.o(i.comm_lwip_tcp_send_impl) refers to comm_lwip_tcp.o(.bss) for s_tx_slots
    comm_lwip_tcp.o(i.comm_lwip_tcp_set_client) refers to comm_lwip_tcp.o(i.comm_lwip_tcp_clear_queue) for comm_lwip_tcp_clear_queue
    comm_lwip_tcp.o(i.comm_lwip_tcp_set_client) refers to comm_lwip_tcp.o(.data) for s_client_pcb
    comm_lwip_tcp.o(.constdata) refers to comm_lwip_tcp.o(i.comm_lwip_tcp_send_impl) for comm_lwip_tcp_send_impl
    comm_lwip_tcp.o(.constdata) refers to comm_lwip_tcp.o(i.comm_lwip_tcp_can_send_impl) for comm_lwip_tcp_can_send_impl
    comm_lwip_tcp.o(.constdata) refers to comm_lwip_tcp.o(i.comm_lwip_tcp_is_connected_impl) for comm_lwip_tcp_is_connected_impl
    comm_lwip_udp_discover.o(i.comm_lwip_udp_discover_format_reply) refers to printf8.o(i.__0snprintf$8) for __2snprintf
    comm_lwip_udp_discover.o(i.comm_lwip_udp_discover_format_reply) refers to lwip_comm.o(.bss) for g_lwipdev
    comm_lwip_udp_discover.o(i.comm_lwip_udp_discover_format_reply) refers to comm_lwip_udp_discover.o(.conststring) for .conststring
    comm_lwip_udp_discover.o(i.comm_lwip_udp_discover_init) refers to udp.o(i.udp_new) for udp_new
    comm_lwip_udp_discover.o(i.comm_lwip_udp_discover_init) refers to udp.o(i.udp_bind) for udp_bind
    comm_lwip_udp_discover.o(i.comm_lwip_udp_discover_init) refers to udp.o(i.udp_remove) for udp_remove
    comm_lwip_udp_discover.o(i.comm_lwip_udp_discover_init) refers to udp.o(i.udp_recv) for udp_recv
    comm_lwip_udp_discover.o(i.comm_lwip_udp_discover_init) refers to comm_lwip_udp_discover.o(.data) for s_discover_pcb
    comm_lwip_udp_discover.o(i.comm_lwip_udp_discover_init) refers to ip4_addr.o(.constdata) for ip_addr_any
    comm_lwip_udp_discover.o(i.comm_lwip_udp_discover_init) refers to comm_lwip_udp_discover.o(i.comm_lwip_udp_discover_on_receive) for comm_lwip_udp_discover_on_receive
    comm_lwip_udp_discover.o(i.comm_lwip_udp_discover_is_request) refers to strlen.o(.text) for strlen
    comm_lwip_udp_discover.o(i.comm_lwip_udp_discover_is_request) refers to strncmp.o(.text) for strncmp
    comm_lwip_udp_discover.o(i.comm_lwip_udp_discover_on_receive) refers to pbuf.o(i.pbuf_free) for pbuf_free
    comm_lwip_udp_discover.o(i.comm_lwip_udp_discover_on_receive) refers to pbuf.o(i.pbuf_copy_partial) for pbuf_copy_partial
    comm_lwip_udp_discover.o(i.comm_lwip_udp_discover_on_receive) refers to comm_lwip_udp_discover.o(i.comm_lwip_udp_discover_is_request) for comm_lwip_udp_discover_is_request
    comm_lwip_udp_discover.o(i.comm_lwip_udp_discover_on_receive) refers to comm_lwip_udp_discover.o(i.comm_lwip_udp_discover_format_reply) for comm_lwip_udp_discover_format_reply
    comm_lwip_udp_discover.o(i.comm_lwip_udp_discover_on_receive) refers to comm_lwip_udp_discover.o(i.comm_lwip_udp_discover_send_reply) for comm_lwip_udp_discover_send_reply
    comm_lwip_udp_discover.o(i.comm_lwip_udp_discover_send_reply) refers to pbuf.o(i.pbuf_alloc) for pbuf_alloc
    comm_lwip_udp_discover.o(i.comm_lwip_udp_discover_send_reply) refers to memmovea.o(.text) for __aeabi_memcpy
    comm_lwip_udp_discover.o(i.comm_lwip_udp_discover_send_reply) refers to udp.o(i.udp_sendto) for udp_sendto
    comm_lwip_udp_discover.o(i.comm_lwip_udp_discover_send_reply) refers to pbuf.o(i.pbuf_free) for pbuf_free
    sensor_adc_dma.o(i.adc_dma_full_transfer_callback) refers to sensor_adc_dma.o(i.sensor_adc_dma_push_block) for sensor_adc_dma_push_block
    sensor_adc_dma.o(i.adc_dma_full_transfer_callback) refers to adc.o(.data) for g_adc_dma_sta
    sensor_adc_dma.o(i.adc_dma_half_transfer_callback) refers to sensor_adc_dma.o(i.sensor_adc_dma_push_block) for sensor_adc_dma_push_block
    sensor_adc_dma.o(i.adc_dma_half_transfer_callback) refers to adc.o(.data) for g_adc_dma_sta
    sensor_adc_dma.o(i.sensor_adc_dma_get_bridge) refers to sensor_adc_dma.o(.constdata) for s_sensor_adc_dma_bridge
    sensor_adc_dma.o(i.sensor_adc_dma_init_impl) refers to adc.o(i.adc_dma_init) for adc_dma_init
    sensor_adc_dma.o(i.sensor_adc_dma_init_impl) refers to adc.o(i.adc_dma_enable) for adc_dma_enable
    sensor_adc_dma.o(i.sensor_adc_dma_init_impl) refers to sensor_adc_dma.o(.data) for s_adc_queue_read_index
    sensor_adc_dma.o(i.sensor_adc_dma_init_impl) refers to adc.o(.data) for g_adc_dma_sta
    sensor_adc_dma.o(i.sensor_adc_dma_init_impl) refers to sensor_adc_dma.o(.bss) for s_adc_dma_buf
    sensor_adc_dma.o(i.sensor_adc_dma_invalidate_block) refers to sensor_adc_dma.o(.bss) for s_adc_dma_buf
    sensor_adc_dma.o(i.sensor_adc_dma_push_block) refers to sensor_adc_dma.o(i.sensor_adc_dma_invalidate_block) for sensor_adc_dma_invalidate_block
    sensor_adc_dma.o(i.sensor_adc_dma_push_block) refers to memmovea.o(.text) for __aeabi_memcpy
    sensor_adc_dma.o(i.sensor_adc_dma_push_block) refers to sensor_adc_dma.o(.data) for s_adc_queue_count
    sensor_adc_dma.o(i.sensor_adc_dma_push_block) refers to sensor_adc_dma.o(.bss) for s_adc_dma_buf
    sensor_adc_dma.o(i.sensor_adc_dma_read_impl) refers to stm32h7xx_hal_cortex.o(i.HAL_NVIC_DisableIRQ) for HAL_NVIC_DisableIRQ
    sensor_adc_dma.o(i.sensor_adc_dma_read_impl) refers to stm32h7xx_hal_cortex.o(i.HAL_NVIC_EnableIRQ) for HAL_NVIC_EnableIRQ
    sensor_adc_dma.o(i.sensor_adc_dma_read_impl) refers to memmovea.o(.text) for __aeabi_memcpy
    sensor_adc_dma.o(i.sensor_adc_dma_read_impl) refers to sensor_adc_dma.o(.data) for s_adc_queue_count
    sensor_adc_dma.o(i.sensor_adc_dma_read_impl) refers to sensor_adc_dma.o(.bss) for s_adc_queue
    sensor_adc_dma.o(i.sensor_adc_dma_read_impl) refers to adc.o(.data) for g_adc_dma_drop_count
    sensor_adc_dma.o(.constdata) refers to sensor_adc_dma.o(i.sensor_adc_dma_init_impl) for sensor_adc_dma_init_impl
    sensor_adc_dma.o(.constdata) refers to sensor_adc_dma.o(i.sensor_adc_dma_read_impl) for sensor_adc_dma_read_impl
    flash_storage.o(i.flash_storage_erase) refers to stm32h7xx_hal_flash.o(i.HAL_FLASH_Unlock) for HAL_FLASH_Unlock
    flash_storage.o(i.flash_storage_erase) refers to stm32h7xx_hal_flash_ex.o(i.HAL_FLASHEx_Erase) for HAL_FLASHEx_Erase
    flash_storage.o(i.flash_storage_erase) refers to stm32h7xx_hal_flash.o(i.HAL_FLASH_Lock) for HAL_FLASH_Lock
    flash_storage.o(i.flash_storage_read) refers to memmovea.o(.text) for __aeabi_memcpy
    flash_storage.o(i.flash_storage_write) refers to memseta.o(.text) for __aeabi_memset
    flash_storage.o(i.flash_storage_write) refers to memmovea.o(.text) for __aeabi_memcpy
    flash_storage.o(i.flash_storage_write) refers to flash_storage.o(i.flash_storage_erase) for flash_storage_erase
    flash_storage.o(i.flash_storage_write) refers to stm32h7xx_hal_flash.o(i.HAL_FLASH_Unlock) for HAL_FLASH_Unlock
    flash_storage.o(i.flash_storage_write) refers to stm32h7xx_hal_flash.o(i.HAL_FLASH_Program) for HAL_FLASH_Program
    flash_storage.o(i.flash_storage_write) refers to stm32h7xx_hal_flash.o(i.HAL_FLASH_Lock) for HAL_FLASH_Lock
    entry.o(.ARM.Collect$$$$00000000) refers (Special) to entry10a.o(.ARM.Collect$$$$0000000F) for __rt_final_cpp
    entry.o(.ARM.Collect$$$$00000000) refers (Special) to entry11a.o(.ARM.Collect$$$$00000011) for __rt_final_exit
    entry.o(.ARM.Collect$$$$00000000) refers (Special) to entry12b.o(.ARM.Collect$$$$0000000E) for __rt_lib_shutdown_fini
    entry.o(.ARM.Collect$$$$00000000) refers (Special) to entry7b.o(.ARM.Collect$$$$00000008) for _main_clock
    entry.o(.ARM.Collect$$$$00000000) refers (Special) to entry8b.o(.ARM.Collect$$$$0000000A) for _main_cpp_init
    entry.o(.ARM.Collect$$$$00000000) refers (Special) to entry9a.o(.ARM.Collect$$$$0000000B) for _main_init
    entry.o(.ARM.Collect$$$$00000000) refers (Special) to entry5.o(.ARM.Collect$$$$00000004) for _main_scatterload
    entry.o(.ARM.Collect$$$$00000000) refers (Special) to entry2.o(.ARM.Collect$$$$00000001) for _main_stk
    uldiv.o(.text) refers to llushr.o(.text) for __aeabi_llsr
    uldiv.o(.text) refers to llshl.o(.text) for __aeabi_llsl
    ctype_o.o(.text) refers to ctype_o.o(.constdata) for .constdata
    ctype_o.o(.constdata) refers to ctype_o.o(.constdata) for __ctype_table
    isalnum_o.o(.text) refers to ctype_o.o(.text) for __rt_ctype_table
    isalpha_o.o(.text) refers to ctype_o.o(.text) for __rt_ctype_table
    isblank_o.o(.text) refers to ctype_o.o(.constdata) for __ctype_table
    iscntrl_o.o(.text) refers to ctype_o.o(.text) for __rt_ctype_table
    isdigit_o.o(.text) refers to ctype_o.o(.text) for __rt_ctype_table
    isgraph_o.o(.text) refers to ctype_o.o(.text) for __rt_ctype_table
    islower_o.o(.text) refers to ctype_o.o(.text) for __rt_ctype_table
    isprint_o.o(.text) refers to ctype_o.o(.text) for __rt_ctype_table
    ispunct_o.o(.text) refers to ctype_o.o(.text) for __rt_ctype_table
    isspace_o.o(.text) refers to ctype_o.o(.text) for __rt_ctype_table
    isupper_o.o(.text) refers to ctype_o.o(.text) for __rt_ctype_table
    isxdigit_o.o(.text) refers to ctype_o.o(.text) for __rt_ctype_table
    rand.o(.text) refers to rand.o(.data) for .data
    printfb.o(i.__0fprintf$bare) refers to printfb.o(i._printf_core) for _printf_core
    printfb.o(i.__0fprintf$bare) refers to usart.o(i.fputc) for fputc
    printfb.o(i.__0printf$bare) refers to printfb.o(i._printf_core) for _printf_core
    printfb.o(i.__0printf$bare) refers to usart.o(i.fputc) for fputc
    printfb.o(i.__0printf$bare) refers to usart.o(.data) for __stdout
    printfb.o(i.__0snprintf$bare) refers to printfb.o(i._printf_core) for _printf_core
    printfb.o(i.__0snprintf$bare) refers to printfb.o(i._snputc) for _snputc
    printfb.o(i.__0sprintf$bare) refers to printfb.o(i._printf_core) for _printf_core
    printfb.o(i.__0sprintf$bare) refers to printfb.o(i._sputc) for _sputc
    printfb.o(i.__0vfprintf$bare) refers to printfb.o(i._printf_core) for _printf_core
    printfb.o(i.__0vfprintf$bare) refers to usart.o(i.fputc) for fputc
    printfb.o(i.__0vprintf$bare) refers to printfb.o(i._printf_core) for _printf_core
    printfb.o(i.__0vprintf$bare) refers to usart.o(i.fputc) for fputc
    printfb.o(i.__0vprintf$bare) refers to usart.o(.data) for __stdout
    printfb.o(i.__0vsnprintf$bare) refers to printfb.o(i._printf_core) for _printf_core
    printfb.o(i.__0vsnprintf$bare) refers to printfb.o(i._snputc) for _snputc
    printfb.o(i.__0vsprintf$bare) refers to printfb.o(i._printf_core) for _printf_core
    printfb.o(i.__0vsprintf$bare) refers to printfb.o(i._sputc) for _sputc
    printf0.o(i.__0fprintf$0) refers to printf0.o(i._printf_core) for _printf_core
    printf0.o(i.__0fprintf$0) refers to usart.o(i.fputc) for fputc
    printf0.o(i.__0printf$0) refers to printf0.o(i._printf_core) for _printf_core
    printf0.o(i.__0printf$0) refers to usart.o(i.fputc) for fputc
    printf0.o(i.__0printf$0) refers to usart.o(.data) for __stdout
    printf0.o(i.__0snprintf$0) refers to printf0.o(i._printf_core) for _printf_core
    printf0.o(i.__0snprintf$0) refers to printf0.o(i._snputc) for _snputc
    printf0.o(i.__0sprintf$0) refers to printf0.o(i._printf_core) for _printf_core
    printf0.o(i.__0sprintf$0) refers to printf0.o(i._sputc) for _sputc
    printf0.o(i.__0vfprintf$0) refers to printf0.o(i._printf_core) for _printf_core
    printf0.o(i.__0vfprintf$0) refers to usart.o(i.fputc) for fputc
    printf0.o(i.__0vprintf$0) refers to printf0.o(i._printf_core) for _printf_core
    printf0.o(i.__0vprintf$0) refers to usart.o(i.fputc) for fputc
    printf0.o(i.__0vprintf$0) refers to usart.o(.data) for __stdout
    printf0.o(i.__0vsnprintf$0) refers to printf0.o(i._printf_core) for _printf_core
    printf0.o(i.__0vsnprintf$0) refers to printf0.o(i._snputc) for _snputc
    printf0.o(i.__0vsprintf$0) refers to printf0.o(i._printf_core) for _printf_core
    printf0.o(i.__0vsprintf$0) refers to printf0.o(i._sputc) for _sputc
    printf1.o(i.__0fprintf$1) refers to printf1.o(i._printf_core) for _printf_core
    printf1.o(i.__0fprintf$1) refers to usart.o(i.fputc) for fputc
    printf1.o(i.__0printf$1) refers to printf1.o(i._printf_core) for _printf_core
    printf1.o(i.__0printf$1) refers to usart.o(i.fputc) for fputc
    printf1.o(i.__0printf$1) refers to usart.o(.data) for __stdout
    printf1.o(i.__0snprintf$1) refers to printf1.o(i._printf_core) for _printf_core
    printf1.o(i.__0snprintf$1) refers to printf1.o(i._snputc) for _snputc
    printf1.o(i.__0sprintf$1) refers to printf1.o(i._printf_core) for _printf_core
    printf1.o(i.__0sprintf$1) refers to printf1.o(i._sputc) for _sputc
    printf1.o(i.__0vfprintf$1) refers to printf1.o(i._printf_core) for _printf_core
    printf1.o(i.__0vfprintf$1) refers to usart.o(i.fputc) for fputc
    printf1.o(i.__0vprintf$1) refers to printf1.o(i._printf_core) for _printf_core
    printf1.o(i.__0vprintf$1) refers to usart.o(i.fputc) for fputc
    printf1.o(i.__0vprintf$1) refers to usart.o(.data) for __stdout
    printf1.o(i.__0vsnprintf$1) refers to printf1.o(i._printf_core) for _printf_core
    printf1.o(i.__0vsnprintf$1) refers to printf1.o(i._snputc) for _snputc
    printf1.o(i.__0vsprintf$1) refers to printf1.o(i._printf_core) for _printf_core
    printf1.o(i.__0vsprintf$1) refers to printf1.o(i._sputc) for _sputc
    printf1.o(i._printf_core) refers to uidiv.o(.text) for __aeabi_uidivmod
    printf2.o(i.__0fprintf$2) refers to printf2.o(i._printf_core) for _printf_core
    printf2.o(i.__0fprintf$2) refers to usart.o(i.fputc) for fputc
    printf2.o(i.__0printf$2) refers to printf2.o(i._printf_core) for _printf_core
    printf2.o(i.__0printf$2) refers to usart.o(i.fputc) for fputc
    printf2.o(i.__0printf$2) refers to usart.o(.data) for __stdout
    printf2.o(i.__0snprintf$2) refers to printf2.o(i._printf_core) for _printf_core
    printf2.o(i.__0snprintf$2) refers to printf2.o(i._snputc) for _snputc
    printf2.o(i.__0sprintf$2) refers to printf2.o(i._printf_core) for _printf_core
    printf2.o(i.__0sprintf$2) refers to printf2.o(i._sputc) for _sputc
    printf2.o(i.__0vfprintf$2) refers to printf2.o(i._printf_core) for _printf_core
    printf2.o(i.__0vfprintf$2) refers to usart.o(i.fputc) for fputc
    printf2.o(i.__0vprintf$2) refers to printf2.o(i._printf_core) for _printf_core
    printf2.o(i.__0vprintf$2) refers to usart.o(i.fputc) for fputc
    printf2.o(i.__0vprintf$2) refers to usart.o(.data) for __stdout
    printf2.o(i.__0vsnprintf$2) refers to printf2.o(i._printf_core) for _printf_core
    printf2.o(i.__0vsnprintf$2) refers to printf2.o(i._snputc) for _snputc
    printf2.o(i.__0vsprintf$2) refers to printf2.o(i._printf_core) for _printf_core
    printf2.o(i.__0vsprintf$2) refers to printf2.o(i._sputc) for _sputc
    printf3.o(i.__0fprintf$3) refers to printf3.o(i._printf_core) for _printf_core
    printf3.o(i.__0fprintf$3) refers to usart.o(i.fputc) for fputc
    printf3.o(i.__0printf$3) refers to printf3.o(i._printf_core) for _printf_core
    printf3.o(i.__0printf$3) refers to usart.o(i.fputc) for fputc
    printf3.o(i.__0printf$3) refers to usart.o(.data) for __stdout
    printf3.o(i.__0snprintf$3) refers to printf3.o(i._printf_core) for _printf_core
    printf3.o(i.__0snprintf$3) refers to printf3.o(i._snputc) for _snputc
    printf3.o(i.__0sprintf$3) refers to printf3.o(i._printf_core) for _printf_core
    printf3.o(i.__0sprintf$3) refers to printf3.o(i._sputc) for _sputc
    printf3.o(i.__0vfprintf$3) refers to printf3.o(i._printf_core) for _printf_core
    printf3.o(i.__0vfprintf$3) refers to usart.o(i.fputc) for fputc
    printf3.o(i.__0vprintf$3) refers to printf3.o(i._printf_core) for _printf_core
    printf3.o(i.__0vprintf$3) refers to usart.o(i.fputc) for fputc
    printf3.o(i.__0vprintf$3) refers to usart.o(.data) for __stdout
    printf3.o(i.__0vsnprintf$3) refers to printf3.o(i._printf_core) for _printf_core
    printf3.o(i.__0vsnprintf$3) refers to printf3.o(i._snputc) for _snputc
    printf3.o(i.__0vsprintf$3) refers to printf3.o(i._printf_core) for _printf_core
    printf3.o(i.__0vsprintf$3) refers to printf3.o(i._sputc) for _sputc
    printf3.o(i._printf_core) refers to uidiv.o(.text) for __aeabi_uidivmod
    printf4.o(i.__0fprintf$4) refers to printf4.o(i._printf_core) for _printf_core
    printf4.o(i.__0fprintf$4) refers to usart.o(i.fputc) for fputc
    printf4.o(i.__0printf$4) refers to printf4.o(i._printf_core) for _printf_core
    printf4.o(i.__0printf$4) refers to usart.o(i.fputc) for fputc
    printf4.o(i.__0printf$4) refers to usart.o(.data) for __stdout
    printf4.o(i.__0snprintf$4) refers to printf4.o(i._printf_core) for _printf_core
    printf4.o(i.__0snprintf$4) refers to printf4.o(i._snputc) for _snputc
    printf4.o(i.__0sprintf$4) refers to printf4.o(i._printf_core) for _printf_core
    printf4.o(i.__0sprintf$4) refers to printf4.o(i._sputc) for _sputc
    printf4.o(i.__0vfprintf$4) refers to printf4.o(i._printf_core) for _printf_core
    printf4.o(i.__0vfprintf$4) refers to usart.o(i.fputc) for fputc
    printf4.o(i.__0vprintf$4) refers to printf4.o(i._printf_core) for _printf_core
    printf4.o(i.__0vprintf$4) refers to usart.o(i.fputc) for fputc
    printf4.o(i.__0vprintf$4) refers to usart.o(.data) for __stdout
    printf4.o(i.__0vsnprintf$4) refers to printf4.o(i._printf_core) for _printf_core
    printf4.o(i.__0vsnprintf$4) refers to printf4.o(i._snputc) for _snputc
    printf4.o(i.__0vsprintf$4) refers to printf4.o(i._printf_core) for _printf_core
    printf4.o(i.__0vsprintf$4) refers to printf4.o(i._sputc) for _sputc
    printf4.o(i._printf_core) refers to uldiv.o(.text) for __aeabi_uldivmod
    printf5.o(i.__0fprintf$5) refers to printf5.o(i._printf_core) for _printf_core
    printf5.o(i.__0fprintf$5) refers to usart.o(i.fputc) for fputc
    printf5.o(i.__0printf$5) refers to printf5.o(i._printf_core) for _printf_core
    printf5.o(i.__0printf$5) refers to usart.o(i.fputc) for fputc
    printf5.o(i.__0printf$5) refers to usart.o(.data) for __stdout
    printf5.o(i.__0snprintf$5) refers to printf5.o(i._printf_core) for _printf_core
    printf5.o(i.__0snprintf$5) refers to printf5.o(i._snputc) for _snputc
    printf5.o(i.__0sprintf$5) refers to printf5.o(i._printf_core) for _printf_core
    printf5.o(i.__0sprintf$5) refers to printf5.o(i._sputc) for _sputc
    printf5.o(i.__0vfprintf$5) refers to printf5.o(i._printf_core) for _printf_core
    printf5.o(i.__0vfprintf$5) refers to usart.o(i.fputc) for fputc
    printf5.o(i.__0vprintf$5) refers to printf5.o(i._printf_core) for _printf_core
    printf5.o(i.__0vprintf$5) refers to usart.o(i.fputc) for fputc
    printf5.o(i.__0vprintf$5) refers to usart.o(.data) for __stdout
    printf5.o(i.__0vsnprintf$5) refers to printf5.o(i._printf_core) for _printf_core
    printf5.o(i.__0vsnprintf$5) refers to printf5.o(i._snputc) for _snputc
    printf5.o(i.__0vsprintf$5) refers to printf5.o(i._printf_core) for _printf_core
    printf5.o(i.__0vsprintf$5) refers to printf5.o(i._sputc) for _sputc
    printf5.o(i._printf_core) refers to uldiv.o(.text) for __aeabi_uldivmod
    printf6.o(i.__0fprintf$6) refers to printf6.o(i._printf_core) for _printf_core
    printf6.o(i.__0fprintf$6) refers to usart.o(i.fputc) for fputc
    printf6.o(i.__0printf$6) refers to printf6.o(i._printf_core) for _printf_core
    printf6.o(i.__0printf$6) refers to usart.o(i.fputc) for fputc
    printf6.o(i.__0printf$6) refers to usart.o(.data) for __stdout
    printf6.o(i.__0snprintf$6) refers to printf6.o(i._printf_core) for _printf_core
    printf6.o(i.__0snprintf$6) refers to printf6.o(i._snputc) for _snputc
    printf6.o(i.__0sprintf$6) refers to printf6.o(i._printf_core) for _printf_core
    printf6.o(i.__0sprintf$6) refers to printf6.o(i._sputc) for _sputc
    printf6.o(i.__0vfprintf$6) refers to printf6.o(i._printf_core) for _printf_core
    printf6.o(i.__0vfprintf$6) refers to usart.o(i.fputc) for fputc
    printf6.o(i.__0vprintf$6) refers to printf6.o(i._printf_core) for _printf_core
    printf6.o(i.__0vprintf$6) refers to usart.o(i.fputc) for fputc
    printf6.o(i.__0vprintf$6) refers to usart.o(.data) for __stdout
    printf6.o(i.__0vsnprintf$6) refers to printf6.o(i._printf_core) for _printf_core
    printf6.o(i.__0vsnprintf$6) refers to printf6.o(i._snputc) for _snputc
    printf6.o(i.__0vsprintf$6) refers to printf6.o(i._printf_core) for _printf_core
    printf6.o(i.__0vsprintf$6) refers to printf6.o(i._sputc) for _sputc
    printf6.o(i._printf_core) refers to printf6.o(i._printf_pre_padding) for _printf_pre_padding
    printf6.o(i._printf_core) refers to uidiv.o(.text) for __aeabi_uidivmod
    printf6.o(i._printf_core) refers to printf6.o(i._printf_post_padding) for _printf_post_padding
    printf7.o(i.__0fprintf$7) refers to printf7.o(i._printf_core) for _printf_core
    printf7.o(i.__0fprintf$7) refers to usart.o(i.fputc) for fputc
    printf7.o(i.__0printf$7) refers to printf7.o(i._printf_core) for _printf_core
    printf7.o(i.__0printf$7) refers to usart.o(i.fputc) for fputc
    printf7.o(i.__0printf$7) refers to usart.o(.data) for __stdout
    printf7.o(i.__0snprintf$7) refers to printf7.o(i._printf_core) for _printf_core
    printf7.o(i.__0snprintf$7) refers to printf7.o(i._snputc) for _snputc
    printf7.o(i.__0sprintf$7) refers to printf7.o(i._printf_core) for _printf_core
    printf7.o(i.__0sprintf$7) refers to printf7.o(i._sputc) for _sputc
    printf7.o(i.__0vfprintf$7) refers to printf7.o(i._printf_core) for _printf_core
    printf7.o(i.__0vfprintf$7) refers to usart.o(i.fputc) for fputc
    printf7.o(i.__0vprintf$7) refers to printf7.o(i._printf_core) for _printf_core
    printf7.o(i.__0vprintf$7) refers to usart.o(i.fputc) for fputc
    printf7.o(i.__0vprintf$7) refers to usart.o(.data) for __stdout
    printf7.o(i.__0vsnprintf$7) refers to printf7.o(i._printf_core) for _printf_core
    printf7.o(i.__0vsnprintf$7) refers to printf7.o(i._snputc) for _snputc
    printf7.o(i.__0vsprintf$7) refers to printf7.o(i._printf_core) for _printf_core
    printf7.o(i.__0vsprintf$7) refers to printf7.o(i._sputc) for _sputc
    printf7.o(i._printf_core) refers to printf7.o(i._printf_pre_padding) for _printf_pre_padding
    printf7.o(i._printf_core) refers to uldiv.o(.text) for __aeabi_uldivmod
    printf7.o(i._printf_core) refers to printf7.o(i._printf_post_padding) for _printf_post_padding
    printf8.o(i.__0fprintf$8) refers to printf8.o(i._printf_core) for _printf_core
    printf8.o(i.__0fprintf$8) refers to usart.o(i.fputc) for fputc
    printf8.o(i.__0printf$8) refers to printf8.o(i._printf_core) for _printf_core
    printf8.o(i.__0printf$8) refers to usart.o(i.fputc) for fputc
    printf8.o(i.__0printf$8) refers to usart.o(.data) for __stdout
    printf8.o(i.__0snprintf$8) refers to printf8.o(i._printf_core) for _printf_core
    printf8.o(i.__0snprintf$8) refers to printf8.o(i._snputc) for _snputc
    printf8.o(i.__0sprintf$8) refers to printf8.o(i._printf_core) for _printf_core
    printf8.o(i.__0sprintf$8) refers to printf8.o(i._sputc) for _sputc
    printf8.o(i.__0vfprintf$8) refers to printf8.o(i._printf_core) for _printf_core
    printf8.o(i.__0vfprintf$8) refers to usart.o(i.fputc) for fputc
    printf8.o(i.__0vprintf$8) refers to printf8.o(i._printf_core) for _printf_core
    printf8.o(i.__0vprintf$8) refers to usart.o(i.fputc) for fputc
    printf8.o(i.__0vprintf$8) refers to usart.o(.data) for __stdout
    printf8.o(i.__0vsnprintf$8) refers to printf8.o(i._printf_core) for _printf_core
    printf8.o(i.__0vsnprintf$8) refers to printf8.o(i._snputc) for _snputc
    printf8.o(i.__0vsprintf$8) refers to printf8.o(i._printf_core) for _printf_core
    printf8.o(i.__0vsprintf$8) refers to printf8.o(i._sputc) for _sputc
    printf8.o(i._printf_core) refers to printf8.o(i._printf_pre_padding) for _printf_pre_padding
    printf8.o(i._printf_core) refers to uldiv.o(.text) for __aeabi_uldivmod
    printf8.o(i._printf_core) refers to printf8.o(i._printf_post_padding) for _printf_post_padding
    printfa.o(i.__0fprintf) refers (Special) to iusefp.o(.text) for __I$use$fp
    printfa.o(i.__0fprintf) refers to printfa.o(i._printf_core) for _printf_core
    printfa.o(i.__0fprintf) refers to usart.o(i.fputc) for fputc
    printfa.o(i.__0printf) refers (Special) to iusefp.o(.text) for __I$use$fp
    printfa.o(i.__0printf) refers to printfa.o(i._printf_core) for _printf_core
    printfa.o(i.__0printf) refers to usart.o(i.fputc) for fputc
    printfa.o(i.__0printf) refers to usart.o(.data) for __stdout
    printfa.o(i.__0snprintf) refers (Special) to iusefp.o(.text) for __I$use$fp
    printfa.o(i.__0snprintf) refers to printfa.o(i._printf_core) for _printf_core
    printfa.o(i.__0snprintf) refers to printfa.o(i._snputc) for _snputc
    printfa.o(i.__0sprintf) refers (Special) to iusefp.o(.text) for __I$use$fp
    printfa.o(i.__0sprintf) refers to printfa.o(i._printf_core) for _printf_core
    printfa.o(i.__0sprintf) refers to printfa.o(i._sputc) for _sputc
    printfa.o(i.__0vfprintf) refers (Special) to iusefp.o(.text) for __I$use$fp
    printfa.o(i.__0vfprintf) refers to printfa.o(i._printf_core) for _printf_core
    printfa.o(i.__0vfprintf) refers to usart.o(i.fputc) for fputc
    printfa.o(i.__0vprintf) refers (Special) to iusefp.o(.text) for __I$use$fp
    printfa.o(i.__0vprintf) refers to printfa.o(i._printf_core) for _printf_core
    printfa.o(i.__0vprintf) refers to usart.o(i.fputc) for fputc
    printfa.o(i.__0vprintf) refers to usart.o(.data) for __stdout
    printfa.o(i.__0vsnprintf) refers (Special) to iusefp.o(.text) for __I$use$fp
    printfa.o(i.__0vsnprintf) refers to printfa.o(i._printf_core) for _printf_core
    printfa.o(i.__0vsnprintf) refers to printfa.o(i._snputc) for _snputc
    printfa.o(i.__0vsprintf) refers (Special) to iusefp.o(.text) for __I$use$fp
    printfa.o(i.__0vsprintf) refers to printfa.o(i._printf_core) for _printf_core
    printfa.o(i.__0vsprintf) refers to printfa.o(i._sputc) for _sputc
    printfa.o(i._fp_digits) refers (Special) to iusefp.o(.text) for __I$use$fp
    printfa.o(i._fp_digits) refers to dmul.o(.text) for __aeabi_dmul
    printfa.o(i._fp_digits) refers to ddiv.o(.text) for __aeabi_ddiv
    printfa.o(i._fp_digits) refers to cdrcmple.o(.text) for __aeabi_cdrcmple
    printfa.o(i._fp_digits) refers to dadd.o(.text) for __aeabi_dadd
    printfa.o(i._fp_digits) refers to dfixul.o(.text) for __aeabi_d2ulz
    printfa.o(i._fp_digits) refers to uldiv.o(.text) for __aeabi_uldivmod
    printfa.o(i._printf_core) refers (Special) to iusefp.o(.text) for __I$use$fp
    printfa.o(i._printf_core) refers to printfa.o(i._printf_pre_padding) for _printf_pre_padding
    printfa.o(i._printf_core) refers to uldiv.o(.text) for __aeabi_uldivmod
    printfa.o(i._printf_core) refers to printfa.o(i._printf_post_padding) for _printf_post_padding
    printfa.o(i._printf_core) refers to printfa.o(i._fp_digits) for _fp_digits
    printfa.o(i._printf_core) refers to uidiv.o(.text) for __aeabi_uidivmod
    printfa.o(i._printf_post_padding) refers (Special) to iusefp.o(.text) for __I$use$fp
    printfa.o(i._printf_pre_padding) refers (Special) to iusefp.o(.text) for __I$use$fp
    printfa.o(i._snputc) refers (Special) to iusefp.o(.text) for __I$use$fp
    printfa.o(i._sputc) refers (Special) to iusefp.o(.text) for __I$use$fp
    strtoul.o(.text) refers to errno.o(i.__aeabi_errno_addr) for __aeabi_errno_addr
    strtoul.o(.text) refers to ctype_o.o(.text) for __rt_ctype_table
    strtoul.o(.text) refers to _strtoul.o(.text) for _strtoul
    atoi.o(.text) refers to errno.o(i.__aeabi_errno_addr) for __aeabi_errno_addr
    atoi.o(.text) refers to strtol.o(.text) for strtol
    entry2.o(.ARM.Collect$$$$00000001) refers to entry2.o(.ARM.Collect$$$$00002712) for __lit__00000000
    entry2.o(.ARM.Collect$$$$00002712) refers to startup_stm32h743xx.o(STACK) for __initial_sp
    entry2.o(__vectab_stack_and_reset_area) refers to startup_stm32h743xx.o(STACK) for __initial_sp
    entry2.o(__vectab_stack_and_reset_area) refers to entry.o(.ARM.Collect$$$$00000000) for __main
    entry5.o(.ARM.Collect$$$$00000004) refers to init.o(.text) for __scatterload
    entry9a.o(.ARM.Collect$$$$0000000B) refers to main.o(i.main) for main
    entry9b.o(.ARM.Collect$$$$0000000C) refers to main.o(i.main) for main
    errno.o(i.__aeabi_errno_addr) refers to errno.o(.data) for .data
    errno.o(i.__read_errno) refers to errno.o(.data) for .data
    errno.o(i.__set_errno) refers to errno.o(.data) for .data
    _strtoul.o(.text) refers to _chval.o(.text) for _chval
    _strtoul.o(.text) refers to errno.o(i.__aeabi_errno_addr) for __aeabi_errno_addr
    strtol.o(.text) refers to ctype_o.o(.text) for __rt_ctype_table
    strtol.o(.text) refers to _strtoul.o(.text) for _strtoul
    strtol.o(.text) refers to errno.o(i.__aeabi_errno_addr) for __aeabi_errno_addr
    dadd.o(.text) refers to llshl.o(.text) for __aeabi_llsl
    dadd.o(.text) refers to llsshr.o(.text) for __aeabi_lasr
    dadd.o(.text) refers to depilogue.o(.text) for _double_epilogue
    dmul.o(.text) refers to depilogue.o(.text) for _double_epilogue
    ddiv.o(.text) refers to depilogue.o(.text) for _double_round
    dfixul.o(.text) refers to llushr.o(.text) for __aeabi_llsr
    dfixul.o(.text) refers to llshl.o(.text) for __aeabi_llsl
    init.o(.text) refers to entry5.o(.ARM.Collect$$$$00000004) for __main_after_scatterload
    depilogue.o(.text) refers to llshl.o(.text) for __aeabi_llsl
    depilogue.o(.text) refers to llushr.o(.text) for __aeabi_llsr


==============================================================================

Removing Unused input sections from the image.

    Removing startup_stm32h743xx.o(HEAP), (512 bytes).
    Removing main.o(.rev16_text), (4 bytes).
    Removing main.o(.revsh_text), (4 bytes).
    Removing main.o(.rrx_text), (6 bytes).
    Removing stm32h7xx_it.o(.rev16_text), (4 bytes).
    Removing stm32h7xx_it.o(.revsh_text), (4 bytes).
    Removing stm32h7xx_it.o(.rrx_text), (6 bytes).
    Removing system_stm32h7xx.o(.rev16_text), (4 bytes).
    Removing system_stm32h7xx.o(.revsh_text), (4 bytes).
    Removing system_stm32h7xx.o(.rrx_text), (6 bytes).
    Removing system_stm32h7xx.o(i.SystemCoreClockUpdate), (564 bytes).
    Removing delay.o(.rev16_text), (4 bytes).
    Removing delay.o(.revsh_text), (4 bytes).
    Removing delay.o(.rrx_text), (6 bytes).
    Removing sys.o(.rev16_text), (4 bytes).
    Removing sys.o(.revsh_text), (4 bytes).
    Removing sys.o(.rrx_text), (6 bytes).
    Removing sys.o(i.get_dcahce_sta), (16 bytes).
    Removing sys.o(i.get_icahce_sta), (16 bytes).
    Removing sys.o(i.sys_msr_msp), (10 bytes).
    Removing sys.o(i.sys_nvic_set_vector_table), (16 bytes).
    Removing sys.o(i.sys_wfi_set), (4 bytes).
    Removing usart.o(.rev16_text), (4 bytes).
    Removing usart.o(.revsh_text), (4 bytes).
    Removing usart.o(.rrx_text), (6 bytes).
    Removing usart.o(i._sys_command_string), (6 bytes).
    Removing usart.o(i._sys_exit), (4 bytes).
    Removing usart.o(i._ttywrch), (4 bytes).
    Removing stm32h7xx_hal.o(.rev16_text), (4 bytes).
    Removing stm32h7xx_hal.o(.revsh_text), (4 bytes).
    Removing stm32h7xx_hal.o(.rrx_text), (6 bytes).
    Removing stm32h7xx_hal.o(i.HAL_DBGMCU_DisableDBGSleepMode), (20 bytes).
    Removing stm32h7xx_hal.o(i.HAL_DBGMCU_DisableDBGStandbyMode), (20 bytes).
    Removing stm32h7xx_hal.o(i.HAL_DBGMCU_DisableDBGStopMode), (20 bytes).
    Removing stm32h7xx_hal.o(i.HAL_DBGMCU_EnableDBGSleepMode), (20 bytes).
    Removing stm32h7xx_hal.o(i.HAL_DBGMCU_EnableDBGStandbyMode), (20 bytes).
    Removing stm32h7xx_hal.o(i.HAL_DBGMCU_EnableDBGStopMode), (20 bytes).
    Removing stm32h7xx_hal.o(i.HAL_DeInit), (132 bytes).
    Removing stm32h7xx_hal.o(i.HAL_DisableCompensationCell), (20 bytes).
    Removing stm32h7xx_hal.o(i.HAL_EXTI_D1_ClearFlag), (22 bytes).
    Removing stm32h7xx_hal.o(i.HAL_EXTI_D1_EventInputConfig), (168 bytes).
    Removing stm32h7xx_hal.o(i.HAL_EXTI_D3_EventInputConfig), (128 bytes).
    Removing stm32h7xx_hal.o(i.HAL_EXTI_EdgeConfig), (144 bytes).
    Removing stm32h7xx_hal.o(i.HAL_EXTI_GenerateSWInterrupt), (32 bytes).
    Removing stm32h7xx_hal.o(i.HAL_GetDEVID), (16 bytes).
    Removing stm32h7xx_hal.o(i.HAL_GetFMCMemorySwappingConfig), (16 bytes).
    Removing stm32h7xx_hal.o(i.HAL_GetHalVersion), (8 bytes).
    Removing stm32h7xx_hal.o(i.HAL_GetTickFreq), (12 bytes).
    Removing stm32h7xx_hal.o(i.HAL_GetTickPrio), (12 bytes).
    Removing stm32h7xx_hal.o(i.HAL_GetUIDw0), (12 bytes).
    Removing stm32h7xx_hal.o(i.HAL_GetUIDw1), (12 bytes).
    Removing stm32h7xx_hal.o(i.HAL_GetUIDw2), (12 bytes).
    Removing stm32h7xx_hal.o(i.HAL_MspDeInit), (2 bytes).
    Removing stm32h7xx_hal.o(i.HAL_ResumeTick), (18 bytes).
    Removing stm32h7xx_hal.o(i.HAL_SYSCFG_AnalogSwitchConfig), (20 bytes).
    Removing stm32h7xx_hal.o(i.HAL_SYSCFG_CM7BootAddConfig), (44 bytes).
    Removing stm32h7xx_hal.o(i.HAL_SYSCFG_CompensationCodeConfig), (24 bytes).
    Removing stm32h7xx_hal.o(i.HAL_SYSCFG_CompensationCodeSelect), (20 bytes).
    Removing stm32h7xx_hal.o(i.HAL_SYSCFG_DisableBOOST), (20 bytes).
    Removing stm32h7xx_hal.o(i.HAL_SYSCFG_DisableIOSpeedOptimize), (20 bytes).
    Removing stm32h7xx_hal.o(i.HAL_SYSCFG_DisableVREFBUF), (20 bytes).
    Removing stm32h7xx_hal.o(i.HAL_SYSCFG_EnableBOOST), (20 bytes).
    Removing stm32h7xx_hal.o(i.HAL_SYSCFG_EnableIOSpeedOptimize), (20 bytes).
    Removing stm32h7xx_hal.o(i.HAL_SYSCFG_EnableVREFBUF), (56 bytes).
    Removing stm32h7xx_hal.o(i.HAL_SYSCFG_VREFBUF_HighImpedanceConfig), (20 bytes).
    Removing stm32h7xx_hal.o(i.HAL_SYSCFG_VREFBUF_TrimmingConfig), (20 bytes).
    Removing stm32h7xx_hal.o(i.HAL_SYSCFG_VREFBUF_VoltageScalingConfig), (20 bytes).
    Removing stm32h7xx_hal.o(i.HAL_SetFMCMemorySwappingConfig), (20 bytes).
    Removing stm32h7xx_hal.o(i.HAL_SetTickFreq), (48 bytes).
    Removing stm32h7xx_hal.o(i.HAL_SuspendTick), (18 bytes).
    Removing stm32h7xx_hal_cortex.o(.rev16_text), (4 bytes).
    Removing stm32h7xx_hal_cortex.o(.revsh_text), (4 bytes).
    Removing stm32h7xx_hal_cortex.o(.rrx_text), (6 bytes).
    Removing stm32h7xx_hal_cortex.o(i.HAL_GetCurrentCPUID), (4 bytes).
    Removing stm32h7xx_hal_cortex.o(i.HAL_NVIC_ClearPendingIRQ), (36 bytes).
    Removing stm32h7xx_hal_cortex.o(i.HAL_NVIC_GetActive), (48 bytes).
    Removing stm32h7xx_hal_cortex.o(i.HAL_NVIC_GetPendingIRQ), (48 bytes).
    Removing stm32h7xx_hal_cortex.o(i.HAL_NVIC_GetPriority), (148 bytes).
    Removing stm32h7xx_hal_cortex.o(i.HAL_NVIC_GetPriorityGrouping), (8 bytes).
    Removing stm32h7xx_hal_cortex.o(i.HAL_NVIC_SetPendingIRQ), (36 bytes).
    Removing stm32h7xx_hal_cortex.o(i.HAL_NVIC_SystemReset), (68 bytes).
    Removing stm32h7xx_hal_cortex.o(i.HAL_SYSTICK_Callback), (2 bytes).
    Removing stm32h7xx_hal_cortex.o(i.HAL_SYSTICK_IRQHandler), (8 bytes).
    Removing stm32h7xx_hal_dma.o(.rev16_text), (4 bytes).
    Removing stm32h7xx_hal_dma.o(.revsh_text), (4 bytes).
    Removing stm32h7xx_hal_dma.o(.rrx_text), (6 bytes).
    Removing stm32h7xx_hal_dma.o(i.HAL_DMA_DeInit), (644 bytes).
    Removing stm32h7xx_hal_dma.o(i.HAL_DMA_GetError), (6 bytes).
    Removing stm32h7xx_hal_dma.o(i.HAL_DMA_GetState), (8 bytes).
    Removing stm32h7xx_hal_dma.o(i.HAL_DMA_IRQHandler), (2808 bytes).
    Removing stm32h7xx_hal_dma.o(i.HAL_DMA_PollForTransfer), (1492 bytes).
    Removing stm32h7xx_hal_dma.o(i.HAL_DMA_RegisterCallback), (102 bytes).
    Removing stm32h7xx_hal_dma.o(i.HAL_DMA_Start), (480 bytes).
    Removing stm32h7xx_hal_dma.o(i.HAL_DMA_UnRegisterCallback), (130 bytes).
    Removing stm32h7xx_hal_dma_ex.o(.rev16_text), (4 bytes).
    Removing stm32h7xx_hal_dma_ex.o(.revsh_text), (4 bytes).
    Removing stm32h7xx_hal_dma_ex.o(.rrx_text), (6 bytes).
    Removing stm32h7xx_hal_dma_ex.o(i.DMA_MultiBufferSetConfig), (236 bytes).
    Removing stm32h7xx_hal_dma_ex.o(i.HAL_DMAEx_ChangeMemory), (208 bytes).
    Removing stm32h7xx_hal_dma_ex.o(i.HAL_DMAEx_ConfigMuxRequestGenerator), (276 bytes).
    Removing stm32h7xx_hal_dma_ex.o(i.HAL_DMAEx_ConfigMuxSync), (296 bytes).
    Removing stm32h7xx_hal_dma_ex.o(i.HAL_DMAEx_DisableMuxRequestGenerator), (32 bytes).
    Removing stm32h7xx_hal_dma_ex.o(i.HAL_DMAEx_EnableMuxRequestGenerator), (32 bytes).
    Removing stm32h7xx_hal_dma_ex.o(i.HAL_DMAEx_MUX_IRQHandler), (102 bytes).
    Removing stm32h7xx_hal_dma_ex.o(i.HAL_DMAEx_MultiBufferStart), (800 bytes).
    Removing stm32h7xx_hal_dma_ex.o(i.HAL_DMAEx_MultiBufferStart_IT), (1336 bytes).
    Removing stm32h7xx_hal_gpio.o(.rev16_text), (4 bytes).
    Removing stm32h7xx_hal_gpio.o(.revsh_text), (4 bytes).
    Removing stm32h7xx_hal_gpio.o(.rrx_text), (6 bytes).
    Removing stm32h7xx_hal_gpio.o(i.HAL_GPIO_DeInit), (376 bytes).
    Removing stm32h7xx_hal_gpio.o(i.HAL_GPIO_EXTI_Callback), (2 bytes).
    Removing stm32h7xx_hal_gpio.o(i.HAL_GPIO_EXTI_IRQHandler), (28 bytes).
    Removing stm32h7xx_hal_gpio.o(i.HAL_GPIO_LockPin), (46 bytes).
    Removing stm32h7xx_hal_pwr.o(.rev16_text), (4 bytes).
    Removing stm32h7xx_hal_pwr.o(.revsh_text), (4 bytes).
    Removing stm32h7xx_hal_pwr.o(.rrx_text), (6 bytes).
    Removing stm32h7xx_hal_pwr.o(i.HAL_PWR_ConfigPVD), (188 bytes).
    Removing stm32h7xx_hal_pwr.o(i.HAL_PWR_DeInit), (2 bytes).
    Removing stm32h7xx_hal_pwr.o(i.HAL_PWR_DisableBkUpAccess), (20 bytes).
    Removing stm32h7xx_hal_pwr.o(i.HAL_PWR_DisablePVD), (20 bytes).
    Removing stm32h7xx_hal_pwr.o(i.HAL_PWR_DisableSEVOnPend), (20 bytes).
    Removing stm32h7xx_hal_pwr.o(i.HAL_PWR_DisableSleepOnExit), (20 bytes).
    Removing stm32h7xx_hal_pwr.o(i.HAL_PWR_DisableWakeUpPin), (20 bytes).
    Removing stm32h7xx_hal_pwr.o(i.HAL_PWR_EnableBkUpAccess), (20 bytes).
    Removing stm32h7xx_hal_pwr.o(i.HAL_PWR_EnablePVD), (20 bytes).
    Removing stm32h7xx_hal_pwr.o(i.HAL_PWR_EnableSEVOnPend), (20 bytes).
    Removing stm32h7xx_hal_pwr.o(i.HAL_PWR_EnableSleepOnExit), (20 bytes).
    Removing stm32h7xx_hal_pwr.o(i.HAL_PWR_EnableWakeUpPin), (24 bytes).
    Removing stm32h7xx_hal_pwr.o(i.HAL_PWR_EnterSLEEPMode), (28 bytes).
    Removing stm32h7xx_hal_pwr.o(i.HAL_PWR_EnterSTANDBYMode), (84 bytes).
    Removing stm32h7xx_hal_pwr.o(i.HAL_PWR_EnterSTOPMode), (116 bytes).
    Removing stm32h7xx_hal_pwr.o(i.HAL_PWR_PVDCallback), (2 bytes).
    Removing stm32h7xx_hal_pwr.o(i.HAL_PWR_PVD_IRQHandler), (40 bytes).
    Removing stm32h7xx_hal_pwr_ex.o(.rev16_text), (4 bytes).
    Removing stm32h7xx_hal_pwr_ex.o(.revsh_text), (4 bytes).
    Removing stm32h7xx_hal_pwr_ex.o(.rrx_text), (6 bytes).
    Removing stm32h7xx_hal_pwr_ex.o(i.HAL_PWREx_AVDCallback), (2 bytes).
    Removing stm32h7xx_hal_pwr_ex.o(i.HAL_PWREx_ClearPendingEvent), (4 bytes).
    Removing stm32h7xx_hal_pwr_ex.o(i.HAL_PWREx_ClearWakeupFlag), (32 bytes).
    Removing stm32h7xx_hal_pwr_ex.o(i.HAL_PWREx_ConfigAVD), (180 bytes).
    Removing stm32h7xx_hal_pwr_ex.o(i.HAL_PWREx_ConfigD3Domain), (20 bytes).
    Removing stm32h7xx_hal_pwr_ex.o(i.HAL_PWREx_ConfigSupply), (96 bytes).
    Removing stm32h7xx_hal_pwr_ex.o(i.HAL_PWREx_ControlStopModeVoltageScaling), (24 bytes).
    Removing stm32h7xx_hal_pwr_ex.o(i.HAL_PWREx_ControlVoltageScaling), (244 bytes).
    Removing stm32h7xx_hal_pwr_ex.o(i.HAL_PWREx_DisableAVD), (20 bytes).
    Removing stm32h7xx_hal_pwr_ex.o(i.HAL_PWREx_DisableBatteryCharging), (20 bytes).
    Removing stm32h7xx_hal_pwr_ex.o(i.HAL_PWREx_DisableBkUpReg), (60 bytes).
    Removing stm32h7xx_hal_pwr_ex.o(i.HAL_PWREx_DisableFlashPowerDown), (20 bytes).
    Removing stm32h7xx_hal_pwr_ex.o(i.HAL_PWREx_DisableMonitoring), (20 bytes).
    Removing stm32h7xx_hal_pwr_ex.o(i.HAL_PWREx_DisableUSBReg), (60 bytes).
    Removing stm32h7xx_hal_pwr_ex.o(i.HAL_PWREx_DisableUSBVoltageDetector), (20 bytes).
    Removing stm32h7xx_hal_pwr_ex.o(i.HAL_PWREx_DisableWakeUpPin), (16 bytes).
    Removing stm32h7xx_hal_pwr_ex.o(i.HAL_PWREx_EnableAVD), (20 bytes).
    Removing stm32h7xx_hal_pwr_ex.o(i.HAL_PWREx_EnableBatteryCharging), (32 bytes).
    Removing stm32h7xx_hal_pwr_ex.o(i.HAL_PWREx_EnableBkUpReg), (60 bytes).
    Removing stm32h7xx_hal_pwr_ex.o(i.HAL_PWREx_EnableFlashPowerDown), (20 bytes).
    Removing stm32h7xx_hal_pwr_ex.o(i.HAL_PWREx_EnableMonitoring), (20 bytes).
    Removing stm32h7xx_hal_pwr_ex.o(i.HAL_PWREx_EnableUSBReg), (60 bytes).
    Removing stm32h7xx_hal_pwr_ex.o(i.HAL_PWREx_EnableWakeUpPin), (148 bytes).
    Removing stm32h7xx_hal_pwr_ex.o(i.HAL_PWREx_EnterSTANDBYMode), (76 bytes).
    Removing stm32h7xx_hal_pwr_ex.o(i.HAL_PWREx_EnterSTOPMode), (152 bytes).
    Removing stm32h7xx_hal_pwr_ex.o(i.HAL_PWREx_GetStopModeVoltageRange), (16 bytes).
    Removing stm32h7xx_hal_pwr_ex.o(i.HAL_PWREx_GetSupplyConfig), (16 bytes).
    Removing stm32h7xx_hal_pwr_ex.o(i.HAL_PWREx_GetTemperatureLevel), (40 bytes).
    Removing stm32h7xx_hal_pwr_ex.o(i.HAL_PWREx_GetVBATLevel), (40 bytes).
    Removing stm32h7xx_hal_pwr_ex.o(i.HAL_PWREx_GetVoltageRange), (16 bytes).
    Removing stm32h7xx_hal_pwr_ex.o(i.HAL_PWREx_GetWakeupFlag), (16 bytes).
    Removing stm32h7xx_hal_pwr_ex.o(i.HAL_PWREx_PVD_AVD_IRQHandler), (92 bytes).
    Removing stm32h7xx_hal_pwr_ex.o(i.HAL_PWREx_WAKEUP_PIN_IRQHandler), (188 bytes).
    Removing stm32h7xx_hal_pwr_ex.o(i.HAL_PWREx_WKUP1_Callback), (2 bytes).
    Removing stm32h7xx_hal_pwr_ex.o(i.HAL_PWREx_WKUP2_Callback), (2 bytes).
    Removing stm32h7xx_hal_pwr_ex.o(i.HAL_PWREx_WKUP3_Callback), (2 bytes).
    Removing stm32h7xx_hal_pwr_ex.o(i.HAL_PWREx_WKUP4_Callback), (2 bytes).
    Removing stm32h7xx_hal_pwr_ex.o(i.HAL_PWREx_WKUP5_Callback), (2 bytes).
    Removing stm32h7xx_hal_pwr_ex.o(i.HAL_PWREx_WKUP6_Callback), (2 bytes).
    Removing stm32h7xx_hal_rcc.o(.rev16_text), (4 bytes).
    Removing stm32h7xx_hal_rcc.o(.revsh_text), (4 bytes).
    Removing stm32h7xx_hal_rcc.o(.rrx_text), (6 bytes).
    Removing stm32h7xx_hal_rcc.o(i.HAL_RCC_CSSCallback), (2 bytes).
    Removing stm32h7xx_hal_rcc.o(i.HAL_RCC_DeInit), (560 bytes).
    Removing stm32h7xx_hal_rcc.o(i.HAL_RCC_DisableCSS), (20 bytes).
    Removing stm32h7xx_hal_rcc.o(i.HAL_RCC_EnableCSS), (20 bytes).
    Removing stm32h7xx_hal_rcc.o(i.HAL_RCC_GetClockConfig), (108 bytes).
    Removing stm32h7xx_hal_rcc.o(i.HAL_RCC_GetOscConfig), (408 bytes).
    Removing stm32h7xx_hal_rcc.o(i.HAL_RCC_MCOConfig), (188 bytes).
    Removing stm32h7xx_hal_rcc.o(i.HAL_RCC_NMI_IRQHandler), (36 bytes).
    Removing stm32h7xx_hal_rcc_ex.o(.rev16_text), (4 bytes).
    Removing stm32h7xx_hal_rcc_ex.o(.revsh_text), (4 bytes).
    Removing stm32h7xx_hal_rcc_ex.o(.rrx_text), (6 bytes).
    Removing stm32h7xx_hal_rcc_ex.o(i.HAL_RCCEx_CRSConfig), (124 bytes).
    Removing stm32h7xx_hal_rcc_ex.o(i.HAL_RCCEx_CRSGetSynchronizationInfo), (48 bytes).
    Removing stm32h7xx_hal_rcc_ex.o(i.HAL_RCCEx_CRSSoftwareSynchronizationGenerate), (20 bytes).
    Removing stm32h7xx_hal_rcc_ex.o(i.HAL_RCCEx_CRSWaitSynchronization), (208 bytes).
    Removing stm32h7xx_hal_rcc_ex.o(i.HAL_RCCEx_CRS_ErrorCallback), (2 bytes).
    Removing stm32h7xx_hal_rcc_ex.o(i.HAL_RCCEx_CRS_ExpectedSyncCallback), (2 bytes).
    Removing stm32h7xx_hal_rcc_ex.o(i.HAL_RCCEx_CRS_IRQHandler), (156 bytes).
    Removing stm32h7xx_hal_rcc_ex.o(i.HAL_RCCEx_CRS_SyncOkCallback), (2 bytes).
    Removing stm32h7xx_hal_rcc_ex.o(i.HAL_RCCEx_CRS_SyncWarnCallback), (2 bytes).
    Removing stm32h7xx_hal_rcc_ex.o(i.HAL_RCCEx_DisableLSECSS), (36 bytes).
    Removing stm32h7xx_hal_rcc_ex.o(i.HAL_RCCEx_EnableLSECSS), (20 bytes).
    Removing stm32h7xx_hal_rcc_ex.o(i.HAL_RCCEx_EnableLSECSS_IT), (64 bytes).
    Removing stm32h7xx_hal_rcc_ex.o(i.HAL_RCCEx_GetD1PCLK1Freq), (36 bytes).
    Removing stm32h7xx_hal_rcc_ex.o(i.HAL_RCCEx_GetD1SysClockFreq), (76 bytes).
    Removing stm32h7xx_hal_rcc_ex.o(i.HAL_RCCEx_GetPeriphCLKConfig), (620 bytes).
    Removing stm32h7xx_hal_rcc_ex.o(i.HAL_RCCEx_KerWakeUpStopCLKConfig), (20 bytes).
    Removing stm32h7xx_hal_rcc_ex.o(i.HAL_RCCEx_LSECSS_Callback), (2 bytes).
    Removing stm32h7xx_hal_rcc_ex.o(i.HAL_RCCEx_LSECSS_IRQHandler), (36 bytes).
    Removing stm32h7xx_hal_rcc_ex.o(i.HAL_RCCEx_WWDGxSysResetConfig), (16 bytes).
    Removing stm32h7xx_hal_rcc_ex.o(i.HAL_RCCEx_WakeUpStopCLKConfig), (20 bytes).
    Removing stm32h7xx_hal_uart.o(.rev16_text), (4 bytes).
    Removing stm32h7xx_hal_uart.o(.revsh_text), (4 bytes).
    Removing stm32h7xx_hal_uart.o(.rrx_text), (6 bytes).
    Removing stm32h7xx_hal_uart.o(i.HAL_HalfDuplex_EnableReceiver), (102 bytes).
    Removing stm32h7xx_hal_uart.o(i.HAL_HalfDuplex_EnableTransmitter), (102 bytes).
    Removing stm32h7xx_hal_uart.o(i.HAL_HalfDuplex_Init), (124 bytes).
    Removing stm32h7xx_hal_uart.o(i.HAL_LIN_Init), (160 bytes).
    Removing stm32h7xx_hal_uart.o(i.HAL_LIN_SendBreak), (62 bytes).
    Removing stm32h7xx_hal_uart.o(i.HAL_MultiProcessor_DisableMuteMode), (72 bytes).
    Removing stm32h7xx_hal_uart.o(i.HAL_MultiProcessor_EnableMuteMode), (72 bytes).
    Removing stm32h7xx_hal_uart.o(i.HAL_MultiProcessor_EnterMuteMode), (14 bytes).
    Removing stm32h7xx_hal_uart.o(i.HAL_MultiProcessor_Init), (148 bytes).
    Removing stm32h7xx_hal_uart.o(i.HAL_UART_Abort), (328 bytes).
    Removing stm32h7xx_hal_uart.o(i.HAL_UART_AbortCpltCallback), (2 bytes).
    Removing stm32h7xx_hal_uart.o(i.HAL_UART_AbortReceive), (216 bytes).
    Removing stm32h7xx_hal_uart.o(i.HAL_UART_AbortReceiveCpltCallback), (2 bytes).
    Removing stm32h7xx_hal_uart.o(i.HAL_UART_AbortReceive_IT), (248 bytes).
    Removing stm32h7xx_hal_uart.o(i.HAL_UART_AbortTransmit), (176 bytes).
    Removing stm32h7xx_hal_uart.o(i.HAL_UART_AbortTransmitCpltCallback), (2 bytes).
    Removing stm32h7xx_hal_uart.o(i.HAL_UART_AbortTransmit_IT), (200 bytes).
    Removing stm32h7xx_hal_uart.o(i.HAL_UART_Abort_IT), (384 bytes).
    Removing stm32h7xx_hal_uart.o(i.HAL_UART_DMAPause), (196 bytes).
    Removing stm32h7xx_hal_uart.o(i.HAL_UART_DMAResume), (180 bytes).
    Removing stm32h7xx_hal_uart.o(i.HAL_UART_DMAStop), (184 bytes).
    Removing stm32h7xx_hal_uart.o(i.HAL_UART_DeInit), (74 bytes).
    Removing stm32h7xx_hal_uart.o(i.HAL_UART_DisableReceiverTimeout), (88 bytes).
    Removing stm32h7xx_hal_uart.o(i.HAL_UART_EnableReceiverTimeout), (88 bytes).
    Removing stm32h7xx_hal_uart.o(i.HAL_UART_GetError), (8 bytes).
    Removing stm32h7xx_hal_uart.o(i.HAL_UART_GetState), (16 bytes).
    Removing stm32h7xx_hal_uart.o(i.HAL_UART_MspDeInit), (2 bytes).
    Removing stm32h7xx_hal_uart.o(i.HAL_UART_MspInit), (2 bytes).
    Removing stm32h7xx_hal_uart.o(i.HAL_UART_Receive), (300 bytes).
    Removing stm32h7xx_hal_uart.o(i.HAL_UART_Receive_DMA), (116 bytes).
    Removing stm32h7xx_hal_uart.o(i.HAL_UART_ReceiverTimeout_Config), (28 bytes).
    Removing stm32h7xx_hal_uart.o(i.HAL_UART_RxCpltCallback), (2 bytes).
    Removing stm32h7xx_hal_uart.o(i.HAL_UART_RxHalfCpltCallback), (2 bytes).
    Removing stm32h7xx_hal_uart.o(i.HAL_UART_Transmit), (214 bytes).
    Removing stm32h7xx_hal_uart.o(i.HAL_UART_Transmit_DMA), (204 bytes).
    Removing stm32h7xx_hal_uart.o(i.HAL_UART_Transmit_IT), (216 bytes).
    Removing stm32h7xx_hal_uart.o(i.HAL_UART_TxHalfCpltCallback), (2 bytes).
    Removing stm32h7xx_hal_uart.o(i.UART_DMAError), (94 bytes).
    Removing stm32h7xx_hal_uart.o(i.UART_DMAReceiveCplt), (170 bytes).
    Removing stm32h7xx_hal_uart.o(i.UART_DMARxAbortCallback), (80 bytes).
    Removing stm32h7xx_hal_uart.o(i.UART_DMARxHalfCplt), (34 bytes).
    Removing stm32h7xx_hal_uart.o(i.UART_DMARxOnlyAbortCallback), (48 bytes).
    Removing stm32h7xx_hal_uart.o(i.UART_DMATransmitCplt), (84 bytes).
    Removing stm32h7xx_hal_uart.o(i.UART_DMATxAbortCallback), (88 bytes).
    Removing stm32h7xx_hal_uart.o(i.UART_DMATxHalfCplt), (14 bytes).
    Removing stm32h7xx_hal_uart.o(i.UART_DMATxOnlyAbortCallback), (46 bytes).
    Removing stm32h7xx_hal_uart.o(i.UART_EndTxTransfer), (64 bytes).
    Removing stm32h7xx_hal_uart.o(i.UART_Start_Receive_DMA), (212 bytes).
    Removing stm32h7xx_hal_uart.o(i.UART_TxISR_16BIT), (98 bytes).
    Removing stm32h7xx_hal_uart.o(i.UART_TxISR_16BIT_FIFOEN), (130 bytes).
    Removing stm32h7xx_hal_uart.o(i.UART_TxISR_8BIT), (92 bytes).
    Removing stm32h7xx_hal_uart.o(i.UART_TxISR_8BIT_FIFOEN), (126 bytes).
    Removing stm32h7xx_hal_uart_ex.o(.rev16_text), (4 bytes).
    Removing stm32h7xx_hal_uart_ex.o(.revsh_text), (4 bytes).
    Removing stm32h7xx_hal_uart_ex.o(.rrx_text), (6 bytes).
    Removing stm32h7xx_hal_uart_ex.o(i.HAL_MultiProcessorEx_AddressLength_Set), (64 bytes).
    Removing stm32h7xx_hal_uart_ex.o(i.HAL_RS485Ex_Init), (152 bytes).
    Removing stm32h7xx_hal_uart_ex.o(i.HAL_UARTEx_DisableFifoMode), (78 bytes).
    Removing stm32h7xx_hal_uart_ex.o(i.HAL_UARTEx_DisableStopMode), (64 bytes).
    Removing stm32h7xx_hal_uart_ex.o(i.HAL_UARTEx_EnableFifoMode), (88 bytes).
    Removing stm32h7xx_hal_uart_ex.o(i.HAL_UARTEx_EnableStopMode), (64 bytes).
    Removing stm32h7xx_hal_uart_ex.o(i.HAL_UARTEx_ReceiveToIdle), (384 bytes).
    Removing stm32h7xx_hal_uart_ex.o(i.HAL_UARTEx_ReceiveToIdle_DMA), (114 bytes).
    Removing stm32h7xx_hal_uart_ex.o(i.HAL_UARTEx_ReceiveToIdle_IT), (114 bytes).
    Removing stm32h7xx_hal_uart_ex.o(i.HAL_UARTEx_SetRxFifoThreshold), (94 bytes).
    Removing stm32h7xx_hal_uart_ex.o(i.HAL_UARTEx_SetTxFifoThreshold), (94 bytes).
    Removing stm32h7xx_hal_uart_ex.o(i.HAL_UARTEx_StopModeWakeUpSourceConfig), (144 bytes).
    Removing stm32h7xx_hal_uart_ex.o(i.UARTEx_SetNbDataToProcess), (88 bytes).
    Removing stm32h7xx_hal_uart_ex.o(i.UARTEx_Wakeup_AddressConfig), (38 bytes).
    Removing stm32h7xx_hal_uart_ex.o(.constdata), (16 bytes).
    Removing stm32h7xx_hal_tim.o(.rev16_text), (4 bytes).
    Removing stm32h7xx_hal_tim.o(.revsh_text), (4 bytes).
    Removing stm32h7xx_hal_tim.o(.rrx_text), (6 bytes).
    Removing stm32h7xx_hal_tim.o(i.HAL_TIM_Base_DeInit), (128 bytes).
    Removing stm32h7xx_hal_tim.o(i.HAL_TIM_Base_GetState), (8 bytes).
    Removing stm32h7xx_hal_tim.o(i.HAL_TIM_Base_Init), (110 bytes).
    Removing stm32h7xx_hal_tim.o(i.HAL_TIM_Base_MspDeInit), (2 bytes).
    Removing stm32h7xx_hal_tim.o(i.HAL_TIM_Base_MspInit), (2 bytes).
    Removing stm32h7xx_hal_tim.o(i.HAL_TIM_Base_Start), (168 bytes).
    Removing stm32h7xx_hal_tim.o(i.HAL_TIM_Base_Start_DMA), (260 bytes).
    Removing stm32h7xx_hal_tim.o(i.HAL_TIM_Base_Start_IT), (180 bytes).
    Removing stm32h7xx_hal_tim.o(i.HAL_TIM_Base_Stop), (50 bytes).
    Removing stm32h7xx_hal_tim.o(i.HAL_TIM_Base_Stop_DMA), (70 bytes).
    Removing stm32h7xx_hal_tim.o(i.HAL_TIM_Base_Stop_IT), (62 bytes).
    Removing stm32h7xx_hal_tim.o(i.HAL_TIM_ConfigClockSource), (308 bytes).
    Removing stm32h7xx_hal_tim.o(i.HAL_TIM_ConfigOCrefClear), (354 bytes).
    Removing stm32h7xx_hal_tim.o(i.HAL_TIM_ConfigTI1Input), (22 bytes).
    Removing stm32h7xx_hal_tim.o(i.HAL_TIM_DMABurstState), (8 bytes).
    Removing stm32h7xx_hal_tim.o(i.HAL_TIM_DMABurst_MultiReadStart), (476 bytes).
    Removing stm32h7xx_hal_tim.o(i.HAL_TIM_DMABurst_MultiWriteStart), (476 bytes).
    Removing stm32h7xx_hal_tim.o(i.HAL_TIM_DMABurst_ReadStart), (42 bytes).
    Removing stm32h7xx_hal_tim.o(i.HAL_TIM_DMABurst_ReadStop), (140 bytes).
    Removing stm32h7xx_hal_tim.o(i.HAL_TIM_DMABurst_WriteStart), (42 bytes).
    Removing stm32h7xx_hal_tim.o(i.HAL_TIM_DMABurst_WriteStop), (140 bytes).
    Removing stm32h7xx_hal_tim.o(i.HAL_TIM_Encoder_DeInit), (96 bytes).
    Removing stm32h7xx_hal_tim.o(i.HAL_TIM_Encoder_GetState), (8 bytes).
    Removing stm32h7xx_hal_tim.o(i.HAL_TIM_Encoder_Init), (204 bytes).
    Removing stm32h7xx_hal_tim.o(i.HAL_TIM_Encoder_MspDeInit), (2 bytes).
    Removing stm32h7xx_hal_tim.o(i.HAL_TIM_Encoder_MspInit), (2 bytes).
    Removing stm32h7xx_hal_tim.o(i.HAL_TIM_Encoder_Start), (204 bytes).
    Removing stm32h7xx_hal_tim.o(i.HAL_TIM_Encoder_Start_DMA), (556 bytes).
    Removing stm32h7xx_hal_tim.o(i.HAL_TIM_Encoder_Start_IT), (252 bytes).
    Removing stm32h7xx_hal_tim.o(i.HAL_TIM_Encoder_Stop), (238 bytes).
    Removing stm32h7xx_hal_tim.o(i.HAL_TIM_Encoder_Stop_DMA), (304 bytes).
    Removing stm32h7xx_hal_tim.o(i.HAL_TIM_Encoder_Stop_IT), (280 bytes).
    Removing stm32h7xx_hal_tim.o(i.HAL_TIM_ErrorCallback), (2 bytes).
    Removing stm32h7xx_hal_tim.o(i.HAL_TIM_GenerateEvent), (54 bytes).
    Removing stm32h7xx_hal_tim.o(i.HAL_TIM_GetActiveChannel), (6 bytes).
    Removing stm32h7xx_hal_tim.o(i.HAL_TIM_GetChannelState), (58 bytes).
    Removing stm32h7xx_hal_tim.o(i.HAL_TIM_IC_CaptureCallback), (2 bytes).
    Removing stm32h7xx_hal_tim.o(i.HAL_TIM_IC_CaptureHalfCpltCallback), (2 bytes).
    Removing stm32h7xx_hal_tim.o(i.HAL_TIM_IC_ConfigChannel), (222 bytes).
    Removing stm32h7xx_hal_tim.o(i.HAL_TIM_IC_DeInit), (128 bytes).
    Removing stm32h7xx_hal_tim.o(i.HAL_TIM_IC_GetState), (8 bytes).
    Removing stm32h7xx_hal_tim.o(i.HAL_TIM_IC_Init), (110 bytes).
    Removing stm32h7xx_hal_tim.o(i.HAL_TIM_IC_MspDeInit), (2 bytes).
    Removing stm32h7xx_hal_tim.o(i.HAL_TIM_IC_MspInit), (2 bytes).
    Removing stm32h7xx_hal_tim.o(i.HAL_TIM_IC_Start), (372 bytes).
    Removing stm32h7xx_hal_tim.o(i.HAL_TIM_IC_Start_DMA), (664 bytes).
    Removing stm32h7xx_hal_tim.o(i.HAL_TIM_IC_Start_IT), (456 bytes).
    Removing stm32h7xx_hal_tim.o(i.HAL_TIM_IC_Stop), (162 bytes).
    Removing stm32h7xx_hal_tim.o(i.HAL_TIM_IC_Stop_DMA), (270 bytes).
    Removing stm32h7xx_hal_tim.o(i.HAL_TIM_IC_Stop_IT), (246 bytes).
    Removing stm32h7xx_hal_tim.o(i.HAL_TIM_IRQHandler), (440 bytes).
    Removing stm32h7xx_hal_tim.o(i.HAL_TIM_OC_ConfigChannel), (144 bytes).
    Removing stm32h7xx_hal_tim.o(i.HAL_TIM_OC_DeInit), (128 bytes).
    Removing stm32h7xx_hal_tim.o(i.HAL_TIM_OC_DelayElapsedCallback), (2 bytes).
    Removing stm32h7xx_hal_tim.o(i.HAL_TIM_OC_GetState), (8 bytes).
    Removing stm32h7xx_hal_tim.o(i.HAL_TIM_OC_Init), (110 bytes).
    Removing stm32h7xx_hal_tim.o(i.HAL_TIM_OC_MspDeInit), (2 bytes).
    Removing stm32h7xx_hal_tim.o(i.HAL_TIM_OC_MspInit), (2 bytes).
    Removing stm32h7xx_hal_tim.o(i.HAL_TIM_OC_Start), (356 bytes).
    Removing stm32h7xx_hal_tim.o(i.HAL_TIM_OC_Start_DMA), (696 bytes).
    Removing stm32h7xx_hal_tim.o(i.HAL_TIM_OC_Start_IT), (440 bytes).
    Removing stm32h7xx_hal_tim.o(i.HAL_TIM_OC_Stop), (228 bytes).
    Removing stm32h7xx_hal_tim.o(i.HAL_TIM_OC_Stop_DMA), (336 bytes).
    Removing stm32h7xx_hal_tim.o(i.HAL_TIM_OC_Stop_IT), (312 bytes).
    Removing stm32h7xx_hal_tim.o(i.HAL_TIM_OnePulse_ConfigChannel), (320 bytes).
    Removing stm32h7xx_hal_tim.o(i.HAL_TIM_OnePulse_DeInit), (96 bytes).
    Removing stm32h7xx_hal_tim.o(i.HAL_TIM_OnePulse_GetState), (8 bytes).
    Removing stm32h7xx_hal_tim.o(i.HAL_TIM_OnePulse_Init), (102 bytes).
    Removing stm32h7xx_hal_tim.o(i.HAL_TIM_OnePulse_MspDeInit), (2 bytes).
    Removing stm32h7xx_hal_tim.o(i.HAL_TIM_OnePulse_MspInit), (2 bytes).
    Removing stm32h7xx_hal_tim.o(i.HAL_TIM_OnePulse_Start), (176 bytes).
    Removing stm32h7xx_hal_tim.o(i.HAL_TIM_OnePulse_Start_IT), (200 bytes).
    Removing stm32h7xx_hal_tim.o(i.HAL_TIM_OnePulse_Stop), (196 bytes).
    Removing stm32h7xx_hal_tim.o(i.HAL_TIM_OnePulse_Stop_IT), (220 bytes).
    Removing stm32h7xx_hal_tim.o(i.HAL_TIM_PWM_ConfigChannel), (368 bytes).
    Removing stm32h7xx_hal_tim.o(i.HAL_TIM_PWM_DeInit), (128 bytes).
    Removing stm32h7xx_hal_tim.o(i.HAL_TIM_PWM_GetState), (8 bytes).
    Removing stm32h7xx_hal_tim.o(i.HAL_TIM_PWM_Init), (110 bytes).
    Removing stm32h7xx_hal_tim.o(i.HAL_TIM_PWM_MspDeInit), (2 bytes).
    Removing stm32h7xx_hal_tim.o(i.HAL_TIM_PWM_MspInit), (2 bytes).
    Removing stm32h7xx_hal_tim.o(i.HAL_TIM_PWM_PulseFinishedCallback), (2 bytes).
    Removing stm32h7xx_hal_tim.o(i.HAL_TIM_PWM_PulseFinishedHalfCpltCallback), (2 bytes).
    Removing stm32h7xx_hal_tim.o(i.HAL_TIM_PWM_Start), (356 bytes).
    Removing stm32h7xx_hal_tim.o(i.HAL_TIM_PWM_Start_DMA), (696 bytes).
    Removing stm32h7xx_hal_tim.o(i.HAL_TIM_PWM_Start_IT), (440 bytes).
    Removing stm32h7xx_hal_tim.o(i.HAL_TIM_PWM_Stop), (228 bytes).
    Removing stm32h7xx_hal_tim.o(i.HAL_TIM_PWM_Stop_DMA), (336 bytes).
    Removing stm32h7xx_hal_tim.o(i.HAL_TIM_PWM_Stop_IT), (312 bytes).
    Removing stm32h7xx_hal_tim.o(i.HAL_TIM_PeriodElapsedCallback), (2 bytes).
    Removing stm32h7xx_hal_tim.o(i.HAL_TIM_PeriodElapsedHalfCpltCallback), (2 bytes).
    Removing stm32h7xx_hal_tim.o(i.HAL_TIM_ReadCapturedValue), (50 bytes).
    Removing stm32h7xx_hal_tim.o(i.HAL_TIM_SlaveConfigSynchro), (108 bytes).
    Removing stm32h7xx_hal_tim.o(i.HAL_TIM_SlaveConfigSynchro_IT), (108 bytes).
    Removing stm32h7xx_hal_tim.o(i.HAL_TIM_TriggerCallback), (2 bytes).
    Removing stm32h7xx_hal_tim.o(i.HAL_TIM_TriggerHalfCpltCallback), (2 bytes).
    Removing stm32h7xx_hal_tim.o(i.TIM_Base_SetConfig), (204 bytes).
    Removing stm32h7xx_hal_tim.o(i.TIM_CCxChannelCmd), (34 bytes).
    Removing stm32h7xx_hal_tim.o(i.TIM_DMACaptureCplt), (122 bytes).
    Removing stm32h7xx_hal_tim.o(i.TIM_DMACaptureHalfCplt), (64 bytes).
    Removing stm32h7xx_hal_tim.o(i.TIM_DMADelayPulseCplt), (104 bytes).
    Removing stm32h7xx_hal_tim.o(i.TIM_DMADelayPulseHalfCplt), (64 bytes).
    Removing stm32h7xx_hal_tim.o(i.TIM_DMAError), (94 bytes).
    Removing stm32h7xx_hal_tim.o(i.TIM_DMAPeriodElapsedCplt), (26 bytes).
    Removing stm32h7xx_hal_tim.o(i.TIM_DMAPeriodElapsedHalfCplt), (14 bytes).
    Removing stm32h7xx_hal_tim.o(i.TIM_DMATriggerCplt), (26 bytes).
    Removing stm32h7xx_hal_tim.o(i.TIM_DMATriggerHalfCplt), (14 bytes).
    Removing stm32h7xx_hal_tim.o(i.TIM_ETR_SetConfig), (22 bytes).
    Removing stm32h7xx_hal_tim.o(i.TIM_ITRx_SetConfig), (24 bytes).
    Removing stm32h7xx_hal_tim.o(i.TIM_OC1_SetConfig), (172 bytes).
    Removing stm32h7xx_hal_tim.o(i.TIM_OC2_SetConfig), (180 bytes).
    Removing stm32h7xx_hal_tim.o(i.TIM_OC3_SetConfig), (180 bytes).
    Removing stm32h7xx_hal_tim.o(i.TIM_OC4_SetConfig), (116 bytes).
    Removing stm32h7xx_hal_tim.o(i.TIM_OC5_SetConfig), (112 bytes).
    Removing stm32h7xx_hal_tim.o(i.TIM_OC6_SetConfig), (112 bytes).
    Removing stm32h7xx_hal_tim.o(i.TIM_SlaveTimer_SetConfig), (296 bytes).
    Removing stm32h7xx_hal_tim.o(i.TIM_TI1_ConfigInputStage), (38 bytes).
    Removing stm32h7xx_hal_tim.o(i.TIM_TI1_SetConfig), (144 bytes).
    Removing stm32h7xx_hal_tim.o(i.TIM_TI2_ConfigInputStage), (40 bytes).
    Removing stm32h7xx_hal_tim.o(i.TIM_TI2_SetConfig), (58 bytes).
    Removing stm32h7xx_hal_tim.o(i.TIM_TI3_SetConfig), (56 bytes).
    Removing stm32h7xx_hal_tim.o(i.TIM_TI4_SetConfig), (60 bytes).
    Removing stm32h7xx_hal_tim_ex.o(.rev16_text), (4 bytes).
    Removing stm32h7xx_hal_tim_ex.o(.revsh_text), (4 bytes).
    Removing stm32h7xx_hal_tim_ex.o(.rrx_text), (6 bytes).
    Removing stm32h7xx_hal_tim_ex.o(i.HAL_TIMEx_Break2Callback), (2 bytes).
    Removing stm32h7xx_hal_tim_ex.o(i.HAL_TIMEx_BreakCallback), (2 bytes).
    Removing stm32h7xx_hal_tim_ex.o(i.HAL_TIMEx_CommutCallback), (2 bytes).
    Removing stm32h7xx_hal_tim_ex.o(i.HAL_TIMEx_CommutHalfCpltCallback), (2 bytes).
    Removing stm32h7xx_hal_tim_ex.o(i.HAL_TIMEx_ConfigBreakDeadTime), (180 bytes).
    Removing stm32h7xx_hal_tim_ex.o(i.HAL_TIMEx_ConfigBreakInput), (226 bytes).
    Removing stm32h7xx_hal_tim_ex.o(i.HAL_TIMEx_ConfigCommutEvent), (156 bytes).
    Removing stm32h7xx_hal_tim_ex.o(i.HAL_TIMEx_ConfigCommutEvent_DMA), (184 bytes).
    Removing stm32h7xx_hal_tim_ex.o(i.HAL_TIMEx_ConfigCommutEvent_IT), (156 bytes).
    Removing stm32h7xx_hal_tim_ex.o(i.HAL_TIMEx_GetChannelNState), (38 bytes).
    Removing stm32h7xx_hal_tim_ex.o(i.HAL_TIMEx_GroupChannel5), (72 bytes).
    Removing stm32h7xx_hal_tim_ex.o(i.HAL_TIMEx_HallSensor_DeInit), (96 bytes).
    Removing stm32h7xx_hal_tim_ex.o(i.HAL_TIMEx_HallSensor_GetState), (8 bytes).
    Removing stm32h7xx_hal_tim_ex.o(i.HAL_TIMEx_HallSensor_Init), (244 bytes).
    Removing stm32h7xx_hal_tim_ex.o(i.HAL_TIMEx_HallSensor_MspDeInit), (2 bytes).
    Removing stm32h7xx_hal_tim_ex.o(i.HAL_TIMEx_HallSensor_MspInit), (2 bytes).
    Removing stm32h7xx_hal_tim_ex.o(i.HAL_TIMEx_HallSensor_Start), (228 bytes).
    Removing stm32h7xx_hal_tim_ex.o(i.HAL_TIMEx_HallSensor_Start_DMA), (292 bytes).
    Removing stm32h7xx_hal_tim_ex.o(i.HAL_TIMEx_HallSensor_Start_IT), (240 bytes).
    Removing stm32h7xx_hal_tim_ex.o(i.HAL_TIMEx_HallSensor_Stop), (78 bytes).
    Removing stm32h7xx_hal_tim_ex.o(i.HAL_TIMEx_HallSensor_Stop_DMA), (84 bytes).
    Removing stm32h7xx_hal_tim_ex.o(i.HAL_TIMEx_HallSensor_Stop_IT), (90 bytes).
    Removing stm32h7xx_hal_tim_ex.o(i.HAL_TIMEx_MasterConfigSynchronization), (204 bytes).
    Removing stm32h7xx_hal_tim_ex.o(i.HAL_TIMEx_OCN_Start), (256 bytes).
    Removing stm32h7xx_hal_tim_ex.o(i.HAL_TIMEx_OCN_Start_DMA), (516 bytes).
    Removing stm32h7xx_hal_tim_ex.o(i.HAL_TIMEx_OCN_Start_IT), (340 bytes).
    Removing stm32h7xx_hal_tim_ex.o(i.HAL_TIMEx_OCN_Stop), (136 bytes).
    Removing stm32h7xx_hal_tim_ex.o(i.HAL_TIMEx_OCN_Stop_DMA), (220 bytes).
    Removing stm32h7xx_hal_tim_ex.o(i.HAL_TIMEx_OCN_Stop_IT), (230 bytes).
    Removing stm32h7xx_hal_tim_ex.o(i.HAL_TIMEx_OnePulseN_Start), (118 bytes).
    Removing stm32h7xx_hal_tim_ex.o(i.HAL_TIMEx_OnePulseN_Start_IT), (142 bytes).
    Removing stm32h7xx_hal_tim_ex.o(i.HAL_TIMEx_OnePulseN_Stop), (138 bytes).
    Removing stm32h7xx_hal_tim_ex.o(i.HAL_TIMEx_OnePulseN_Stop_IT), (162 bytes).
    Removing stm32h7xx_hal_tim_ex.o(i.HAL_TIMEx_PWMN_Start), (256 bytes).
    Removing stm32h7xx_hal_tim_ex.o(i.HAL_TIMEx_PWMN_Start_DMA), (516 bytes).
    Removing stm32h7xx_hal_tim_ex.o(i.HAL_TIMEx_PWMN_Start_IT), (340 bytes).
    Removing stm32h7xx_hal_tim_ex.o(i.HAL_TIMEx_PWMN_Stop), (136 bytes).
    Removing stm32h7xx_hal_tim_ex.o(i.HAL_TIMEx_PWMN_Stop_DMA), (220 bytes).
    Removing stm32h7xx_hal_tim_ex.o(i.HAL_TIMEx_PWMN_Stop_IT), (230 bytes).
    Removing stm32h7xx_hal_tim_ex.o(i.HAL_TIMEx_RemapConfig), (52 bytes).
    Removing stm32h7xx_hal_tim_ex.o(i.HAL_TIMEx_TISelection), (128 bytes).
    Removing stm32h7xx_hal_tim_ex.o(i.TIMEx_DMACommutationCplt), (20 bytes).
    Removing stm32h7xx_hal_tim_ex.o(i.TIMEx_DMACommutationHalfCplt), (20 bytes).
    Removing stm32h7xx_hal_tim_ex.o(i.TIM_CCxNChannelCmd), (34 bytes).
    Removing stm32h7xx_hal_tim_ex.o(i.TIM_DMADelayPulseNCplt), (104 bytes).
    Removing stm32h7xx_hal_tim_ex.o(i.TIM_DMAErrorCCxN), (68 bytes).
    Removing stm32h7xx_hal_sram.o(.rev16_text), (4 bytes).
    Removing stm32h7xx_hal_sram.o(.revsh_text), (4 bytes).
    Removing stm32h7xx_hal_sram.o(.rrx_text), (6 bytes).
    Removing stm32h7xx_hal_sram.o(i.HAL_SRAM_DMA_XferCpltCallback), (2 bytes).
    Removing stm32h7xx_hal_sram.o(i.HAL_SRAM_DMA_XferErrorCallback), (2 bytes).
    Removing stm32h7xx_hal_sram.o(i.HAL_SRAM_DeInit), (34 bytes).
    Removing stm32h7xx_hal_sram.o(i.HAL_SRAM_GetState), (8 bytes).
    Removing stm32h7xx_hal_sram.o(i.HAL_SRAM_MspDeInit), (2 bytes).
    Removing stm32h7xx_hal_sram.o(i.HAL_SRAM_MspInit), (2 bytes).
    Removing stm32h7xx_hal_sram.o(i.HAL_SRAM_Read_16b), (116 bytes).
    Removing stm32h7xx_hal_sram.o(i.HAL_SRAM_Read_32b), (96 bytes).
    Removing stm32h7xx_hal_sram.o(i.HAL_SRAM_Read_8b), (96 bytes).
    Removing stm32h7xx_hal_sram.o(i.HAL_SRAM_Read_DMA), (124 bytes).
    Removing stm32h7xx_hal_sram.o(i.HAL_SRAM_WriteOperation_Disable), (72 bytes).
    Removing stm32h7xx_hal_sram.o(i.HAL_SRAM_WriteOperation_Enable), (72 bytes).
    Removing stm32h7xx_hal_sram.o(i.HAL_SRAM_Write_16b), (128 bytes).
    Removing stm32h7xx_hal_sram.o(i.HAL_SRAM_Write_32b), (88 bytes).
    Removing stm32h7xx_hal_sram.o(i.HAL_SRAM_Write_8b), (88 bytes).
    Removing stm32h7xx_hal_sram.o(i.HAL_SRAM_Write_DMA), (108 bytes).
    Removing stm32h7xx_hal_sram.o(i.SRAM_DMACplt), (32 bytes).
    Removing stm32h7xx_hal_sram.o(i.SRAM_DMACpltProt), (32 bytes).
    Removing stm32h7xx_hal_sram.o(i.SRAM_DMAError), (32 bytes).
    Removing stm32h7xx_ll_fmc.o(.rev16_text), (4 bytes).
    Removing stm32h7xx_ll_fmc.o(.revsh_text), (4 bytes).
    Removing stm32h7xx_ll_fmc.o(.rrx_text), (6 bytes).
    Removing stm32h7xx_ll_fmc.o(i.FMC_NAND_AttributeSpace_Timing_Init), (32 bytes).
    Removing stm32h7xx_ll_fmc.o(i.FMC_NAND_CommonSpace_Timing_Init), (32 bytes).
    Removing stm32h7xx_ll_fmc.o(i.FMC_NAND_DeInit), (30 bytes).
    Removing stm32h7xx_ll_fmc.o(i.FMC_NAND_ECC_Disable), (14 bytes).
    Removing stm32h7xx_ll_fmc.o(i.FMC_NAND_ECC_Enable), (14 bytes).
    Removing stm32h7xx_ll_fmc.o(i.FMC_NAND_GetECC), (60 bytes).
    Removing stm32h7xx_ll_fmc.o(i.FMC_NAND_Init), (52 bytes).
    Removing stm32h7xx_ll_fmc.o(i.FMC_NORSRAM_DeInit), (56 bytes).
    Removing stm32h7xx_ll_fmc.o(i.FMC_NORSRAM_WriteOperation_Disable), (18 bytes).
    Removing stm32h7xx_ll_fmc.o(i.FMC_NORSRAM_WriteOperation_Enable), (18 bytes).
    Removing stm32h7xx_ll_fmc.o(i.FMC_SDRAM_DeInit), (32 bytes).
    Removing stm32h7xx_ll_fmc.o(i.FMC_SDRAM_GetModeStatus), (22 bytes).
    Removing stm32h7xx_ll_fmc.o(i.FMC_SDRAM_SetAutoRefreshNumber), (20 bytes).
    Removing stm32h7xx_ll_fmc.o(i.FMC_SDRAM_WriteProtection_Disable), (18 bytes).
    Removing stm32h7xx_ll_fmc.o(i.FMC_SDRAM_WriteProtection_Enable), (18 bytes).
    Removing stm32h7xx_hal_mdma.o(.rev16_text), (4 bytes).
    Removing stm32h7xx_hal_mdma.o(.revsh_text), (4 bytes).
    Removing stm32h7xx_hal_mdma.o(.rrx_text), (6 bytes).
    Removing stm32h7xx_hal_mdma.o(i.HAL_MDMA_Abort), (144 bytes).
    Removing stm32h7xx_hal_mdma.o(i.HAL_MDMA_Abort_IT), (46 bytes).
    Removing stm32h7xx_hal_mdma.o(i.HAL_MDMA_ConfigPostRequestMask), (110 bytes).
    Removing stm32h7xx_hal_mdma.o(i.HAL_MDMA_DeInit), (94 bytes).
    Removing stm32h7xx_hal_mdma.o(i.HAL_MDMA_GenerateSWRequest), (72 bytes).
    Removing stm32h7xx_hal_mdma.o(i.HAL_MDMA_GetError), (6 bytes).
    Removing stm32h7xx_hal_mdma.o(i.HAL_MDMA_GetState), (8 bytes).
    Removing stm32h7xx_hal_mdma.o(i.HAL_MDMA_IRQHandler), (480 bytes).
    Removing stm32h7xx_hal_mdma.o(i.HAL_MDMA_Init), (108 bytes).
    Removing stm32h7xx_hal_mdma.o(i.HAL_MDMA_LinkedList_AddNode), (228 bytes).
    Removing stm32h7xx_hal_mdma.o(i.HAL_MDMA_LinkedList_CreateNode), (272 bytes).
    Removing stm32h7xx_hal_mdma.o(i.HAL_MDMA_LinkedList_DisableCircularMode), (88 bytes).
    Removing stm32h7xx_hal_mdma.o(i.HAL_MDMA_LinkedList_EnableCircularMode), (88 bytes).
    Removing stm32h7xx_hal_mdma.o(i.HAL_MDMA_LinkedList_RemoveNode), (216 bytes).
    Removing stm32h7xx_hal_mdma.o(i.HAL_MDMA_PollForTransfer), (290 bytes).
    Removing stm32h7xx_hal_mdma.o(i.HAL_MDMA_RegisterCallback), (100 bytes).
    Removing stm32h7xx_hal_mdma.o(i.HAL_MDMA_Start), (144 bytes).
    Removing stm32h7xx_hal_mdma.o(i.HAL_MDMA_Start_IT), (204 bytes).
    Removing stm32h7xx_hal_mdma.o(i.HAL_MDMA_UnRegisterCallback), (130 bytes).
    Removing stm32h7xx_hal_mdma.o(i.MDMA_Init), (196 bytes).
    Removing stm32h7xx_hal_mdma.o(i.MDMA_SetConfig), (130 bytes).
    Removing stm32h7xx_hal_sdram.o(.rev16_text), (4 bytes).
    Removing stm32h7xx_hal_sdram.o(.revsh_text), (4 bytes).
    Removing stm32h7xx_hal_sdram.o(.rrx_text), (6 bytes).
    Removing stm32h7xx_hal_sdram.o(i.HAL_SDRAM_DMA_XferCpltCallback), (2 bytes).
    Removing stm32h7xx_hal_sdram.o(i.HAL_SDRAM_DMA_XferErrorCallback), (2 bytes).
    Removing stm32h7xx_hal_sdram.o(i.HAL_SDRAM_DeInit), (34 bytes).
    Removing stm32h7xx_hal_sdram.o(i.HAL_SDRAM_GetModeStatus), (14 bytes).
    Removing stm32h7xx_hal_sdram.o(i.HAL_SDRAM_GetState), (8 bytes).
    Removing stm32h7xx_hal_sdram.o(i.HAL_SDRAM_IRQHandler), (34 bytes).
    Removing stm32h7xx_hal_sdram.o(i.HAL_SDRAM_MspDeInit), (2 bytes).
    Removing stm32h7xx_hal_sdram.o(i.HAL_SDRAM_MspInit), (2 bytes).
    Removing stm32h7xx_hal_sdram.o(i.HAL_SDRAM_Read_16b), (120 bytes).
    Removing stm32h7xx_hal_sdram.o(i.HAL_SDRAM_Read_32b), (104 bytes).
    Removing stm32h7xx_hal_sdram.o(i.HAL_SDRAM_Read_8b), (104 bytes).
    Removing stm32h7xx_hal_sdram.o(i.HAL_SDRAM_Read_DMA), (132 bytes).
    Removing stm32h7xx_hal_sdram.o(i.HAL_SDRAM_RefreshErrorCallback), (2 bytes).
    Removing stm32h7xx_hal_sdram.o(i.HAL_SDRAM_SetAutoRefreshNumber), (54 bytes).
    Removing stm32h7xx_hal_sdram.o(i.HAL_SDRAM_WriteProtection_Disable), (50 bytes).
    Removing stm32h7xx_hal_sdram.o(i.HAL_SDRAM_WriteProtection_Enable), (52 bytes).
    Removing stm32h7xx_hal_sdram.o(i.HAL_SDRAM_Write_16b), (132 bytes).
    Removing stm32h7xx_hal_sdram.o(i.HAL_SDRAM_Write_32b), (98 bytes).
    Removing stm32h7xx_hal_sdram.o(i.HAL_SDRAM_Write_8b), (98 bytes).
    Removing stm32h7xx_hal_sdram.o(i.HAL_SDRAM_Write_DMA), (120 bytes).
    Removing stm32h7xx_hal_sdram.o(i.SDRAM_DMACplt), (32 bytes).
    Removing stm32h7xx_hal_sdram.o(i.SDRAM_DMACpltProt), (32 bytes).
    Removing stm32h7xx_hal_sdram.o(i.SDRAM_DMAError), (32 bytes).
    Removing stm32h7xx_hal_ltdc.o(.rev16_text), (4 bytes).
    Removing stm32h7xx_hal_ltdc.o(.revsh_text), (4 bytes).
    Removing stm32h7xx_hal_ltdc.o(.rrx_text), (6 bytes).
    Removing stm32h7xx_hal_ltdc.o(i.HAL_LTDC_ConfigCLUT), (176 bytes).
    Removing stm32h7xx_hal_ltdc.o(i.HAL_LTDC_ConfigColorKeying), (96 bytes).
    Removing stm32h7xx_hal_ltdc.o(i.HAL_LTDC_ConfigColorKeying_NoReload), (92 bytes).
    Removing stm32h7xx_hal_ltdc.o(i.HAL_LTDC_ConfigLayer_NoReload), (90 bytes).
    Removing stm32h7xx_hal_ltdc.o(i.HAL_LTDC_DeInit), (30 bytes).
    Removing stm32h7xx_hal_ltdc.o(i.HAL_LTDC_DisableCLUT), (76 bytes).
    Removing stm32h7xx_hal_ltdc.o(i.HAL_LTDC_DisableCLUT_NoReload), (72 bytes).
    Removing stm32h7xx_hal_ltdc.o(i.HAL_LTDC_DisableColorKeying), (76 bytes).
    Removing stm32h7xx_hal_ltdc.o(i.HAL_LTDC_DisableColorKeying_NoReload), (72 bytes).
    Removing stm32h7xx_hal_ltdc.o(i.HAL_LTDC_DisableDither), (68 bytes).
    Removing stm32h7xx_hal_ltdc.o(i.HAL_LTDC_EnableCLUT), (76 bytes).
    Removing stm32h7xx_hal_ltdc.o(i.HAL_LTDC_EnableCLUT_NoReload), (72 bytes).
    Removing stm32h7xx_hal_ltdc.o(i.HAL_LTDC_EnableColorKeying), (76 bytes).
    Removing stm32h7xx_hal_ltdc.o(i.HAL_LTDC_EnableColorKeying_NoReload), (72 bytes).
    Removing stm32h7xx_hal_ltdc.o(i.HAL_LTDC_EnableDither), (68 bytes).
    Removing stm32h7xx_hal_ltdc.o(i.HAL_LTDC_ErrorCallback), (2 bytes).
    Removing stm32h7xx_hal_ltdc.o(i.HAL_LTDC_GetError), (8 bytes).
    Removing stm32h7xx_hal_ltdc.o(i.HAL_LTDC_GetState), (8 bytes).
    Removing stm32h7xx_hal_ltdc.o(i.HAL_LTDC_IRQHandler), (244 bytes).
    Removing stm32h7xx_hal_ltdc.o(i.HAL_LTDC_LineEventCallback), (2 bytes).
    Removing stm32h7xx_hal_ltdc.o(i.HAL_LTDC_MspDeInit), (2 bytes).
    Removing stm32h7xx_hal_ltdc.o(i.HAL_LTDC_MspInit), (2 bytes).
    Removing stm32h7xx_hal_ltdc.o(i.HAL_LTDC_ProgramLineEvent), (84 bytes).
    Removing stm32h7xx_hal_ltdc.o(i.HAL_LTDC_Reload), (66 bytes).
    Removing stm32h7xx_hal_ltdc.o(i.HAL_LTDC_ReloadEventCallback), (2 bytes).
    Removing stm32h7xx_hal_ltdc.o(i.HAL_LTDC_SetAddress), (92 bytes).
    Removing stm32h7xx_hal_ltdc.o(i.HAL_LTDC_SetAddress_NoReload), (88 bytes).
    Removing stm32h7xx_hal_ltdc.o(i.HAL_LTDC_SetAlpha), (92 bytes).
    Removing stm32h7xx_hal_ltdc.o(i.HAL_LTDC_SetAlpha_NoReload), (88 bytes).
    Removing stm32h7xx_hal_ltdc.o(i.HAL_LTDC_SetPitch), (200 bytes).
    Removing stm32h7xx_hal_ltdc.o(i.HAL_LTDC_SetPitch_NoReload), (172 bytes).
    Removing stm32h7xx_hal_ltdc.o(i.HAL_LTDC_SetPixelFormat), (92 bytes).
    Removing stm32h7xx_hal_ltdc.o(i.HAL_LTDC_SetPixelFormat_NoReload), (88 bytes).
    Removing stm32h7xx_hal_ltdc.o(i.HAL_LTDC_SetWindowPosition_NoReload), (104 bytes).
    Removing stm32h7xx_hal_ltdc.o(i.HAL_LTDC_SetWindowSize_NoReload), (104 bytes).
    Removing stm32h7xx_hal_ltdc_ex.o(.rev16_text), (4 bytes).
    Removing stm32h7xx_hal_ltdc_ex.o(.revsh_text), (4 bytes).
    Removing stm32h7xx_hal_ltdc_ex.o(.rrx_text), (6 bytes).
    Removing stm32h7xx_hal_dcmi.o(.rev16_text), (4 bytes).
    Removing stm32h7xx_hal_dcmi.o(.revsh_text), (4 bytes).
    Removing stm32h7xx_hal_dcmi.o(.rrx_text), (6 bytes).
    Removing stm32h7xx_hal_dcmi.o(i.DCMI_DMAError), (36 bytes).
    Removing stm32h7xx_hal_dcmi.o(i.DCMI_DMAXferCplt), (196 bytes).
    Removing stm32h7xx_hal_dcmi.o(i.HAL_DCMI_ConfigCrop), (70 bytes).
    Removing stm32h7xx_hal_dcmi.o(i.HAL_DCMI_ConfigSyncUnmask), (74 bytes).
    Removing stm32h7xx_hal_dcmi.o(i.HAL_DCMI_DeInit), (28 bytes).
    Removing stm32h7xx_hal_dcmi.o(i.HAL_DCMI_DisableCrop), (62 bytes).
    Removing stm32h7xx_hal_dcmi.o(i.HAL_DCMI_EnableCrop), (62 bytes).
    Removing stm32h7xx_hal_dcmi.o(i.HAL_DCMI_ErrorCallback), (2 bytes).
    Removing stm32h7xx_hal_dcmi.o(i.HAL_DCMI_FrameEventCallback), (2 bytes).
    Removing stm32h7xx_hal_dcmi.o(i.HAL_DCMI_GetError), (6 bytes).
    Removing stm32h7xx_hal_dcmi.o(i.HAL_DCMI_GetState), (8 bytes).
    Removing stm32h7xx_hal_dcmi.o(i.HAL_DCMI_IRQHandler), (180 bytes).
    Removing stm32h7xx_hal_dcmi.o(i.HAL_DCMI_Init), (160 bytes).
    Removing stm32h7xx_hal_dcmi.o(i.HAL_DCMI_LineEventCallback), (2 bytes).
    Removing stm32h7xx_hal_dcmi.o(i.HAL_DCMI_MspDeInit), (2 bytes).
    Removing stm32h7xx_hal_dcmi.o(i.HAL_DCMI_MspInit), (2 bytes).
    Removing stm32h7xx_hal_dcmi.o(i.HAL_DCMI_Resume), (64 bytes).
    Removing stm32h7xx_hal_dcmi.o(i.HAL_DCMI_Start_DMA), (288 bytes).
    Removing stm32h7xx_hal_dcmi.o(i.HAL_DCMI_Stop), (144 bytes).
    Removing stm32h7xx_hal_dcmi.o(i.HAL_DCMI_Suspend), (128 bytes).
    Removing stm32h7xx_hal_dcmi.o(i.HAL_DCMI_VsyncEventCallback), (2 bytes).
    Removing stm32h7xx_hal_eth.o(.rev16_text), (4 bytes).
    Removing stm32h7xx_hal_eth.o(.revsh_text), (4 bytes).
    Removing stm32h7xx_hal_eth.o(.rrx_text), (6 bytes).
    Removing stm32h7xx_hal_eth.o(i.HAL_ETH_DMAErrorCallback), (2 bytes).
    Removing stm32h7xx_hal_eth.o(i.HAL_ETH_DeInit), (20 bytes).
    Removing stm32h7xx_hal_eth.o(i.HAL_ETH_EEECallback), (2 bytes).
    Removing stm32h7xx_hal_eth.o(i.HAL_ETH_EnterPowerDownMode), (64 bytes).
    Removing stm32h7xx_hal_eth.o(i.HAL_ETH_ExitPowerDownMode), (64 bytes).
    Removing stm32h7xx_hal_eth.o(i.HAL_ETH_GetDMAConfig), (182 bytes).
    Removing stm32h7xx_hal_eth.o(i.HAL_ETH_GetDMAError), (6 bytes).
    Removing stm32h7xx_hal_eth.o(i.HAL_ETH_GetError), (6 bytes).
    Removing stm32h7xx_hal_eth.o(i.HAL_ETH_GetMACError), (6 bytes).
    Removing stm32h7xx_hal_eth.o(i.HAL_ETH_GetMACFilterConfig), (124 bytes).
    Removing stm32h7xx_hal_eth.o(i.HAL_ETH_GetMACWakeUpSource), (8 bytes).
    Removing stm32h7xx_hal_eth.o(i.HAL_ETH_GetRxDataInfo), (182 bytes).
    Removing stm32h7xx_hal_eth.o(i.HAL_ETH_GetState), (14 bytes).
    Removing stm32h7xx_hal_eth.o(i.HAL_ETH_IRQHandler), (412 bytes).
    Removing stm32h7xx_hal_eth.o(i.HAL_ETH_MACErrorCallback), (2 bytes).
    Removing stm32h7xx_hal_eth.o(i.HAL_ETH_MspDeInit), (2 bytes).
    Removing stm32h7xx_hal_eth.o(i.HAL_ETH_MspInit), (2 bytes).
    Removing stm32h7xx_hal_eth.o(i.HAL_ETH_PMTCallback), (2 bytes).
    Removing stm32h7xx_hal_eth.o(i.HAL_ETH_RxCpltCallback), (2 bytes).
    Removing stm32h7xx_hal_eth.o(i.HAL_ETH_SetDMAConfig), (34 bytes).
    Removing stm32h7xx_hal_eth.o(i.HAL_ETH_SetHashTable), (24 bytes).
    Removing stm32h7xx_hal_eth.o(i.HAL_ETH_SetMACFilterConfig), (104 bytes).
    Removing stm32h7xx_hal_eth.o(i.HAL_ETH_SetRxVLANIdentifier), (60 bytes).
    Removing stm32h7xx_hal_eth.o(i.HAL_ETH_SetSourceMACAddrMatch), (72 bytes).
    Removing stm32h7xx_hal_eth.o(i.HAL_ETH_SetWakeUpFilter), (52 bytes).
    Removing stm32h7xx_hal_eth.o(i.HAL_ETH_Start_IT), (198 bytes).
    Removing stm32h7xx_hal_eth.o(i.HAL_ETH_Stop), (114 bytes).
    Removing stm32h7xx_hal_eth.o(i.HAL_ETH_Stop_IT), (172 bytes).
    Removing stm32h7xx_hal_eth.o(i.HAL_ETH_Transmit_IT), (100 bytes).
    Removing stm32h7xx_hal_eth.o(i.HAL_ETH_TxCpltCallback), (2 bytes).
    Removing stm32h7xx_hal_eth.o(i.HAL_ETH_WakeUpCallback), (2 bytes).
    Removing stm32h7xx_hal_eth_ex.o(.rev16_text), (4 bytes).
    Removing stm32h7xx_hal_eth_ex.o(.revsh_text), (4 bytes).
    Removing stm32h7xx_hal_eth_ex.o(.rrx_text), (6 bytes).
    Removing stm32h7xx_hal_eth_ex.o(i.HAL_ETHEx_DisableARPOffload), (14 bytes).
    Removing stm32h7xx_hal_eth_ex.o(i.HAL_ETHEx_DisableL3L4Filtering), (14 bytes).
    Removing stm32h7xx_hal_eth_ex.o(i.HAL_ETHEx_DisableVLANProcessing), (14 bytes).
    Removing stm32h7xx_hal_eth_ex.o(i.HAL_ETHEx_EnableARPOffload), (14 bytes).
    Removing stm32h7xx_hal_eth_ex.o(i.HAL_ETHEx_EnableL3L4Filtering), (14 bytes).
    Removing stm32h7xx_hal_eth_ex.o(i.HAL_ETHEx_EnableVLANProcessing), (14 bytes).
    Removing stm32h7xx_hal_eth_ex.o(i.HAL_ETHEx_EnterLPIMode), (48 bytes).
    Removing stm32h7xx_hal_eth_ex.o(i.HAL_ETHEx_ExitLPIMode), (34 bytes).
    Removing stm32h7xx_hal_eth_ex.o(i.HAL_ETHEx_GetL3FilterConfig), (172 bytes).
    Removing stm32h7xx_hal_eth_ex.o(i.HAL_ETHEx_GetL4FilterConfig), (88 bytes).
    Removing stm32h7xx_hal_eth_ex.o(i.HAL_ETHEx_GetMACLPIEvent), (8 bytes).
    Removing stm32h7xx_hal_eth_ex.o(i.HAL_ETHEx_GetRxVLANConfig), (100 bytes).
    Removing stm32h7xx_hal_eth_ex.o(i.HAL_ETHEx_GetTxVLANConfig), (78 bytes).
    Removing stm32h7xx_hal_eth_ex.o(i.HAL_ETHEx_SetARPAddressMatch), (8 bytes).
    Removing stm32h7xx_hal_eth_ex.o(i.HAL_ETHEx_SetL3FilterConfig), (136 bytes).
    Removing stm32h7xx_hal_eth_ex.o(i.HAL_ETHEx_SetL4FilterConfig), (80 bytes).
    Removing stm32h7xx_hal_eth_ex.o(i.HAL_ETHEx_SetRxVLANConfig), (80 bytes).
    Removing stm32h7xx_hal_eth_ex.o(i.HAL_ETHEx_SetTxVLANConfig), (82 bytes).
    Removing stm32h7xx_hal_eth_ex.o(i.HAL_ETHEx_SetTxVLANIdentifier), (38 bytes).
    Removing stm32h7xx_hal_eth_ex.o(i.HAL_ETHEx_SetVLANHashTable), (16 bytes).
    Removing stm32h7xx_hal_adc.o(.rev16_text), (4 bytes).
    Removing stm32h7xx_hal_adc.o(.revsh_text), (4 bytes).
    Removing stm32h7xx_hal_adc.o(.rrx_text), (6 bytes).
    Removing stm32h7xx_hal_adc.o(i.ADC_ConversionStop), (284 bytes).
    Removing stm32h7xx_hal_adc.o(i.HAL_ADC_AnalogWDGConfig), (1172 bytes).
    Removing stm32h7xx_hal_adc.o(i.HAL_ADC_DeInit), (576 bytes).
    Removing stm32h7xx_hal_adc.o(i.HAL_ADC_GetError), (6 bytes).
    Removing stm32h7xx_hal_adc.o(i.HAL_ADC_GetState), (6 bytes).
    Removing stm32h7xx_hal_adc.o(i.HAL_ADC_GetValue), (8 bytes).
    Removing stm32h7xx_hal_adc.o(i.HAL_ADC_IRQHandler), (856 bytes).
    Removing stm32h7xx_hal_adc.o(i.HAL_ADC_LevelOutOfWindowCallback), (2 bytes).
    Removing stm32h7xx_hal_adc.o(i.HAL_ADC_MspDeInit), (2 bytes).
    Removing stm32h7xx_hal_adc.o(i.HAL_ADC_MspInit), (2 bytes).
    Removing stm32h7xx_hal_adc.o(i.HAL_ADC_PollForConversion), (356 bytes).
    Removing stm32h7xx_hal_adc.o(i.HAL_ADC_PollForEvent), (258 bytes).
    Removing stm32h7xx_hal_adc.o(i.HAL_ADC_Start), (308 bytes).
    Removing stm32h7xx_hal_adc.o(i.HAL_ADC_Start_IT), (492 bytes).
    Removing stm32h7xx_hal_adc.o(i.HAL_ADC_Stop), (74 bytes).
    Removing stm32h7xx_hal_adc.o(i.HAL_ADC_Stop_DMA), (136 bytes).
    Removing stm32h7xx_hal_adc.o(i.HAL_ADC_Stop_IT), (86 bytes).
    Removing stm32h7xx_hal_adc.o(i.LL_ADC_GetMultiDMATransfer), (10 bytes).
    Removing stm32h7xx_hal_adc.o(i.LL_ADC_SetAnalogWDMonitChannels), (48 bytes).
    Removing stm32h7xx_hal_adc_ex.o(.rev16_text), (4 bytes).
    Removing stm32h7xx_hal_adc_ex.o(.revsh_text), (4 bytes).
    Removing stm32h7xx_hal_adc_ex.o(.rrx_text), (6 bytes).
    Removing stm32h7xx_hal_adc_ex.o(i.HAL_ADCEx_Calibration_GetValue), (28 bytes).
    Removing stm32h7xx_hal_adc_ex.o(i.HAL_ADCEx_Calibration_SetValue), (138 bytes).
    Removing stm32h7xx_hal_adc_ex.o(i.HAL_ADCEx_DisableInjectedQueue), (60 bytes).
    Removing stm32h7xx_hal_adc_ex.o(i.HAL_ADCEx_DisableVoltageRegulator), (40 bytes).
    Removing stm32h7xx_hal_adc_ex.o(i.HAL_ADCEx_EnableInjectedQueue), (58 bytes).
    Removing stm32h7xx_hal_adc_ex.o(i.HAL_ADCEx_EndOfSamplingCallback), (2 bytes).
    Removing stm32h7xx_hal_adc_ex.o(i.HAL_ADCEx_EnterADCDeepPowerDownMode), (44 bytes).
    Removing stm32h7xx_hal_adc_ex.o(i.HAL_ADCEx_InjectedConfigChannel), (1804 bytes).
    Removing stm32h7xx_hal_adc_ex.o(i.HAL_ADCEx_InjectedConvCpltCallback), (2 bytes).
    Removing stm32h7xx_hal_adc_ex.o(i.HAL_ADCEx_InjectedGetValue), (62 bytes).
    Removing stm32h7xx_hal_adc_ex.o(i.HAL_ADCEx_InjectedPollForConversion), (340 bytes).
    Removing stm32h7xx_hal_adc_ex.o(i.HAL_ADCEx_InjectedQueueOverflowCallback), (2 bytes).
    Removing stm32h7xx_hal_adc_ex.o(i.HAL_ADCEx_InjectedStart), (284 bytes).
    Removing stm32h7xx_hal_adc_ex.o(i.HAL_ADCEx_InjectedStart_IT), (368 bytes).
    Removing stm32h7xx_hal_adc_ex.o(i.HAL_ADCEx_InjectedStop), (92 bytes).
    Removing stm32h7xx_hal_adc_ex.o(i.HAL_ADCEx_InjectedStop_IT), (104 bytes).
    Removing stm32h7xx_hal_adc_ex.o(i.HAL_ADCEx_LevelOutOfWindow2Callback), (2 bytes).
    Removing stm32h7xx_hal_adc_ex.o(i.HAL_ADCEx_LevelOutOfWindow3Callback), (2 bytes).
    Removing stm32h7xx_hal_adc_ex.o(i.HAL_ADCEx_LinearCalibration_FactorLoad), (92 bytes).
    Removing stm32h7xx_hal_adc_ex.o(i.HAL_ADCEx_LinearCalibration_GetValue), (132 bytes).
    Removing stm32h7xx_hal_adc_ex.o(i.HAL_ADCEx_LinearCalibration_SetValue), (252 bytes).
    Removing stm32h7xx_hal_adc_ex.o(i.HAL_ADCEx_MultiModeConfigChannel), (356 bytes).
    Removing stm32h7xx_hal_adc_ex.o(i.HAL_ADCEx_MultiModeGetValue), (48 bytes).
    Removing stm32h7xx_hal_adc_ex.o(i.HAL_ADCEx_MultiModeStart_DMA), (276 bytes).
    Removing stm32h7xx_hal_adc_ex.o(i.HAL_ADCEx_MultiModeStop_DMA), (296 bytes).
    Removing stm32h7xx_hal_adc_ex.o(i.HAL_ADCEx_RegularMultiModeStop_DMA), (296 bytes).
    Removing stm32h7xx_hal_adc_ex.o(i.HAL_ADCEx_RegularStop), (100 bytes).
    Removing stm32h7xx_hal_adc_ex.o(i.HAL_ADCEx_RegularStop_DMA), (152 bytes).
    Removing stm32h7xx_hal_adc_ex.o(i.HAL_ADCEx_RegularStop_IT), (112 bytes).
    Removing stm32h7xx_hal_adc_ex.o(i.LL_ADC_GetMultimode), (10 bytes).
    Removing stm32h7xx_hal_adc_ex.o(i.LL_ADC_GetOffsetChannel), (18 bytes).
    Removing stm32h7xx_hal_adc_ex.o(i.LL_ADC_INJ_GetTrigAuto), (10 bytes).
    Removing stm32h7xx_hal_adc_ex.o(i.LL_ADC_INJ_IsConversionOngoing), (10 bytes).
    Removing stm32h7xx_hal_adc_ex.o(i.LL_ADC_INJ_StartConversion), (20 bytes).
    Removing stm32h7xx_hal_adc_ex.o(i.LL_ADC_IsEnabled), (10 bytes).
    Removing stm32h7xx_hal_adc_ex.o(i.LL_ADC_REG_IsConversionOngoing), (10 bytes).
    Removing stm32h7xx_hal_adc_ex.o(i.LL_ADC_REG_StartConversion), (16 bytes).
    Removing stm32h7xx_hal_adc_ex.o(i.LL_ADC_REG_StopConversion), (20 bytes).
    Removing stm32h7xx_hal_adc_ex.o(i.LL_ADC_SetCalibrationLinearFactor), (48 bytes).
    Removing stm32h7xx_hal_adc_ex.o(i.LL_ADC_SetChannelSamplingTime), (40 bytes).
    Removing stm32h7xx_hal_adc_ex.o(i.LL_ADC_SetCommonPathInternalCh), (12 bytes).
    Removing stm32h7xx_hal_adc_ex.o(i.LL_ADC_SetOffset), (28 bytes).
    Removing stm32h7xx_hal_flash.o(.rev16_text), (4 bytes).
    Removing stm32h7xx_hal_flash.o(.revsh_text), (4 bytes).
    Removing stm32h7xx_hal_flash.o(.rrx_text), (6 bytes).
    Removing stm32h7xx_hal_flash.o(i.FLASH_CRC_WaitForLastOperation), (208 bytes).
    Removing stm32h7xx_hal_flash.o(i.FLASH_OB_WaitForLastOperation), (96 bytes).
    Removing stm32h7xx_hal_flash.o(i.HAL_FLASH_EndOfOperationCallback), (2 bytes).
    Removing stm32h7xx_hal_flash.o(i.HAL_FLASH_GetError), (12 bytes).
    Removing stm32h7xx_hal_flash.o(i.HAL_FLASH_IRQHandler), (536 bytes).
    Removing stm32h7xx_hal_flash.o(i.HAL_FLASH_OB_Launch), (68 bytes).
    Removing stm32h7xx_hal_flash.o(i.HAL_FLASH_OB_Lock), (36 bytes).
    Removing stm32h7xx_hal_flash.o(i.HAL_FLASH_OB_Unlock), (52 bytes).
    Removing stm32h7xx_hal_flash.o(i.HAL_FLASH_OperationErrorCallback), (2 bytes).
    Removing stm32h7xx_hal_flash.o(i.HAL_FLASH_Program_IT), (292 bytes).
    Removing stm32h7xx_hal_flash_ex.o(.rev16_text), (4 bytes).
    Removing stm32h7xx_hal_flash_ex.o(.revsh_text), (4 bytes).
    Removing stm32h7xx_hal_flash_ex.o(.rrx_text), (6 bytes).
    Removing stm32h7xx_hal_flash_ex.o(i.FLASH_CRC_AddSector), (72 bytes).
    Removing stm32h7xx_hal_flash_ex.o(i.FLASH_CRC_SelectAddress), (32 bytes).
    Removing stm32h7xx_hal_flash_ex.o(i.FLASH_OB_BOR_LevelConfig), (20 bytes).
    Removing stm32h7xx_hal_flash_ex.o(i.FLASH_OB_BootAddConfig), (52 bytes).
    Removing stm32h7xx_hal_flash_ex.o(i.FLASH_OB_DisableWRP), (52 bytes).
    Removing stm32h7xx_hal_flash_ex.o(i.FLASH_OB_EnableWRP), (52 bytes).
    Removing stm32h7xx_hal_flash_ex.o(i.FLASH_OB_GetBOR), (16 bytes).
    Removing stm32h7xx_hal_flash_ex.o(i.FLASH_OB_GetBootAdd), (20 bytes).
    Removing stm32h7xx_hal_flash_ex.o(i.FLASH_OB_GetPCROP), (72 bytes).
    Removing stm32h7xx_hal_flash_ex.o(i.FLASH_OB_GetRDP), (36 bytes).
    Removing stm32h7xx_hal_flash_ex.o(i.FLASH_OB_GetSecureArea), (72 bytes).
    Removing stm32h7xx_hal_flash_ex.o(i.FLASH_OB_GetUser), (16 bytes).
    Removing stm32h7xx_hal_flash_ex.o(i.FLASH_OB_GetWRP), (52 bytes).
    Removing stm32h7xx_hal_flash_ex.o(i.FLASH_OB_PCROPConfig), (68 bytes).
    Removing stm32h7xx_hal_flash_ex.o(i.FLASH_OB_RDPConfig), (20 bytes).
    Removing stm32h7xx_hal_flash_ex.o(i.FLASH_OB_SecureAreaConfig), (76 bytes).
    Removing stm32h7xx_hal_flash_ex.o(i.FLASH_OB_UserConfig), (168 bytes).
    Removing stm32h7xx_hal_flash_ex.o(i.HAL_FLASHEx_ComputeCRC), (404 bytes).
    Removing stm32h7xx_hal_flash_ex.o(i.HAL_FLASHEx_Erase_IT), (244 bytes).
    Removing stm32h7xx_hal_flash_ex.o(i.HAL_FLASHEx_Lock_Bank1), (20 bytes).
    Removing stm32h7xx_hal_flash_ex.o(i.HAL_FLASHEx_Lock_Bank2), (28 bytes).
    Removing stm32h7xx_hal_flash_ex.o(i.HAL_FLASHEx_OBGetConfig), (106 bytes).
    Removing stm32h7xx_hal_flash_ex.o(i.HAL_FLASHEx_OBProgram), (228 bytes).
    Removing stm32h7xx_hal_flash_ex.o(i.HAL_FLASHEx_Unlock_Bank1), (52 bytes).
    Removing stm32h7xx_hal_flash_ex.o(i.HAL_FLASHEx_Unlock_Bank2), (60 bytes).
    Removing led.o(.rev16_text), (4 bytes).
    Removing led.o(.revsh_text), (4 bytes).
    Removing led.o(.rrx_text), (6 bytes).
    Removing lcd.o(.rev16_text), (4 bytes).
    Removing lcd.o(.revsh_text), (4 bytes).
    Removing lcd.o(.rrx_text), (6 bytes).
    Removing lcd.o(i.lcd_color_fill), (124 bytes).
    Removing lcd.o(i.lcd_display_off), (56 bytes).
    Removing lcd.o(i.lcd_display_on), (56 bytes).
    Removing lcd.o(i.lcd_draw_circle), (170 bytes).
    Removing lcd.o(i.lcd_draw_hline), (56 bytes).
    Removing lcd.o(i.lcd_draw_line), (172 bytes).
    Removing lcd.o(i.lcd_draw_rectangle), (74 bytes).
    Removing lcd.o(i.lcd_fill_circle), (176 bytes).
    Removing lcd.o(i.lcd_opt_delay), (12 bytes).
    Removing lcd.o(i.lcd_pow), (22 bytes).
    Removing lcd.o(i.lcd_read_point), (184 bytes).
    Removing lcd.o(i.lcd_set_window), (380 bytes).
    Removing lcd.o(i.lcd_show_num), (152 bytes).
    Removing lcd.o(i.lcd_show_xnum), (198 bytes).
    Removing key.o(.rev16_text), (4 bytes).
    Removing key.o(.revsh_text), (4 bytes).
    Removing key.o(.rrx_text), (6 bytes).
    Removing sdram.o(.rev16_text), (4 bytes).
    Removing sdram.o(.revsh_text), (4 bytes).
    Removing sdram.o(.rrx_text), (6 bytes).
    Removing sdram.o(i.fmc_sdram_read_buffer), (22 bytes).
    Removing sdram.o(i.fmc_sdram_write_buffer), (24 bytes).
    Removing ltdc.o(.rev16_text), (4 bytes).
    Removing ltdc.o(.revsh_text), (4 bytes).
    Removing ltdc.o(.rrx_text), (6 bytes).
    Removing ltdc.o(i.ltdc_color_fill), (360 bytes).
    Removing ltdc.o(i.ltdc_layer_switch), (76 bytes).
    Removing ltdc.o(i.ltdc_read_point), (80 bytes).
    Removing ltdc.o(i.ltdc_switch), (44 bytes).
    Removing mpu.o(.rev16_text), (4 bytes).
    Removing mpu.o(.revsh_text), (4 bytes).
    Removing mpu.o(.rrx_text), (6 bytes).
    Removing ethernet.o(.rev16_text), (4 bytes).
    Removing ethernet.o(.revsh_text), (4 bytes).
    Removing ethernet.o(.rrx_text), (6 bytes).
    Removing ethernet.o(i.ethernet_write_phy), (28 bytes).
    Removing ethernet_chip.o(.rev16_text), (4 bytes).
    Removing ethernet_chip.o(.revsh_text), (4 bytes).
    Removing ethernet_chip.o(.rrx_text), (6 bytes).
    Removing ethernet_chip.o(i.eth_chip_deinit), (34 bytes).
    Removing ethernet_chip.o(i.eth_chip_disable_loop_back_mode), (58 bytes).
    Removing ethernet_chip.o(i.eth_chip_disable_power_down_mode), (58 bytes).
    Removing ethernet_chip.o(i.eth_chip_enable_loop_back_mode), (58 bytes).
    Removing ethernet_chip.o(i.eth_chip_enable_power_down_mode), (58 bytes).
    Removing ethernet_chip.o(i.eth_chip_set_link_state), (110 bytes).
    Removing pcf8574.o(.rev16_text), (4 bytes).
    Removing pcf8574.o(.revsh_text), (4 bytes).
    Removing pcf8574.o(.rrx_text), (6 bytes).
    Removing pcf8574.o(i.pcf8574_read_bit), (26 bytes).
    Removing myiic.o(.rev16_text), (4 bytes).
    Removing myiic.o(.revsh_text), (4 bytes).
    Removing myiic.o(.rrx_text), (6 bytes).
    Removing adc.o(.rev16_text), (4 bytes).
    Removing adc.o(.revsh_text), (4 bytes).
    Removing adc.o(.rrx_text), (6 bytes).
    Removing adc.o(i.adc_dma_full_transfer_callback), (2 bytes).
    Removing adc.o(i.adc_dma_half_transfer_callback), (2 bytes).
    Removing adc.o(i.adc_get_result), (76 bytes).
    Removing adc.o(i.adc_get_result_average), (44 bytes).
    Removing adc.o(i.adc_init), (88 bytes).
    Removing adc.o(i.adc_nch_dma_init), (464 bytes).
    Removing malloc.o(.rev16_text), (4 bytes).
    Removing malloc.o(.revsh_text), (4 bytes).
    Removing malloc.o(.rrx_text), (6 bytes).
    Removing malloc.o(i.my_mem_copy), (26 bytes).
    Removing malloc.o(i.my_mem_free), (108 bytes).
    Removing malloc.o(i.myfree), (36 bytes).
    Removing malloc.o(i.myrealloc), (68 bytes).
    Removing def.o(i.lwip_itoa), (148 bytes).
    Removing def.o(i.lwip_stricmp), (60 bytes).
    Removing def.o(i.lwip_strnicmp), (64 bytes).
    Removing def.o(i.lwip_strnstr), (74 bytes).
    Removing inet_chksum.o(i.inet_chksum), (20 bytes).
    Removing inet_chksum.o(i.inet_chksum_pseudo), (76 bytes).
    Removing inet_chksum.o(i.inet_chksum_pseudo_partial), (80 bytes).
    Removing inet_chksum.o(i.inet_cksum_pseudo_base), (132 bytes).
    Removing inet_chksum.o(i.inet_cksum_pseudo_partial_base), (280 bytes).
    Removing inet_chksum.o(i.ip_chksum_pseudo), (36 bytes).
    Removing inet_chksum.o(i.ip_chksum_pseudo_partial), (36 bytes).
    Removing mem.o(i.mem_calloc), (46 bytes).
    Removing netif.o(i.netif_add_noaddr), (28 bytes).
    Removing netif.o(i.netif_find), (84 bytes).
    Removing netif.o(i.netif_index_to_name), (46 bytes).
    Removing netif.o(i.netif_input), (220 bytes).
    Removing netif.o(i.netif_name_to_index), (28 bytes).
    Removing netif.o(i.netif_remove), (112 bytes).
    Removing netif.o(i.netif_set_gw), (40 bytes).
    Removing netif.o(i.netif_set_ipaddr), (36 bytes).
    Removing netif.o(i.netif_set_netmask), (40 bytes).
    Removing pbuf.o(i.pbuf_add_header_force), (18 bytes).
    Removing pbuf.o(i.pbuf_coalesce), (44 bytes).
    Removing pbuf.o(i.pbuf_dechain), (256 bytes).
    Removing pbuf.o(i.pbuf_free_header), (64 bytes).
    Removing pbuf.o(i.pbuf_get_at), (28 bytes).
    Removing pbuf.o(i.pbuf_get_contiguous), (116 bytes).
    Removing pbuf.o(i.pbuf_header), (18 bytes).
    Removing pbuf.o(i.pbuf_memcmp), (112 bytes).
    Removing pbuf.o(i.pbuf_memfind), (72 bytes).
    Removing pbuf.o(i.pbuf_put_at), (42 bytes).
    Removing pbuf.o(i.pbuf_skip), (28 bytes).
    Removing pbuf.o(i.pbuf_skip_const), (34 bytes).
    Removing pbuf.o(i.pbuf_strstr), (60 bytes).
    Removing pbuf.o(i.pbuf_take_at), (256 bytes).
    Removing pbuf.o(i.pbuf_try_get_at), (46 bytes).
    Removing tcp.o(i.tcp_bind_netif), (18 bytes).
    Removing tcp.o(i.tcp_connect), (356 bytes).
    Removing tcp.o(i.tcp_debug_state_str), (16 bytes).
    Removing tcp.o(i.tcp_new_ip_type), (16 bytes).
    Removing tcp.o(i.tcp_shutdown), (114 bytes).
    Removing tcp.o(i.tcp_tcp_get_tcp_addrinfo), (44 bytes).
    Removing tcp.o(i.tcp_txnow), (36 bytes).
    Removing timeouts.o(i.sys_restart_timeouts), (48 bytes).
    Removing timeouts.o(i.sys_timeouts_sleeptime), (196 bytes).
    Removing timeouts.o(i.sys_untimeout), (80 bytes).
    Removing udp.o(i.udp_bind_netif), (18 bytes).
    Removing udp.o(i.udp_connect), (124 bytes).
    Removing udp.o(i.udp_disconnect), (32 bytes).
    Removing udp.o(i.udp_new_ip_type), (14 bytes).
    Removing udp.o(i.udp_send), (44 bytes).
    Removing etharp.o(i.etharp_find_addr), (236 bytes).
    Removing etharp.o(i.etharp_get_entry), (292 bytes).
    Removing ip4.o(i.ip4_output), (176 bytes).
    Removing ip4_addr.o(i.ip4_addr_netmask_valid), (56 bytes).
    Removing ip4_addr.o(i.ip4addr_aton), (528 bytes).
    Removing ip4_addr.o(i.ip4addr_ntoa), (20 bytes).
    Removing ip4_addr.o(i.ip4addr_ntoa_r), (168 bytes).
    Removing ip4_addr.o(i.ipaddr_addr), (24 bytes).
    Removing ip4_addr.o(.bss), (16 bytes).
    Removing ethernetif.o(.rev16_text), (4 bytes).
    Removing ethernetif.o(.revsh_text), (4 bytes).
    Removing ethernetif.o(.rrx_text), (6 bytes).
    Removing lwip_comm.o(.rev16_text), (4 bytes).
    Removing lwip_comm.o(.revsh_text), (4 bytes).
    Removing lwip_comm.o(.rrx_text), (6 bytes).
    Removing lwip_demo.o(.rev16_text), (4 bytes).
    Removing lwip_demo.o(.revsh_text), (4 bytes).
    Removing lwip_demo.o(.rrx_text), (6 bytes).
    Removing lwip_demo.o(i.lwip_tcp_server_remove_timewait), (76 bytes).
    Removing device_service.o(.rev16_text), (4 bytes).
    Removing device_service.o(.revsh_text), (4 bytes).
    Removing device_service.o(.rrx_text), (6 bytes).
    Removing protocol_text.o(i.protocol_text_format_adc), (100 bytes).
    Removing comm_lwip_udp_discover.o(.rev16_text), (4 bytes).
    Removing comm_lwip_udp_discover.o(.revsh_text), (4 bytes).
    Removing comm_lwip_udp_discover.o(.rrx_text), (6 bytes).
    Removing sensor_adc_dma.o(.rev16_text), (4 bytes).
    Removing sensor_adc_dma.o(.revsh_text), (4 bytes).
    Removing sensor_adc_dma.o(.rrx_text), (6 bytes).
    Removing flash_storage.o(.rev16_text), (4 bytes).
    Removing flash_storage.o(.revsh_text), (4 bytes).
    Removing flash_storage.o(.rrx_text), (6 bytes).
    Removing dadd.o(.text), (334 bytes).
    Removing dmul.o(.text), (228 bytes).
    Removing ddiv.o(.text), (222 bytes).
    Removing dfixul.o(.text), (48 bytes).
    Removing cdrcmple.o(.text), (48 bytes).
    Removing depilogue.o(.text), (186 bytes).

938 unused section(s) (total 88532 bytes) removed from the image.
